Archive member included to satisfy reference by file (symbol)

/opt/devkitpro/libgba/lib/libgba.a(CpuSet.o)
                              coresys_cpu.o (CpuSet)
/opt/devkitpro/libgba/lib/libgba.a(interrupt.o)
                              coretask_irq.o (irqInit)
/opt/devkitpro/libgba/lib/libgba.a(InterruptDispatcher.o)
                              /opt/devkitpro/libgba/lib/libgba.a(interrupt.o) (IntrMain)
/opt/devkitpro/devkitARM/bin/../lib/gcc/arm-none-eabi/14.2.0/thumb/libgcc.a(_arm_mulsf3.o)
                              coreutil_math.o (__aeabi_fmul)
/opt/devkitpro/devkitARM/bin/../lib/gcc/arm-none-eabi/14.2.0/thumb/libgcc.a(_udivsi3.o)
                              coreutil_memory.o (__aeabi_uidiv)
/opt/devkitpro/devkitARM/bin/../lib/gcc/arm-none-eabi/14.2.0/thumb/libgcc.a(_divsi3.o)
                              coretask_scripts.o (__aeabi_idiv)
/opt/devkitpro/devkitARM/bin/../lib/gcc/arm-none-eabi/14.2.0/thumb/libgcc.a(_dvmd_tls.o)
                              /opt/devkitpro/devkitARM/bin/../lib/gcc/arm-none-eabi/14.2.0/thumb/libgcc.a(_udivsi3.o) (__aeabi_idiv0)
/opt/devkitpro/devkitARM/bin/../lib/gcc/arm-none-eabi/14.2.0/thumb/libgcc.a(_arm_addsubsf3.o)
                              coreutil_math.o (__aeabi_fsub)
/opt/devkitpro/devkitARM/bin/../lib/gcc/arm-none-eabi/14.2.0/thumb/libgcc.a(_arm_muldivsf3.o)
                              coreutil_math.o (__aeabi_fdiv)
/opt/devkitpro/devkitARM/bin/../lib/gcc/arm-none-eabi/14.2.0/thumb/libgcc.a(_arm_cmpsf2.o)
                              coreutil_math.o (__aeabi_fcmplt)
/opt/devkitpro/devkitARM/bin/../lib/gcc/arm-none-eabi/14.2.0/thumb/libgcc.a(_arm_fixsfsi.o)
                              coregfx_color.o (__aeabi_f2iz)
/opt/devkitpro/devkitARM/bin/../lib/gcc/arm-none-eabi/14.2.0/thumb/libgcc.a(_arm_fixunssfsi.o)
                              coregfx_color.o (__aeabi_f2uiz)
/opt/devkitpro/devkitARM/bin/../lib/gcc/arm-none-eabi/14.2.0/thumb/libgcc.a(_sync_none.o)
                              (__sync_synchronize_none)
/opt/devkitpro/devkitARM/bin/../lib/gcc/arm-none-eabi/14.2.0/../../../../arm-none-eabi/lib/thumb/libg.a(libc_a-strlen-stub.o)
                              coreutil_string.o (strlen)
/opt/devkitpro/devkitARM/bin/../lib/gcc/arm-none-eabi/14.2.0/../../../../arm-none-eabi/lib/thumb/libg.a(libc_a-memset.o)
                              corekey_code.o (memset)
/opt/devkitpro/devkitARM/bin/../lib/gcc/arm-none-eabi/14.2.0/../../../../arm-none-eabi/lib/thumb/libg.a(libc_a-init.o)
                              /opt/devkitpro/devkitARM/bin/../lib/gcc/arm-none-eabi/14.2.0/../../../../arm-none-eabi/lib/thumb/gba_crt0.o (__libc_init_array)
/opt/devkitpro/devkitARM/bin/../lib/gcc/arm-none-eabi/14.2.0/../../../../arm-none-eabi/lib/thumb/libsysbase.a(libsysbase_libsysbase_a-malloc_vars.o)
                              /opt/devkitpro/devkitARM/bin/../lib/gcc/arm-none-eabi/14.2.0/../../../../arm-none-eabi/lib/thumb/gba_crt0.o (fake_heap_end)

Discarded input sections

 .text          0x00000000        0x0 /opt/devkitpro/devkitARM/bin/../lib/gcc/arm-none-eabi/14.2.0/../../../../arm-none-eabi/lib/thumb/gba_crt0.o
 .data          0x00000000        0x0 /opt/devkitpro/devkitARM/bin/../lib/gcc/arm-none-eabi/14.2.0/../../../../arm-none-eabi/lib/thumb/gba_crt0.o
 .bss           0x00000000        0x0 /opt/devkitpro/devkitARM/bin/../lib/gcc/arm-none-eabi/14.2.0/../../../../arm-none-eabi/lib/thumb/gba_crt0.o
 .text          0x00000000        0x0 /opt/devkitpro/devkitARM/bin/../lib/gcc/arm-none-eabi/14.2.0/thumb/crti.o
 .data          0x00000000        0x0 /opt/devkitpro/devkitARM/bin/../lib/gcc/arm-none-eabi/14.2.0/thumb/crti.o
 .bss           0x00000000        0x0 /opt/devkitpro/devkitARM/bin/../lib/gcc/arm-none-eabi/14.2.0/thumb/crti.o
 .text          0x00000000        0x0 /opt/devkitpro/devkitARM/bin/../lib/gcc/arm-none-eabi/14.2.0/thumb/crtbegin.o
 .data          0x00000000        0x0 /opt/devkitpro/devkitARM/bin/../lib/gcc/arm-none-eabi/14.2.0/thumb/crtbegin.o
 .bss           0x00000000        0x0 /opt/devkitpro/devkitARM/bin/../lib/gcc/arm-none-eabi/14.2.0/thumb/crtbegin.o
 .rodata.all_implied_fbits
                0x00000000       0x24 /opt/devkitpro/devkitARM/bin/../lib/gcc/arm-none-eabi/14.2.0/thumb/crtbegin.o
 .data.__dso_handle
                0x00000000        0x4 /opt/devkitpro/devkitARM/bin/../lib/gcc/arm-none-eabi/14.2.0/thumb/crtbegin.o
 .data          0x00000000        0x0 coregba.o
 .bss           0x00000000        0x0 main.o
 .text          0x00000000       0xb4 coreutil_math.o
 .data          0x00000000        0x0 coreutil_math.o
 .bss           0x00000000        0x0 coreutil_math.o
 .debug_info    0x00000000      0x1c8 coreutil_math.o
 .debug_abbrev  0x00000000       0xbd coreutil_math.o
 .debug_loclists
                0x00000000      0x106 coreutil_math.o
 .debug_aranges
                0x00000000       0x20 coreutil_math.o
 .debug_line    0x00000000      0x201 coreutil_math.o
 .debug_str     0x00000000      0x1d0 coreutil_math.o
 .comment       0x00000000       0x24 coreutil_math.o
 .debug_frame   0x00000000       0x40 coreutil_math.o
 .data          0x00000000        0x0 coreutil_memory.o
 .bss           0x00000000        0x0 coreutil_memory.o
 .data          0x00000000        0x0 coreutil_rand.o
 .data          0x00000000        0x0 coreutil_string.o
 .bss           0x00000000        0x0 coreutil_string.o
 .data          0x00000000        0x0 corekey_code.o
 .bss           0x00000000        0x0 corekey_code.o
 .data          0x00000000        0x0 corekey_num.o
 .bss           0x00000000        0x0 corekey_num.o
 .data          0x00000000        0x0 corectx_gcm.o
 .bss           0x00000000        0x0 corectx_gcm.o
 .data          0x00000000        0x0 corectx_virtual.o
 .bss           0x00000000        0x0 corectx_virtual.o
 .data          0x00000000        0x0 coregfx_basics.o
 .bss           0x00000000        0x0 coregfx_basics.o
 .text          0x00000000        0x0 coregfx_circle.o
 .data          0x00000000        0x0 coregfx_circle.o
 .bss           0x00000000        0x0 coregfx_circle.o
 .data          0x00000000        0x0 coregfx_color.o
 .text          0x00000000      0x1bc coregfx_colorpicker.o
 .data          0x00000000        0x0 coregfx_colorpicker.o
 .bss           0x00000000       0x14 coregfx_colorpicker.o
 .iwram         0x00000000      0x2c8 coregfx_colorpicker.o
 .debug_info    0x00000000      0xa0b coregfx_colorpicker.o
 .debug_abbrev  0x00000000      0x274 coregfx_colorpicker.o
 .debug_loclists
                0x00000000      0x3f7 coregfx_colorpicker.o
 .debug_aranges
                0x00000000       0x28 coregfx_colorpicker.o
 .debug_rnglists
                0x00000000       0x27 coregfx_colorpicker.o
 .debug_line    0x00000000      0x781 coregfx_colorpicker.o
 .debug_str     0x00000000      0x3ec coregfx_colorpicker.o
 .comment       0x00000000       0x24 coregfx_colorpicker.o
 .debug_frame   0x00000000       0xfc coregfx_colorpicker.o
 .text          0x00000000        0x0 coregfx_glyphs.o
 .bss           0x00000000        0x0 coregfx_glyphs.o
 .text          0x00000000        0x0 coregfx_img.o
 .bss           0x00000000        0x0 coregfx_img.o
 .text          0x00000000        0x0 coregfx_rectangle.o
 .data          0x00000000        0x0 coregfx_rectangle.o
 .bss           0x00000000        0x0 coregfx_rectangle.o
 .iwram         0x00000000      0x12c coregfx_rectangle.o
 .debug_info    0x00000000      0x31a coregfx_rectangle.o
 .debug_abbrev  0x00000000      0x15b coregfx_rectangle.o
 .debug_loclists
                0x00000000      0x356 coregfx_rectangle.o
 .debug_aranges
                0x00000000       0x20 coregfx_rectangle.o
 .debug_rnglists
                0x00000000       0x14 coregfx_rectangle.o
 .debug_line    0x00000000      0x364 coregfx_rectangle.o
 .debug_str     0x00000000      0x25b coregfx_rectangle.o
 .comment       0x00000000       0x24 coregfx_rectangle.o
 .debug_frame   0x00000000       0x3c coregfx_rectangle.o
 .text          0x00000000       0x9c coregfx_text.o
 .data          0x00000000        0x0 coregfx_text.o
 .bss           0x00000000        0x0 coregfx_text.o
 .data          0x00000000        0x0 coretask_irq.o
 .data          0x00000000        0x0 coretask_run.o
 .bss           0x00000000        0x0 coretask_run.o
 .data          0x00000000        0x0 coretask_scripts.o
 .data          0x00000000        0x0 coresys_clock.o
 .bss           0x00000000        0x0 coresys_clock.o
 .data          0x00000000        0x0 coresys_cpu.o
 .bss           0x00000000        0x0 coresys_cpu.o
 .text          0x00000000        0x0 coresys_dma.o
 .data          0x00000000        0x0 coresys_dma.o
 .bss           0x00000000        0x0 coresys_dma.o
 .debug_info    0x00000000       0x73 coresys_dma.o
 .debug_abbrev  0x00000000       0x26 coresys_dma.o
 .debug_aranges
                0x00000000       0x18 coresys_dma.o
 .debug_line    0x00000000       0x62 coresys_dma.o
 .debug_str     0x00000000      0x15d coresys_dma.o
 .comment       0x00000000       0x24 coresys_dma.o
 .data          0x00000000        0x0 coresys_malloc.o
 .data          0x00000000        0x0 /opt/devkitpro/libgba/lib/libgba.a(CpuSet.o)
 .bss           0x00000000        0x0 /opt/devkitpro/libgba/lib/libgba.a(CpuSet.o)
 .data          0x00000000        0x0 /opt/devkitpro/libgba/lib/libgba.a(interrupt.o)
 .text          0x00000000        0x0 /opt/devkitpro/libgba/lib/libgba.a(InterruptDispatcher.o)
 .data          0x00000000        0x0 /opt/devkitpro/libgba/lib/libgba.a(InterruptDispatcher.o)
 .bss           0x00000000        0x0 /opt/devkitpro/libgba/lib/libgba.a(InterruptDispatcher.o)
 .text          0x00000000      0x198 /opt/devkitpro/devkitARM/bin/../lib/gcc/arm-none-eabi/14.2.0/thumb/libgcc.a(_arm_mulsf3.o)
 .data          0x00000000        0x0 /opt/devkitpro/devkitARM/bin/../lib/gcc/arm-none-eabi/14.2.0/thumb/libgcc.a(_arm_mulsf3.o)
 .bss           0x00000000        0x0 /opt/devkitpro/devkitARM/bin/../lib/gcc/arm-none-eabi/14.2.0/thumb/libgcc.a(_arm_mulsf3.o)
 .data          0x00000000        0x0 /opt/devkitpro/devkitARM/bin/../lib/gcc/arm-none-eabi/14.2.0/thumb/libgcc.a(_udivsi3.o)
 .bss           0x00000000        0x0 /opt/devkitpro/devkitARM/bin/../lib/gcc/arm-none-eabi/14.2.0/thumb/libgcc.a(_udivsi3.o)
 .data          0x00000000        0x0 /opt/devkitpro/devkitARM/bin/../lib/gcc/arm-none-eabi/14.2.0/thumb/libgcc.a(_divsi3.o)
 .bss           0x00000000        0x0 /opt/devkitpro/devkitARM/bin/../lib/gcc/arm-none-eabi/14.2.0/thumb/libgcc.a(_divsi3.o)
 .data          0x00000000        0x0 /opt/devkitpro/devkitARM/bin/../lib/gcc/arm-none-eabi/14.2.0/thumb/libgcc.a(_dvmd_tls.o)
 .bss           0x00000000        0x0 /opt/devkitpro/devkitARM/bin/../lib/gcc/arm-none-eabi/14.2.0/thumb/libgcc.a(_dvmd_tls.o)
 .data          0x00000000        0x0 /opt/devkitpro/devkitARM/bin/../lib/gcc/arm-none-eabi/14.2.0/thumb/libgcc.a(_arm_addsubsf3.o)
 .bss           0x00000000        0x0 /opt/devkitpro/devkitARM/bin/../lib/gcc/arm-none-eabi/14.2.0/thumb/libgcc.a(_arm_addsubsf3.o)
 .data          0x00000000        0x0 /opt/devkitpro/devkitARM/bin/../lib/gcc/arm-none-eabi/14.2.0/thumb/libgcc.a(_arm_muldivsf3.o)
 .bss           0x00000000        0x0 /opt/devkitpro/devkitARM/bin/../lib/gcc/arm-none-eabi/14.2.0/thumb/libgcc.a(_arm_muldivsf3.o)
 .data          0x00000000        0x0 /opt/devkitpro/devkitARM/bin/../lib/gcc/arm-none-eabi/14.2.0/thumb/libgcc.a(_arm_cmpsf2.o)
 .bss           0x00000000        0x0 /opt/devkitpro/devkitARM/bin/../lib/gcc/arm-none-eabi/14.2.0/thumb/libgcc.a(_arm_cmpsf2.o)
 .data          0x00000000        0x0 /opt/devkitpro/devkitARM/bin/../lib/gcc/arm-none-eabi/14.2.0/thumb/libgcc.a(_arm_fixsfsi.o)
 .bss           0x00000000        0x0 /opt/devkitpro/devkitARM/bin/../lib/gcc/arm-none-eabi/14.2.0/thumb/libgcc.a(_arm_fixsfsi.o)
 .data          0x00000000        0x0 /opt/devkitpro/devkitARM/bin/../lib/gcc/arm-none-eabi/14.2.0/thumb/libgcc.a(_arm_fixunssfsi.o)
 .bss           0x00000000        0x0 /opt/devkitpro/devkitARM/bin/../lib/gcc/arm-none-eabi/14.2.0/thumb/libgcc.a(_arm_fixunssfsi.o)
 .text          0x00000000        0x4 /opt/devkitpro/devkitARM/bin/../lib/gcc/arm-none-eabi/14.2.0/thumb/libgcc.a(_sync_none.o)
 .data          0x00000000        0x0 /opt/devkitpro/devkitARM/bin/../lib/gcc/arm-none-eabi/14.2.0/thumb/libgcc.a(_sync_none.o)
 .bss           0x00000000        0x0 /opt/devkitpro/devkitARM/bin/../lib/gcc/arm-none-eabi/14.2.0/thumb/libgcc.a(_sync_none.o)
 .text          0x00000000        0x0 /opt/devkitpro/devkitARM/bin/../lib/gcc/arm-none-eabi/14.2.0/../../../../arm-none-eabi/lib/thumb/libg.a(libc_a-strlen-stub.o)
 .data          0x00000000        0x0 /opt/devkitpro/devkitARM/bin/../lib/gcc/arm-none-eabi/14.2.0/../../../../arm-none-eabi/lib/thumb/libg.a(libc_a-strlen-stub.o)
 .bss           0x00000000        0x0 /opt/devkitpro/devkitARM/bin/../lib/gcc/arm-none-eabi/14.2.0/../../../../arm-none-eabi/lib/thumb/libg.a(libc_a-strlen-stub.o)
 .text          0x00000000        0x0 /opt/devkitpro/devkitARM/bin/../lib/gcc/arm-none-eabi/14.2.0/../../../../arm-none-eabi/lib/thumb/libg.a(libc_a-memset.o)
 .data          0x00000000        0x0 /opt/devkitpro/devkitARM/bin/../lib/gcc/arm-none-eabi/14.2.0/../../../../arm-none-eabi/lib/thumb/libg.a(libc_a-memset.o)
 .bss           0x00000000        0x0 /opt/devkitpro/devkitARM/bin/../lib/gcc/arm-none-eabi/14.2.0/../../../../arm-none-eabi/lib/thumb/libg.a(libc_a-memset.o)
 .text          0x00000000        0x0 /opt/devkitpro/devkitARM/bin/../lib/gcc/arm-none-eabi/14.2.0/../../../../arm-none-eabi/lib/thumb/libg.a(libc_a-init.o)
 .data          0x00000000        0x0 /opt/devkitpro/devkitARM/bin/../lib/gcc/arm-none-eabi/14.2.0/../../../../arm-none-eabi/lib/thumb/libg.a(libc_a-init.o)
 .bss           0x00000000        0x0 /opt/devkitpro/devkitARM/bin/../lib/gcc/arm-none-eabi/14.2.0/../../../../arm-none-eabi/lib/thumb/libg.a(libc_a-init.o)
 .text          0x00000000        0x0 /opt/devkitpro/devkitARM/bin/../lib/gcc/arm-none-eabi/14.2.0/../../../../arm-none-eabi/lib/thumb/libsysbase.a(libsysbase_libsysbase_a-malloc_vars.o)
 .data          0x00000000        0x0 /opt/devkitpro/devkitARM/bin/../lib/gcc/arm-none-eabi/14.2.0/../../../../arm-none-eabi/lib/thumb/libsysbase.a(libsysbase_libsysbase_a-malloc_vars.o)
 .bss           0x00000000        0x0 /opt/devkitpro/devkitARM/bin/../lib/gcc/arm-none-eabi/14.2.0/../../../../arm-none-eabi/lib/thumb/libsysbase.a(libsysbase_libsysbase_a-malloc_vars.o)
 .bss.fake_heap_start
                0x00000000        0x4 /opt/devkitpro/devkitARM/bin/../lib/gcc/arm-none-eabi/14.2.0/../../../../arm-none-eabi/lib/thumb/libsysbase.a(libsysbase_libsysbase_a-malloc_vars.o)
 .text          0x00000000        0x0 /opt/devkitpro/devkitARM/bin/../lib/gcc/arm-none-eabi/14.2.0/thumb/crtend.o
 .data          0x00000000        0x0 /opt/devkitpro/devkitARM/bin/../lib/gcc/arm-none-eabi/14.2.0/thumb/crtend.o
 .bss           0x00000000        0x0 /opt/devkitpro/devkitARM/bin/../lib/gcc/arm-none-eabi/14.2.0/thumb/crtend.o
 .rodata.all_implied_fbits
                0x00000000       0x24 /opt/devkitpro/devkitARM/bin/../lib/gcc/arm-none-eabi/14.2.0/thumb/crtend.o
 .text          0x00000000        0x0 /opt/devkitpro/devkitARM/bin/../lib/gcc/arm-none-eabi/14.2.0/thumb/crtn.o
 .data          0x00000000        0x0 /opt/devkitpro/devkitARM/bin/../lib/gcc/arm-none-eabi/14.2.0/thumb/crtn.o
 .bss           0x00000000        0x0 /opt/devkitpro/devkitARM/bin/../lib/gcc/arm-none-eabi/14.2.0/thumb/crtn.o

Memory Configuration

Name             Origin             Length             Attributes
rom              0x08000000         0x02000000
iwram            0x03000000         0x00008000
ewram            0x02000000         0x00040000
*default*        0x00000000         0xffffffff

Linker script and memory map

                0x00000000                        __sync_synchronize = __sync_synchronize_none
                0x08000000                        __text_start = ORIGIN (rom)
                0x02040000                        __eheap_end = (ORIGIN (ewram) + LENGTH (ewram))
                0x03000000                        __iwram_start = ORIGIN (iwram)
                0x03008000                        __iwram_top = (ORIGIN (iwram) + LENGTH (iwram))
                0x03007fa0                        __sp_irq = (__iwram_top - 0x60)
                0x03007f00                        __sp_usr = (__sp_irq - 0xa0)
                0x03007ff8                        __irq_flags = 0x3007ff8
                0x08000000                        . = __text_start

.crt0           0x08000000      0x210
 *(.crt0)
 .crt0          0x08000000      0x210 /opt/devkitpro/devkitARM/bin/../lib/gcc/arm-none-eabi/14.2.0/../../../../arm-none-eabi/lib/thumb/gba_crt0.o
                0x08000000                _start
                0x080000c4                __boot_method
                0x080000c5                __slave_number
                0x080000e0                start_vector
                0x08000210                        . = ALIGN (0x4)

.init           0x08000210        0xc
 *(SORT_NONE(.init))
 .init          0x08000210        0x4 /opt/devkitpro/devkitARM/bin/../lib/gcc/arm-none-eabi/14.2.0/thumb/crti.o
                0x08000210                _init
 .init          0x08000214        0x8 /opt/devkitpro/devkitARM/bin/../lib/gcc/arm-none-eabi/14.2.0/thumb/crtn.o

.plt            0x0800021c        0x0
 *(.plt)
                0x0800021c                        . = ALIGN (0x4)

.text           0x08000220     0x2ad0
 *(EXCLUDE_FILE(*.iwram*) .text*)
 .text.__do_global_dtors_aux
                0x08000220       0x2c /opt/devkitpro/devkitARM/bin/../lib/gcc/arm-none-eabi/14.2.0/thumb/crtbegin.o
 .text.frame_dummy
                0x0800024c       0x24 /opt/devkitpro/devkitARM/bin/../lib/gcc/arm-none-eabi/14.2.0/thumb/crtbegin.o
 .text          0x08000270       0x18 coregba.o
                0x08000270                get_coregba
                0x08000278                get_callback
                0x08000280                get_basic
 .text          0x08000288       0xd0 main.o
                0x08000288                task_scripts
                0x0800028c                task_key_init
                0x080002fc                task_rendering
                0x08000354                task_irq
 .text.startup  0x08000358       0x48 main.o
                0x08000358                main
 .text          0x080003a0       0x88 coreutil_memory.o
                0x080003a0                xmemcpy
                0x080003c0                xmemset
                0x080003d0                xalloc
                0x0800040c                xfree
 .text          0x08000428       0x88 coreutil_rand.o
                0x08000428                xsrand
                0x08000450                xrand
                0x08000474                xrandint
 .text          0x080004b0      0x4fc coreutil_string.o
                0x080004b0                fnv1a_hash
                0x080004e0                xstrcmp
                0x08000510                xstrlen
                0x0800052c                xstrcpy
                0x08000560                xstrcat
                0x080005b0                xstrrchr
                0x080005dc                xstrchr
                0x08000600                xstrncpy
                0x08000640                xstrstr
                0x08000690                xstrdup
                0x080006dc                xstrtrim
                0x08000764                xitoa
                0x08000820                _split
                0x080008d4                xsplit
                0x08000958                xatoi
 .text          0x080009ac       0xac corekey_code.o
                0x080009ac                set_keycode_status
                0x080009e4                keycode_pressed
                0x08000a04                add_keycode
                0x08000a30                init_keyboard
 .text          0x08000a58       0xc0 corekey_num.o
                0x08000a58                get_key_num
                0x08000a88                keynum_replace
                0x08000aa8                keynum_execute
                0x08000ae8                key_pressed
                0x08000af8                get_key
 .text          0x08000b18      0x194 corectx_gcm.o
                0x08000b18                get_gcm
                0x08000b28                gcm_setflip
                0x08000b6c                gcm_get_active_id
                0x08000b7c                gcm_get_buffer_size
                0x08000b8c                gcm_get_active_buffer
                0x08000b9c                gcm_get_draw_buffer
                0x08000bb4                gcm_get_front_buffer
                0x08000bc4                gcm_get_back_buffer
                0x08000bd4                gcm_init_body
                0x08000c14                gcm_prepare_flip
                0x08000c64                gcm_clear_active_buffer
                0x08000c7c                gcm_clear_draw_buffer
                0x08000c9c                gcm_set_clear_color
 .text          0x08000cac       0x84 corectx_virtual.o
                0x08000cac                get_virtual
                0x08000cb8                boot_virtual
 .text          0x08000d30       0x4c coregfx_basics.o
                0x08000d30                get_px_adr
                0x08000d58                mx_put_pixel
 .text          0x08000d7c      0x530 coregfx_color.o
                0x08000d7c                rgb_to_15bit
                0x08000d8c                rgb15_to_rgb
                0x08000db8                get_stab_color
                0x08000dc0                get_color_index
                0x08000df8                replace_color
                0x08000e3c                register_color
                0x08000eac                get_color_at
                0x08000ed0                build_all_colors
                0x08001274                fast_find_color
 .text          0x080012ac      0x1b0 coretask_irq.o
                0x080012ac                irq_callback
                0x08001438                run_task_irq
 .text          0x0800145c       0x8c coretask_run.o
                0x0800145c                run_tasks
 .text          0x080014e8      0x158 coretask_scripts.o
                0x080014e8                execute_rendering
                0x08001570                run_task_script
 .text          0x08001640      0x1dc coresys_clock.o
                0x08001640                clock_init
                0x08001668                clock
                0x080016a0                clock_waittime
                0x08001708                get_fps
                0x08001764                sleep
 .text          0x0800181c      0x1e8 coresys_cpu.o
                0x0800181c                CpuFill32
                0x08001838                CpuFill16
                0x08001858                CpuFastFill
                0x08001874                CpuFill
                0x0800194c                CpuCopy32
                0x08001964                CpuCopy16
                0x08001974                CpuFastCopy
                0x08001984                CpuCopy
 .text          0x08001a04      0x364 coresys_malloc.o
                0x08001b10                mx_malloc
                0x08001c58                mx_free
                0x08001c68                mx_realloc
                0x08001ce8                mx_calloc
                0x08001d14                mmap_get_total_mem
                0x08001d1c                mmap_get_used_mem
                0x08001d2c                mmap_get_free_mem
                0x08001d38                mmap_get_total_sector
                0x08001d40                mmap_get_used_sector
                0x08001d4c                mmap_get_free_sector
                0x08001d60                mmap_get_reserved_size
 .text          0x08001d68        0x8 /opt/devkitpro/libgba/lib/libgba.a(CpuSet.o)
                0x08001d68                CpuSet
                0x08001d6c                CpuFastSet
 .text          0x08001d70      0x3c4 /opt/devkitpro/libgba/lib/libgba.a(interrupt.o)
                0x08001d70                dummy
                0x08001d74                InitInterrupt
                0x08001dd0                irqInit
                0x08001e2c                SetInterrupt
                0x08001f14                irqSet
                0x08001ffc                EnableInterrupt
                0x08002048                irqEnable
                0x0800209c                DisableInterrupt
                0x080020e8                irqDisable
 .text          0x08002134      0x11c /opt/devkitpro/devkitARM/bin/../lib/gcc/arm-none-eabi/14.2.0/thumb/libgcc.a(_udivsi3.o)
                0x08002134                __udivsi3
                0x08002134                __aeabi_uidiv
                0x08002230                __aeabi_uidivmod
 .text          0x08002250      0x150 /opt/devkitpro/devkitARM/bin/../lib/gcc/arm-none-eabi/14.2.0/thumb/libgcc.a(_divsi3.o)
                0x08002250                __aeabi_idiv
                0x08002250                __divsi3
                0x08002380                __aeabi_idivmod
 .text          0x080023a0        0x4 /opt/devkitpro/devkitARM/bin/../lib/gcc/arm-none-eabi/14.2.0/thumb/libgcc.a(_dvmd_tls.o)
                0x080023a0                __aeabi_ldiv0
                0x080023a0                __aeabi_idiv0
 .text          0x080023a4      0x2ac /opt/devkitpro/devkitARM/bin/../lib/gcc/arm-none-eabi/14.2.0/thumb/libgcc.a(_arm_addsubsf3.o)
                0x080023a4                __aeabi_frsub
                0x080023ac                __subsf3
                0x080023ac                __aeabi_fsub
                0x080023b0                __aeabi_fadd
                0x080023b0                __addsf3
                0x0800256c                __aeabi_ui2f
                0x0800256c                __floatunsisf
                0x08002574                __aeabi_i2f
                0x08002574                __floatsisf
                0x08002594                __floatundisf
                0x08002594                __aeabi_ul2f
                0x080025a4                __floatdisf
                0x080025a4                __aeabi_l2f
 .text          0x08002650      0x2f8 /opt/devkitpro/devkitARM/bin/../lib/gcc/arm-none-eabi/14.2.0/thumb/libgcc.a(_arm_muldivsf3.o)
                0x08002650                __mulsf3
                0x08002650                __aeabi_fmul
                0x080027e8                __divsf3
                0x080027e8                __aeabi_fdiv
 .text          0x08002948      0x114 /opt/devkitpro/devkitARM/bin/../lib/gcc/arm-none-eabi/14.2.0/thumb/libgcc.a(_arm_cmpsf2.o)
                0x08002948                __gtsf2
                0x08002948                __gesf2
                0x08002950                __lesf2
                0x08002950                __ltsf2
                0x08002958                __nesf2
                0x08002958                __eqsf2
                0x08002958                __cmpsf2
                0x080029bc                __aeabi_cfrcmple
                0x080029cc                __aeabi_cfcmple
                0x080029cc                __aeabi_cfcmpeq
                0x080029e4                __aeabi_fcmpeq
                0x080029fc                __aeabi_fcmplt
                0x08002a14                __aeabi_fcmple
                0x08002a2c                __aeabi_fcmpge
                0x08002a44                __aeabi_fcmpgt
 .text          0x08002a5c       0x5c /opt/devkitpro/devkitARM/bin/../lib/gcc/arm-none-eabi/14.2.0/thumb/libgcc.a(_arm_fixsfsi.o)
                0x08002a5c                __fixsfsi
                0x08002a5c                __aeabi_f2iz
 .text          0x08002ab8       0x54 /opt/devkitpro/devkitARM/bin/../lib/gcc/arm-none-eabi/14.2.0/thumb/libgcc.a(_arm_fixunssfsi.o)
                0x08002ab8                __aeabi_f2uiz
                0x08002ab8                __fixunssfsi
 .text.strlen   0x08002b0c       0x60 /opt/devkitpro/devkitARM/bin/../lib/gcc/arm-none-eabi/14.2.0/../../../../arm-none-eabi/lib/thumb/libg.a(libc_a-strlen-stub.o)
                0x08002b0c                strlen
 .text.memset   0x08002b6c       0x98 /opt/devkitpro/devkitARM/bin/../lib/gcc/arm-none-eabi/14.2.0/../../../../arm-none-eabi/lib/thumb/libg.a(libc_a-memset.o)
                0x08002b6c                memset
 .text.__libc_init_array
                0x08002c04       0x54 /opt/devkitpro/devkitARM/bin/../lib/gcc/arm-none-eabi/14.2.0/../../../../arm-none-eabi/lib/thumb/libg.a(libc_a-init.o)
                0x08002c04                __libc_init_array
 .text.__libc_init_array.__stub
                0x08002c58       0x94 linker stubs
 *(.gnu.linkonce.t.*)
 *(.text.*personality*)
 *(.gnu.warning)
 *(.glue_7t)
 .glue_7t       0x08002cf0        0x0 linker stubs
 *(.glue_7)
 .glue_7        0x08002cf0        0x0 linker stubs
 *(.vfp11_veneer)
 .vfp11_veneer  0x08002cf0        0x0 linker stubs
                0x08002cf0                        . = ALIGN (0x4)
                0x08002cf0                        __text_end = .

.v4_bx          0x08002cf0        0x0
 .v4_bx         0x08002cf0        0x0 linker stubs

.iplt           0x08002cf0        0x0
 .iplt          0x08002cf0        0x0 /opt/devkitpro/devkitARM/bin/../lib/gcc/arm-none-eabi/14.2.0/../../../../arm-none-eabi/lib/thumb/gba_crt0.o

.fini           0x08002cf0        0xc
 *(.fini)
 .fini          0x08002cf0        0x4 /opt/devkitpro/devkitARM/bin/../lib/gcc/arm-none-eabi/14.2.0/thumb/crti.o
                0x08002cf0                _fini
 .fini          0x08002cf4        0x8 /opt/devkitpro/devkitARM/bin/../lib/gcc/arm-none-eabi/14.2.0/thumb/crtn.o
                0x08002cfc                        . = ALIGN (0x4)

.rodata         0x08002cfc       0x40
 *(.rodata)
 .rodata        0x08002cfc       0x34 coregfx_text.o
 *all.rodata*(*)
 *(.roda)
 *(.rodata.*)
 .rodata.str1.4
                0x08002d30        0xc coreutil_string.o
 *(.gnu.linkonce.r*)
                0x08002d3c                        . = ALIGN (0x4)

.ARM.extab
 *(.ARM.extab* .gnu.linkonce.armextab.*)
                0x08002d3c                        __exidx_start = .

.ARM.exidx
 *(.ARM.exidx* .gnu.linkonce.armexidx.*)
                0x08002d3c                        __exidx_end = .

.ctors          0x08002d3c        0x0
 *crtbegin.o(.ctors)
 *(EXCLUDE_FILE(*crtend.o) .ctors)
 *(SORT_BY_NAME(.ctors.*))
 *(.ctors)
                0x08002d3c                        . = ALIGN (0x4)

.dtors          0x08002d3c        0x0
 *crtbegin.o(.dtors)
 *(EXCLUDE_FILE(*crtend.o) .dtors)
 *(SORT_BY_NAME(.dtors.*))
 *(.dtors)
                0x08002d3c                        . = ALIGN (0x4)

.eh_frame       0x08002d3c        0x4
 *(.eh_frame)
 .eh_frame      0x08002d3c        0x0 /opt/devkitpro/devkitARM/bin/../lib/gcc/arm-none-eabi/14.2.0/thumb/crtbegin.o
 .eh_frame      0x08002d3c        0x4 /opt/devkitpro/devkitARM/bin/../lib/gcc/arm-none-eabi/14.2.0/thumb/crtend.o
                0x08002d40                        . = ALIGN (0x4)

.gcc_except_table
                0x08002d40        0x0
 *(.gcc_except_table)
                0x08002d40                        . = ALIGN (0x4)
                0x08002d40                        __iwram_lma = .

.iwram          0x03000000      0x860 load address 0x08002d40
                0x03000000                        __iwram_start__ = ABSOLUTE (.)
 *(.iwram .iwram*)
 .iwram         0x03000000      0x208 coregfx_basics.o
                0x03000000                draw_image
                0x030000f4                print_img
 .iwram         0x03000208      0x368 coregfx_circle.o
                0x03000208                draw_circle
 .iwram         0x03000570      0x1e8 coregfx_text.o
                0x03000570                draw_text
 .iwram         0x03000758       0xb8 /opt/devkitpro/libgba/lib/libgba.a(InterruptDispatcher.o)
                0x03000758                IntrMain
 .iwram.__stub  0x03000810       0x50 linker stubs
 *iwram.*(.text* .data*)
                0x03000860                        . = ALIGN (0x4)
                0x03000860                        __iwram_end__ = ABSOLUTE (.)
                0x080035a0                        __data_lma = (__iwram_lma + SIZEOF (.iwram))

.bss            0x03000860      0x168
                0x03000860                        __bss_start = ABSOLUTE (.)
                0x03000860                        __bss_start__ = ABSOLUTE (.)
 *(.dynbss)
 *(.gnu.linkonce.b*)
 *(.bss*)
 .bss.completed.1
                0x03000860        0x1 /opt/devkitpro/devkitARM/bin/../lib/gcc/arm-none-eabi/14.2.0/thumb/crtbegin.o
 *fill*         0x03000861        0x3 
 .bss.object.0  0x03000864       0x18 /opt/devkitpro/devkitARM/bin/../lib/gcc/arm-none-eabi/14.2.0/thumb/crtbegin.o
 .bss           0x0300087c       0xb8 coregba.o
 .bss           0x03000934        0x4 coreutil_rand.o
 .bss           0x03000938        0x2 coregfx_color.o
 *fill*         0x0300093a        0x2 
 .bss           0x0300093c        0x7 coretask_irq.o
 *fill*         0x03000943        0x1 
 .bss           0x03000944        0x4 coretask_scripts.o
 .bss           0x03000948        0x3 coresys_malloc.o
 *fill*         0x0300094b        0x1 
 .bss           0x0300094c       0x78 /opt/devkitpro/libgba/lib/libgba.a(interrupt.o)
                0x0300094c                IntrTable
 .bss.fake_heap_end
                0x030009c4        0x4 /opt/devkitpro/devkitARM/bin/../lib/gcc/arm-none-eabi/14.2.0/../../../../arm-none-eabi/lib/thumb/libsysbase.a(libsysbase_libsysbase_a-malloc_vars.o)
                0x030009c4                fake_heap_end
 *(COMMON)
                0x030009c8                        . = ALIGN (0x4)
                0x030009c8                        __bss_end__ = ABSOLUTE (.)

.data           0x030009c8     0x1234 load address 0x080035a0
                0x030009c8                        __data_start__ = ABSOLUTE (.)
 *(.data*)
 .data          0x030009c8        0x8 main.o
                0x030009c8                i
                0x030009cc                u
 .data          0x030009d0      0x364 coregfx_glyphs.o
                0x030009d0                font_button_width
                0x030009dc                font_basic_width
                0x03000a3c                font_basic
 .data          0x03000d34      0xec8 coregfx_img.o
                0x03000d34                img_color_picker_bkg
                0x0300127c                img_button_select
                0x030013fc                img_button_start
                0x0300157c                img_button_R
                0x0300167c                img_button_L
                0x0300177c                img_dpad_none
                0x030017fc                img_dpad_up_down
                0x0300187c                img_dpad_left_right
                0x030018fc                img_dpad_left
                0x0300197c                img_dpad_right
                0x030019fc                img_dpad_down
                0x03001a7c                img_dpad_up
                0x03001afc                img_button_b
                0x03001b7c                img_button_a
 *(.gnu.linkonce.d*)
                0x03001bfc                        . = ALIGN (0x4)
                0x080047d4                        __preinit_lma = (__data_lma + SIZEOF (.data))

.igot.plt       0x03001bfc        0x0 load address 0x080047d4
 .igot.plt      0x03001bfc        0x0 /opt/devkitpro/devkitARM/bin/../lib/gcc/arm-none-eabi/14.2.0/../../../../arm-none-eabi/lib/thumb/gba_crt0.o

.preinit_array  0x03001bfc        0x0 load address 0x080047d4
                0x03001bfc                        __preinit_array_start = ABSOLUTE (.)
 *(.preinit_array)
                0x03001bfc                        __preinit_array_end = ABSOLUTE (.)
                0x080047d4                        __init_lma = (__preinit_lma + SIZEOF (.preinit_array))

.init_array     0x03001bfc        0x4 load address 0x080047d4
                0x03001bfc                        __init_array_start = ABSOLUTE (.)
 *(SORT_BY_NAME(.init_array.*))
 *(.init_array)
 .init_array    0x03001bfc        0x4 /opt/devkitpro/devkitARM/bin/../lib/gcc/arm-none-eabi/14.2.0/thumb/crtbegin.o
                0x03001c00                        __init_array_end = ABSOLUTE (.)
                0x080047d8                        __fini_lma = (__init_lma + SIZEOF (.init_array))

.fini_array     0x03001c00        0x4 load address 0x080047d8
                0x03001c00                        __fini_array_start = ABSOLUTE (.)
 *(SORT_BY_NAME(.fini_array.*))
 *(.fini_array)
 .fini_array    0x03001c00        0x4 /opt/devkitpro/devkitARM/bin/../lib/gcc/arm-none-eabi/14.2.0/thumb/crtbegin.o
                0x03001c04                        __fini_array_end = ABSOLUTE (.)
                0x080047dc                        __jcr_lma = (__fini_lma + SIZEOF (.fini_array))

.jcr
 *(.jcr)
                0x03001c04                        __data_end__ = ABSOLUTE (.)
                0x080047dc                        __iwram_overlay_lma = (__jcr_lma + SIZEOF (.jcr))
                0x03001c04                        __iwram_overlay_start = .

.iwram0         0x03001c04        0x0 load address 0x080047dc
 *(.iwram0)
                0x03001c04                        . = ALIGN (0x4)
                0x080047dc                        PROVIDE (__load_start_iwram0 = LOADADDR (.iwram0))
                0x080047dc                        PROVIDE (__load_stop_iwram0 = (LOADADDR (.iwram0) + SIZEOF (.iwram0)))

.iwram1         0x03001c04        0x0
 *(.iwram1)
                0x03001c04                        . = ALIGN (0x4)
                [!provide]                        PROVIDE (__load_start_iwram1 = LOADADDR (.iwram1))
                [!provide]                        PROVIDE (__load_stop_iwram1 = (LOADADDR (.iwram1) + SIZEOF (.iwram1)))

.iwram2         0x03001c04        0x0
 *(.iwram2)
                0x03001c04                        . = ALIGN (0x4)
                [!provide]                        PROVIDE (__load_start_iwram2 = LOADADDR (.iwram2))
                [!provide]                        PROVIDE (__load_stop_iwram2 = (LOADADDR (.iwram2) + SIZEOF (.iwram2)))

.iwram3         0x03001c04        0x0
 *(.iwram3)
                0x03001c04                        . = ALIGN (0x4)
                [!provide]                        PROVIDE (__load_start_iwram3 = LOADADDR (.iwram3))
                [!provide]                        PROVIDE (__load_stop_iwram3 = (LOADADDR (.iwram3) + SIZEOF (.iwram3)))

.iwram4         0x03001c04        0x0
 *(.iwram4)
                0x03001c04                        . = ALIGN (0x4)
                [!provide]                        PROVIDE (__load_start_iwram4 = LOADADDR (.iwram4))
                [!provide]                        PROVIDE (__load_stop_iwram4 = (LOADADDR (.iwram4) + SIZEOF (.iwram4)))

.iwram5         0x03001c04        0x0
 *(.iwram5)
                0x03001c04                        . = ALIGN (0x4)
                [!provide]                        PROVIDE (__load_start_iwram5 = LOADADDR (.iwram5))
                [!provide]                        PROVIDE (__load_stop_iwram5 = (LOADADDR (.iwram5) + SIZEOF (.iwram5)))

.iwram6         0x03001c04        0x0
 *(.iwram6)
                0x03001c04                        . = ALIGN (0x4)
                [!provide]                        PROVIDE (__load_start_iwram6 = LOADADDR (.iwram6))
                [!provide]                        PROVIDE (__load_stop_iwram6 = (LOADADDR (.iwram6) + SIZEOF (.iwram6)))

.iwram7         0x03001c04        0x0
 *(.iwram7)
                0x03001c04                        . = ALIGN (0x4)
                [!provide]                        PROVIDE (__load_start_iwram7 = LOADADDR (.iwram7))
                [!provide]                        PROVIDE (__load_stop_iwram7 = (LOADADDR (.iwram7) + SIZEOF (.iwram7)))

.iwram8         0x03001c04        0x0
 *(.iwram8)
                0x03001c04                        . = ALIGN (0x4)
                [!provide]                        PROVIDE (__load_start_iwram8 = LOADADDR (.iwram8))
                [!provide]                        PROVIDE (__load_stop_iwram8 = (LOADADDR (.iwram8) + SIZEOF (.iwram8)))

.iwram9         0x03001c04        0x0
 *(.iwram9)
                0x03001c04                        . = ALIGN (0x4)
                [!provide]                        PROVIDE (__load_start_iwram9 = LOADADDR (.iwram9))
                [!provide]                        PROVIDE (__load_stop_iwram9 = (LOADADDR (.iwram9) + SIZEOF (.iwram9)))
                0x03001c04                        __iwram_overlay_end = .
                0x080047dc                        __ewram_lma = (__iwram_overlay_lma + (__iwram_overlay_end - __iwram_overlay_start))
                0x03001c04                        __iheap_start = .
                0x02000000                        __ewram_start = ORIGIN (ewram)

.ewram          0x02000000    0x10810 load address 0x080047dc
 *(.ewram*)
 .ewram         0x02000000    0x10810 coresys_malloc.o
                0x02000000                _mmap
                0x02000010                _sectors
                0x02000810                _mem_heap
                0x02010810                        . = ALIGN (0x4)
                0x02010810                        __ewram_end = ABSOLUTE (.)
                0x08014fec                        __pad_lma = (__ewram_lma + SIZEOF (.ewram))

.sbss           0x02010810        0x0
                0x02010810                        __sbss_start__ = ABSOLUTE (.)
 *(.sbss*)
                0x02010810                        . = ALIGN (0x4)
                0x02010810                        __sbss_end__ = ABSOLUTE (.)
                0x02010810                        __end__ = ABSOLUTE (.)
                0x02010810                        __eheap_start = ABSOLUTE (.)

.pad            0x02010810        0x8 load address 0x08014fec
                0x02010810        0x4 LONG 0x52416b64
                0x02010814        0x4 LONG 0x4d
                0x02010818                        . = ALIGN (0x4)
                0x08014ff4                        __rom_end__ = (__pad_lma + SIZEOF (.pad))

.rel.dyn        0x02010818        0x0 load address 0x08014ff4
 .rel.iplt      0x02010818        0x0 /opt/devkitpro/devkitARM/bin/../lib/gcc/arm-none-eabi/14.2.0/../../../../arm-none-eabi/lib/thumb/gba_crt0.o

.stab
 *(.stab)

.stabstr
 *(.stabstr)

.stab.excl
 *(.stab.excl)

.stab.exclstr
 *(.stab.exclstr)

.stab.index
 *(.stab.index)

.stab.indexstr
 *(.stab.indexstr)

.comment        0x00000000       0x46
 *(.comment)
 .comment       0x00000000       0x46 /opt/devkitpro/devkitARM/bin/../lib/gcc/arm-none-eabi/14.2.0/thumb/crtbegin.o
                                 0x24 (size before relaxing)
 .comment       0x00000046       0x24 coregba.o
 .comment       0x00000046       0x24 main.o
 .comment       0x00000046       0x24 coreutil_memory.o
 .comment       0x00000046       0x24 coreutil_rand.o
 .comment       0x00000046       0x24 coreutil_string.o
 .comment       0x00000046       0x24 corekey_code.o
 .comment       0x00000046       0x24 corekey_num.o
 .comment       0x00000046       0x24 corectx_gcm.o
 .comment       0x00000046       0x24 corectx_virtual.o
 .comment       0x00000046       0x24 coregfx_basics.o
 .comment       0x00000046       0x24 coregfx_circle.o
 .comment       0x00000046       0x24 coregfx_color.o
 .comment       0x00000046       0x24 coregfx_glyphs.o
 .comment       0x00000046       0x24 coregfx_img.o
 .comment       0x00000046       0x24 coregfx_text.o
 .comment       0x00000046       0x24 coretask_irq.o
 .comment       0x00000046       0x24 coretask_run.o
 .comment       0x00000046       0x24 coretask_scripts.o
 .comment       0x00000046       0x24 coresys_clock.o
 .comment       0x00000046       0x24 coresys_cpu.o
 .comment       0x00000046       0x24 coresys_malloc.o
 .comment       0x00000046       0x24 /opt/devkitpro/libgba/lib/libgba.a(CpuSet.o)
 .comment       0x00000046       0x24 /opt/devkitpro/libgba/lib/libgba.a(interrupt.o)
 .comment       0x00000046       0x24 /opt/devkitpro/devkitARM/bin/../lib/gcc/arm-none-eabi/14.2.0/../../../../arm-none-eabi/lib/thumb/libg.a(libc_a-strlen-stub.o)
 .comment       0x00000046       0x24 /opt/devkitpro/devkitARM/bin/../lib/gcc/arm-none-eabi/14.2.0/../../../../arm-none-eabi/lib/thumb/libg.a(libc_a-memset.o)
 .comment       0x00000046       0x24 /opt/devkitpro/devkitARM/bin/../lib/gcc/arm-none-eabi/14.2.0/../../../../arm-none-eabi/lib/thumb/libg.a(libc_a-init.o)
 .comment       0x00000046       0x24 /opt/devkitpro/devkitARM/bin/../lib/gcc/arm-none-eabi/14.2.0/../../../../arm-none-eabi/lib/thumb/libsysbase.a(libsysbase_libsysbase_a-malloc_vars.o)
 .comment       0x00000046       0x24 /opt/devkitpro/devkitARM/bin/../lib/gcc/arm-none-eabi/14.2.0/thumb/crtend.o

.debug
 *(.debug)

.line
 *(.line)

.debug_srcinfo
 *(.debug_srcinfo)

.debug_sfnames
 *(.debug_sfnames)

.debug_aranges  0x00000000      0x310
 *(.debug_aranges)
 .debug_aranges
                0x00000000       0x20 coregba.o
 .debug_aranges
                0x00000020       0x28 main.o
 .debug_aranges
                0x00000048       0x20 coreutil_memory.o
 .debug_aranges
                0x00000068       0x20 coreutil_rand.o
 .debug_aranges
                0x00000088       0x20 coreutil_string.o
 .debug_aranges
                0x000000a8       0x20 corekey_code.o
 .debug_aranges
                0x000000c8       0x20 corekey_num.o
 .debug_aranges
                0x000000e8       0x20 corectx_gcm.o
 .debug_aranges
                0x00000108       0x20 corectx_virtual.o
 .debug_aranges
                0x00000128       0x30 coregfx_basics.o
 .debug_aranges
                0x00000158       0x20 coregfx_circle.o
 .debug_aranges
                0x00000178       0x20 coregfx_color.o
 .debug_aranges
                0x00000198       0x18 coregfx_glyphs.o
 .debug_aranges
                0x000001b0       0x18 coregfx_img.o
 .debug_aranges
                0x000001c8       0x28 coregfx_text.o
 .debug_aranges
                0x000001f0       0x20 coretask_irq.o
 .debug_aranges
                0x00000210       0x20 coretask_run.o
 .debug_aranges
                0x00000230       0x20 coretask_scripts.o
 .debug_aranges
                0x00000250       0x20 coresys_clock.o
 .debug_aranges
                0x00000270       0x20 coresys_cpu.o
 .debug_aranges
                0x00000290       0x20 coresys_malloc.o
 .debug_aranges
                0x000002b0       0x20 /opt/devkitpro/libgba/lib/libgba.a(CpuSet.o)
 .debug_aranges
                0x000002d0       0x20 /opt/devkitpro/libgba/lib/libgba.a(interrupt.o)
 .debug_aranges
                0x000002f0       0x20 /opt/devkitpro/libgba/lib/libgba.a(InterruptDispatcher.o)

.debug_pubnames
 *(.debug_pubnames)

.debug_info     0x00000000     0x7bc5
 *(.debug_info)
 .debug_info    0x00000000      0x3b0 coregba.o
 .debug_info    0x000003b0      0x5da main.o
 .debug_info    0x0000098a      0x34d coreutil_memory.o
 .debug_info    0x00000cd7      0x1f6 coreutil_rand.o
 .debug_info    0x00000ecd      0xc0c coreutil_string.o
 .debug_info    0x00001ad9      0x5db corekey_code.o
 .debug_info    0x000020b4      0x566 corekey_num.o
 .debug_info    0x0000261a      0x748 corectx_gcm.o
 .debug_info    0x00002d62      0x51d corectx_virtual.o
 .debug_info    0x0000327f      0x508 coregfx_basics.o
 .debug_info    0x00003787      0xa62 coregfx_circle.o
 .debug_info    0x000041e9      0x833 coregfx_color.o
 .debug_info    0x00004a1c       0xb2 coregfx_glyphs.o
 .debug_info    0x00004ace      0x1a0 coregfx_img.o
 .debug_info    0x00004c6e      0x60a coregfx_text.o
 .debug_info    0x00005278      0x6e4 coretask_irq.o
 .debug_info    0x0000595c      0x313 coretask_run.o
 .debug_info    0x00005c6f      0x46c coretask_scripts.o
 .debug_info    0x000060db      0x4b3 coresys_clock.o
 .debug_info    0x0000658e      0x8d5 coresys_cpu.o
 .debug_info    0x00006e63      0x7ef coresys_malloc.o
 .debug_info    0x00007652      0x136 /opt/devkitpro/libgba/lib/libgba.a(CpuSet.o)
 .debug_info    0x00007788      0x418 /opt/devkitpro/libgba/lib/libgba.a(interrupt.o)
 .debug_info    0x00007ba0       0x25 /opt/devkitpro/libgba/lib/libgba.a(InterruptDispatcher.o)

.debug_abbrev   0x00000000     0x28ad
 *(.debug_abbrev)
 .debug_abbrev  0x00000000       0xfb coregba.o
 .debug_abbrev  0x000000fb      0x1d8 main.o
 .debug_abbrev  0x000002d3      0x183 coreutil_memory.o
 .debug_abbrev  0x00000456      0x17d coreutil_rand.o
 .debug_abbrev  0x000005d3      0x384 coreutil_string.o
 .debug_abbrev  0x00000957      0x1a8 corekey_code.o
 .debug_abbrev  0x00000aff      0x1cf corekey_num.o
 .debug_abbrev  0x00000cce      0x21c corectx_gcm.o
 .debug_abbrev  0x00000eea      0x20a corectx_virtual.o
 .debug_abbrev  0x000010f4      0x186 coregfx_basics.o
 .debug_abbrev  0x0000127a      0x1fc coregfx_circle.o
 .debug_abbrev  0x00001476      0x24d coregfx_color.o
 .debug_abbrev  0x000016c3       0x51 coregfx_glyphs.o
 .debug_abbrev  0x00001714       0x5d coregfx_img.o
 .debug_abbrev  0x00001771      0x232 coregfx_text.o
 .debug_abbrev  0x000019a3      0x24f coretask_irq.o
 .debug_abbrev  0x00001bf2      0x146 coretask_run.o
 .debug_abbrev  0x00001d38      0x1db coretask_scripts.o
 .debug_abbrev  0x00001f13      0x1bd coresys_clock.o
 .debug_abbrev  0x000020d0      0x1bd coresys_cpu.o
 .debug_abbrev  0x0000228d      0x347 coresys_malloc.o
 .debug_abbrev  0x000025d4       0xa6 /opt/devkitpro/libgba/lib/libgba.a(CpuSet.o)
 .debug_abbrev  0x0000267a      0x21f /opt/devkitpro/libgba/lib/libgba.a(interrupt.o)
 .debug_abbrev  0x00002899       0x14 /opt/devkitpro/libgba/lib/libgba.a(InterruptDispatcher.o)

.debug_line     0x00000000     0x680b
 *(.debug_line)
 .debug_line    0x00000000      0x24b coregba.o
 .debug_line    0x0000024b      0x43d main.o
 .debug_line    0x00000688      0x2a9 coreutil_memory.o
 .debug_line    0x00000931      0x259 coreutil_rand.o
 .debug_line    0x00000b8a      0xa85 coreutil_string.o
 .debug_line    0x0000160f      0x359 corekey_code.o
 .debug_line    0x00001968      0x355 corekey_num.o
 .debug_line    0x00001cbd      0x60a corectx_gcm.o
 .debug_line    0x000022c7      0x3e9 corectx_virtual.o
 .debug_line    0x000026b0      0x4f0 coregfx_basics.o
 .debug_line    0x00002ba0      0x5b0 coregfx_circle.o
 .debug_line    0x00003150      0x8a7 coregfx_color.o
 .debug_line    0x000039f7       0xc9 coregfx_glyphs.o
 .debug_line    0x00003ac0       0xc3 coregfx_img.o
 .debug_line    0x00003b83      0x5be coregfx_text.o
 .debug_line    0x00004141      0x434 coretask_irq.o
 .debug_line    0x00004575      0x3da coretask_run.o
 .debug_line    0x0000494f      0x414 coretask_scripts.o
 .debug_line    0x00004d63      0x439 coresys_clock.o
 .debug_line    0x0000519c      0x3eb coresys_cpu.o
 .debug_line    0x00005587      0x73e coresys_malloc.o
 .debug_line    0x00005cc5      0x17e /opt/devkitpro/libgba/lib/libgba.a(CpuSet.o)
 .debug_line    0x00005e43      0x950 /opt/devkitpro/libgba/lib/libgba.a(interrupt.o)
 .debug_line    0x00006793       0x78 /opt/devkitpro/libgba/lib/libgba.a(InterruptDispatcher.o)

.debug_frame    0x00000000      0xc50
 *(.debug_frame)
 .debug_frame   0x00000000       0x40 coregba.o
 .debug_frame   0x00000040       0x7c main.o
 .debug_frame   0x000000bc       0x74 coreutil_memory.o
 .debug_frame   0x00000130       0x54 coreutil_rand.o
 .debug_frame   0x00000184      0x1b0 coreutil_string.o
 .debug_frame   0x00000334       0x78 corekey_code.o
 .debug_frame   0x000003ac       0x88 corekey_num.o
 .debug_frame   0x00000434      0x148 corectx_gcm.o
 .debug_frame   0x0000057c       0x40 corectx_virtual.o
 .debug_frame   0x000005bc       0xa0 coregfx_basics.o
 .debug_frame   0x0000065c       0x3c coregfx_circle.o
 .debug_frame   0x00000698       0xf8 coregfx_color.o
 .debug_frame   0x00000790       0x78 coregfx_text.o
 .debug_frame   0x00000808       0x4c coretask_irq.o
 .debug_frame   0x00000854       0x34 coretask_run.o
 .debug_frame   0x00000888       0x58 coretask_scripts.o
 .debug_frame   0x000008e0       0x90 coresys_clock.o
 .debug_frame   0x00000970       0xd8 coresys_cpu.o
 .debug_frame   0x00000a48      0x128 coresys_malloc.o
 .debug_frame   0x00000b70       0x30 /opt/devkitpro/libgba/lib/libgba.a(CpuSet.o)
 .debug_frame   0x00000ba0       0xb0 /opt/devkitpro/libgba/lib/libgba.a(interrupt.o)

.debug_str      0x00000000     0x164a
 *(.debug_str)
 .debug_str     0x00000000     0x164a coregba.o
                                0x31a (size before relaxing)
 .debug_str     0x0000164a      0x3f2 main.o
 .debug_str     0x0000164a      0x1f1 coreutil_memory.o
 .debug_str     0x0000164a      0x1b5 coreutil_rand.o
 .debug_str     0x0000164a      0x2d5 coreutil_string.o
 .debug_str     0x0000164a      0x425 corekey_code.o
 .debug_str     0x0000164a      0x3f2 corekey_num.o
 .debug_str     0x0000164a      0x445 corectx_gcm.o
 .debug_str     0x0000164a      0x3a9 corectx_virtual.o
 .debug_str     0x0000164a      0x298 coregfx_basics.o
 .debug_str     0x0000164a      0x278 coregfx_circle.o
 .debug_str     0x0000164a      0x308 coregfx_color.o
 .debug_str     0x0000164a      0x121 coregfx_glyphs.o
 .debug_str     0x0000164a      0x1c6 coregfx_img.o
 .debug_str     0x0000164a      0x38b coregfx_text.o
 .debug_str     0x0000164a      0x482 coretask_irq.o
 .debug_str     0x0000164a      0x2e0 coretask_run.o
 .debug_str     0x0000164a      0x31e coretask_scripts.o
 .debug_str     0x0000164a      0x229 coresys_clock.o
 .debug_str     0x0000164a      0x22f coresys_cpu.o
 .debug_str     0x0000164a      0x462 coresys_malloc.o
 .debug_str     0x0000164a      0x1a9 /opt/devkitpro/libgba/lib/libgba.a(CpuSet.o)
 .debug_str     0x0000164a      0x334 /opt/devkitpro/libgba/lib/libgba.a(interrupt.o)
 .debug_str     0x0000164a       0xba /opt/devkitpro/libgba/lib/libgba.a(InterruptDispatcher.o)

.debug_loc
 *(.debug_loc)

.debug_macinfo
 *(.debug_macinfo)

.debug_weaknames
 *(.debug_weaknames)

.debug_funcnames
 *(.debug_funcnames)

.debug_typenames
 *(.debug_typenames)

.debug_varnames
 *(.debug_varnames)

.stack          0x00080000        0x0
                0x00080000                        _stack = .
 *(.stack)

.note.gnu.arm.ident
 *(.note.gnu.arm.ident)

.ARM.attributes
                0x00000000       0x2c
 *(.ARM.attributes)
 .ARM.attributes
                0x00000000       0x20 /opt/devkitpro/devkitARM/bin/../lib/gcc/arm-none-eabi/14.2.0/../../../../arm-none-eabi/lib/thumb/gba_crt0.o
 .ARM.attributes
                0x00000020       0x1c /opt/devkitpro/devkitARM/bin/../lib/gcc/arm-none-eabi/14.2.0/thumb/crti.o
 .ARM.attributes
                0x0000003c       0x2a /opt/devkitpro/devkitARM/bin/../lib/gcc/arm-none-eabi/14.2.0/thumb/crtbegin.o
 .ARM.attributes
                0x00000066       0x2a coregba.o
 .ARM.attributes
                0x00000090       0x2a main.o
 .ARM.attributes
                0x000000ba       0x2a coreutil_math.o
 .ARM.attributes
                0x000000e4       0x2a coreutil_memory.o
 .ARM.attributes
                0x0000010e       0x2a coreutil_rand.o
 .ARM.attributes
                0x00000138       0x2a coreutil_string.o
 .ARM.attributes
                0x00000162       0x2a corekey_code.o
 .ARM.attributes
                0x0000018c       0x2a corekey_num.o
 .ARM.attributes
                0x000001b6       0x2a corectx_gcm.o
 .ARM.attributes
                0x000001e0       0x2a corectx_virtual.o
 .ARM.attributes
                0x0000020a       0x2a coregfx_basics.o
 .ARM.attributes
                0x00000234       0x2a coregfx_circle.o
 .ARM.attributes
                0x0000025e       0x2a coregfx_color.o
 .ARM.attributes
                0x00000288       0x2a coregfx_colorpicker.o
 .ARM.attributes
                0x000002b2       0x2a coregfx_glyphs.o
 .ARM.attributes
                0x000002dc       0x2a coregfx_img.o
 .ARM.attributes
                0x00000306       0x2a coregfx_rectangle.o
 .ARM.attributes
                0x00000330       0x2a coregfx_text.o
 .ARM.attributes
                0x0000035a       0x2a coretask_irq.o
 .ARM.attributes
                0x00000384       0x2a coretask_run.o
 .ARM.attributes
                0x000003ae       0x2a coretask_scripts.o
 .ARM.attributes
                0x000003d8       0x2a coresys_clock.o
 .ARM.attributes
                0x00000402       0x2a coresys_cpu.o
 .ARM.attributes
                0x0000042c       0x2a coresys_dma.o
 .ARM.attributes
                0x00000456       0x2a coresys_malloc.o
 .ARM.attributes
                0x00000480       0x2a /opt/devkitpro/libgba/lib/libgba.a(CpuSet.o)
 .ARM.attributes
                0x000004aa       0x2a /opt/devkitpro/libgba/lib/libgba.a(interrupt.o)
 .ARM.attributes
                0x000004d4       0x1a /opt/devkitpro/libgba/lib/libgba.a(InterruptDispatcher.o)
 .ARM.attributes
                0x000004ee       0x1c /opt/devkitpro/devkitARM/bin/../lib/gcc/arm-none-eabi/14.2.0/thumb/libgcc.a(_arm_mulsf3.o)
 .ARM.attributes
                0x0000050a       0x1c /opt/devkitpro/devkitARM/bin/../lib/gcc/arm-none-eabi/14.2.0/thumb/libgcc.a(_udivsi3.o)
 .ARM.attributes
                0x00000526       0x1c /opt/devkitpro/devkitARM/bin/../lib/gcc/arm-none-eabi/14.2.0/thumb/libgcc.a(_divsi3.o)
 .ARM.attributes
                0x00000542       0x1c /opt/devkitpro/devkitARM/bin/../lib/gcc/arm-none-eabi/14.2.0/thumb/libgcc.a(_dvmd_tls.o)
 .ARM.attributes
                0x0000055e       0x1c /opt/devkitpro/devkitARM/bin/../lib/gcc/arm-none-eabi/14.2.0/thumb/libgcc.a(_arm_addsubsf3.o)
 .ARM.attributes
                0x0000057a       0x1c /opt/devkitpro/devkitARM/bin/../lib/gcc/arm-none-eabi/14.2.0/thumb/libgcc.a(_arm_muldivsf3.o)
 .ARM.attributes
                0x00000596       0x1c /opt/devkitpro/devkitARM/bin/../lib/gcc/arm-none-eabi/14.2.0/thumb/libgcc.a(_arm_cmpsf2.o)
 .ARM.attributes
                0x000005b2       0x1c /opt/devkitpro/devkitARM/bin/../lib/gcc/arm-none-eabi/14.2.0/thumb/libgcc.a(_arm_fixsfsi.o)
 .ARM.attributes
                0x000005ce       0x1c /opt/devkitpro/devkitARM/bin/../lib/gcc/arm-none-eabi/14.2.0/thumb/libgcc.a(_arm_fixunssfsi.o)
 .ARM.attributes
                0x000005ea       0x1c /opt/devkitpro/devkitARM/bin/../lib/gcc/arm-none-eabi/14.2.0/thumb/libgcc.a(_sync_none.o)
 .ARM.attributes
                0x00000606       0x2a /opt/devkitpro/devkitARM/bin/../lib/gcc/arm-none-eabi/14.2.0/../../../../arm-none-eabi/lib/thumb/libg.a(libc_a-strlen-stub.o)
 .ARM.attributes
                0x00000630       0x2a /opt/devkitpro/devkitARM/bin/../lib/gcc/arm-none-eabi/14.2.0/../../../../arm-none-eabi/lib/thumb/libg.a(libc_a-memset.o)
 .ARM.attributes
                0x0000065a       0x2a /opt/devkitpro/devkitARM/bin/../lib/gcc/arm-none-eabi/14.2.0/../../../../arm-none-eabi/lib/thumb/libg.a(libc_a-init.o)
 .ARM.attributes
                0x00000684       0x2a /opt/devkitpro/devkitARM/bin/../lib/gcc/arm-none-eabi/14.2.0/../../../../arm-none-eabi/lib/thumb/libsysbase.a(libsysbase_libsysbase_a-malloc_vars.o)
 .ARM.attributes
                0x000006ae       0x2a /opt/devkitpro/devkitARM/bin/../lib/gcc/arm-none-eabi/14.2.0/thumb/crtend.o
 .ARM.attributes
                0x000006d8       0x1c /opt/devkitpro/devkitARM/bin/../lib/gcc/arm-none-eabi/14.2.0/thumb/crtn.o

/DISCARD/
 *(.note.GNU-stack)
LOAD /opt/devkitpro/devkitARM/bin/../lib/gcc/arm-none-eabi/14.2.0/../../../../arm-none-eabi/lib/thumb/gba_crt0.o
LOAD /opt/devkitpro/devkitARM/bin/../lib/gcc/arm-none-eabi/14.2.0/thumb/crti.o
LOAD /opt/devkitpro/devkitARM/bin/../lib/gcc/arm-none-eabi/14.2.0/thumb/crtbegin.o
LOAD coregba.o
LOAD main.o
LOAD coreutil_math.o
LOAD coreutil_memory.o
LOAD coreutil_rand.o
LOAD coreutil_string.o
LOAD corekey_code.o
LOAD corekey_num.o
LOAD corectx_gcm.o
LOAD corectx_virtual.o
LOAD coregfx_basics.o
LOAD coregfx_circle.o
LOAD coregfx_color.o
LOAD coregfx_colorpicker.o
LOAD coregfx_glyphs.o
LOAD coregfx_img.o
LOAD coregfx_rectangle.o
LOAD coregfx_text.o
LOAD coretask_irq.o
LOAD coretask_run.o
LOAD coretask_scripts.o
LOAD coresys_clock.o
LOAD coresys_cpu.o
LOAD coresys_dma.o
LOAD coresys_malloc.o
LOAD /opt/devkitpro/libgba/lib/libmm.a
LOAD /opt/devkitpro/libgba/lib/libgba.a
START GROUP
LOAD /opt/devkitpro/devkitARM/bin/../lib/gcc/arm-none-eabi/14.2.0/thumb/libgcc.a
LOAD /opt/devkitpro/devkitARM/bin/../lib/gcc/arm-none-eabi/14.2.0/../../../../arm-none-eabi/lib/thumb/libg.a
LOAD /opt/devkitpro/devkitARM/bin/../lib/gcc/arm-none-eabi/14.2.0/../../../../arm-none-eabi/lib/thumb/libc.a
LOAD /opt/devkitpro/devkitARM/bin/../lib/gcc/arm-none-eabi/14.2.0/../../../../arm-none-eabi/lib/thumb/libsysbase.a
END GROUP
LOAD /opt/devkitpro/devkitARM/bin/../lib/gcc/arm-none-eabi/14.2.0/thumb/crtend.o
LOAD /opt/devkitpro/devkitARM/bin/../lib/gcc/arm-none-eabi/14.2.0/thumb/crtn.o
OUTPUT(/home/lchiva/Bureau/CoreGBA/Mode-5-alpha/Mode-5-alpha.elf elf32-littlearm)
LOAD linker stubs

.debug_loclists
                0x00000000     0x4671
 .debug_loclists
                0x00000000       0x36 main.o
 .debug_loclists
                0x00000036      0x163 coreutil_memory.o
 .debug_loclists
                0x00000199      0x103 coreutil_rand.o
 .debug_loclists
                0x0000029c      0x98f coreutil_string.o
 .debug_loclists
                0x00000c2b      0x11d corekey_code.o
 .debug_loclists
                0x00000d48      0x188 corekey_num.o
 .debug_loclists
                0x00000ed0       0xf7 corectx_gcm.o
 .debug_loclists
                0x00000fc7       0x7c corectx_virtual.o
 .debug_loclists
                0x00001043      0xa15 coregfx_basics.o
 .debug_loclists
                0x00001a58      0xd21 coregfx_circle.o
 .debug_loclists
                0x00002779      0x95c coregfx_color.o
 .debug_loclists
                0x000030d5      0x39a coregfx_text.o
 .debug_loclists
                0x0000346f       0xc0 coretask_irq.o
 .debug_loclists
                0x0000352f       0x8a coretask_run.o
 .debug_loclists
                0x000035b9       0x9c coretask_scripts.o
 .debug_loclists
                0x00003655      0x18b coresys_clock.o
 .debug_loclists
                0x000037e0      0x700 coresys_cpu.o
 .debug_loclists
                0x00003ee0      0x3e3 coresys_malloc.o
 .debug_loclists
                0x000042c3       0xba /opt/devkitpro/libgba/lib/libgba.a(CpuSet.o)
 .debug_loclists
                0x0000437d      0x2f4 /opt/devkitpro/libgba/lib/libgba.a(interrupt.o)

.debug_rnglists
                0x00000000      0x450
 .debug_rnglists
                0x00000000       0x1a main.o
 .debug_rnglists
                0x0000001a       0x13 coreutil_rand.o
 .debug_rnglists
                0x0000002d       0xc3 coreutil_string.o
 .debug_rnglists
                0x000000f0       0x2f corekey_num.o
 .debug_rnglists
                0x0000011f       0x8a corectx_gcm.o
 .debug_rnglists
                0x000001a9       0x1a corectx_virtual.o
 .debug_rnglists
                0x000001c3       0x21 coregfx_basics.o
 .debug_rnglists
                0x000001e4       0xb6 coregfx_circle.o
 .debug_rnglists
                0x0000029a       0x41 coregfx_color.o
 .debug_rnglists
                0x000002db       0x69 coregfx_text.o
 .debug_rnglists
                0x00000344       0x2a coretask_irq.o
 .debug_rnglists
                0x0000036e       0x6a coresys_clock.o
 .debug_rnglists
                0x000003d8       0x22 coresys_cpu.o
 .debug_rnglists
                0x000003fa       0x13 /opt/devkitpro/libgba/lib/libgba.a(CpuSet.o)
 .debug_rnglists
                0x0000040d       0x43 /opt/devkitpro/libgba/lib/libgba.a(interrupt.o)

.debug_line_str
                0x00000000       0xae
 .debug_line_str
                0x00000000       0xae /opt/devkitpro/libgba/lib/libgba.a(InterruptDispatcher.o)
