Archive member included to satisfy reference by file (symbol)

/opt/devkitpro/libgba/lib/libgba.a(CpuSet.o)
                              coresys_cpu.o (CpuSet)
/opt/devkitpro/libgba/lib/libgba.a(interrupt.o)
                              main.o (irqInit)
/opt/devkitpro/libgba/lib/libgba.a(InterruptDispatcher.o)
                              /opt/devkitpro/libgba/lib/libgba.a(interrupt.o) (IntrMain)
/opt/devkitpro/devkitARM/bin/../lib/gcc/arm-none-eabi/14.2.0/thumb/libgcc.a(_arm_mulsf3.o)
                              coreutil_math.o (__aeabi_fmul)
/opt/devkitpro/devkitARM/bin/../lib/gcc/arm-none-eabi/14.2.0/thumb/libgcc.a(_udivsi3.o)
                              coreutil_memory.o (__aeabi_uidiv)
/opt/devkitpro/devkitARM/bin/../lib/gcc/arm-none-eabi/14.2.0/thumb/libgcc.a(_divsi3.o)
                              main.o (__aeabi_idivmod)
/opt/devkitpro/devkitARM/bin/../lib/gcc/arm-none-eabi/14.2.0/thumb/libgcc.a(_dvmd_tls.o)
                              /opt/devkitpro/devkitARM/bin/../lib/gcc/arm-none-eabi/14.2.0/thumb/libgcc.a(_udivsi3.o) (__aeabi_idiv0)
/opt/devkitpro/devkitARM/bin/../lib/gcc/arm-none-eabi/14.2.0/thumb/libgcc.a(_arm_addsubsf3.o)
                              coreutil_math.o (__aeabi_fsub)
/opt/devkitpro/devkitARM/bin/../lib/gcc/arm-none-eabi/14.2.0/thumb/libgcc.a(_arm_muldivsf3.o)
                              coreutil_math.o (__aeabi_fdiv)
/opt/devkitpro/devkitARM/bin/../lib/gcc/arm-none-eabi/14.2.0/thumb/libgcc.a(_arm_cmpsf2.o)
                              coreutil_math.o (__aeabi_fcmplt)
/opt/devkitpro/devkitARM/bin/../lib/gcc/arm-none-eabi/14.2.0/thumb/libgcc.a(_arm_fixsfsi.o)
                              coregfx_color.o (__aeabi_f2iz)
/opt/devkitpro/devkitARM/bin/../lib/gcc/arm-none-eabi/14.2.0/thumb/libgcc.a(_arm_fixunssfsi.o)
                              main.o (__aeabi_f2uiz)
/opt/devkitpro/devkitARM/bin/../lib/gcc/arm-none-eabi/14.2.0/thumb/libgcc.a(_sync_none.o)
                              (__sync_synchronize_none)
/opt/devkitpro/devkitARM/bin/../lib/gcc/arm-none-eabi/14.2.0/../../../../arm-none-eabi/lib/thumb/libg.a(libc_a-strlen-stub.o)
                              coreutil_string.o (strlen)
/opt/devkitpro/devkitARM/bin/../lib/gcc/arm-none-eabi/14.2.0/../../../../arm-none-eabi/lib/thumb/libg.a(libc_a-memset.o)
                              corekey_code.o (memset)
/opt/devkitpro/devkitARM/bin/../lib/gcc/arm-none-eabi/14.2.0/../../../../arm-none-eabi/lib/thumb/libg.a(libc_a-init.o)
                              /opt/devkitpro/devkitARM/bin/../lib/gcc/arm-none-eabi/14.2.0/../../../../arm-none-eabi/lib/thumb/gba_crt0.o (__libc_init_array)
/opt/devkitpro/devkitARM/bin/../lib/gcc/arm-none-eabi/14.2.0/../../../../arm-none-eabi/lib/thumb/libsysbase.a(libsysbase_libsysbase_a-malloc_vars.o)
                              /opt/devkitpro/devkitARM/bin/../lib/gcc/arm-none-eabi/14.2.0/../../../../arm-none-eabi/lib/thumb/gba_crt0.o (fake_heap_end)

Discarded input sections

 .text          0x00000000        0x0 /opt/devkitpro/devkitARM/bin/../lib/gcc/arm-none-eabi/14.2.0/../../../../arm-none-eabi/lib/thumb/gba_crt0.o
 .data          0x00000000        0x0 /opt/devkitpro/devkitARM/bin/../lib/gcc/arm-none-eabi/14.2.0/../../../../arm-none-eabi/lib/thumb/gba_crt0.o
 .bss           0x00000000        0x0 /opt/devkitpro/devkitARM/bin/../lib/gcc/arm-none-eabi/14.2.0/../../../../arm-none-eabi/lib/thumb/gba_crt0.o
 .text          0x00000000        0x0 /opt/devkitpro/devkitARM/bin/../lib/gcc/arm-none-eabi/14.2.0/thumb/crti.o
 .data          0x00000000        0x0 /opt/devkitpro/devkitARM/bin/../lib/gcc/arm-none-eabi/14.2.0/thumb/crti.o
 .bss           0x00000000        0x0 /opt/devkitpro/devkitARM/bin/../lib/gcc/arm-none-eabi/14.2.0/thumb/crti.o
 .text          0x00000000        0x0 /opt/devkitpro/devkitARM/bin/../lib/gcc/arm-none-eabi/14.2.0/thumb/crtbegin.o
 .data          0x00000000        0x0 /opt/devkitpro/devkitARM/bin/../lib/gcc/arm-none-eabi/14.2.0/thumb/crtbegin.o
 .bss           0x00000000        0x0 /opt/devkitpro/devkitARM/bin/../lib/gcc/arm-none-eabi/14.2.0/thumb/crtbegin.o
 .rodata.all_implied_fbits
                0x00000000       0x24 /opt/devkitpro/devkitARM/bin/../lib/gcc/arm-none-eabi/14.2.0/thumb/crtbegin.o
 .data.__dso_handle
                0x00000000        0x4 /opt/devkitpro/devkitARM/bin/../lib/gcc/arm-none-eabi/14.2.0/thumb/crtbegin.o
 .data          0x00000000        0x0 main.o
 .data          0x00000000        0x0 mxgba.o
 .text          0x00000000       0xb4 coreutil_math.o
 .data          0x00000000        0x0 coreutil_math.o
 .bss           0x00000000        0x0 coreutil_math.o
 .debug_info    0x00000000      0x1c8 coreutil_math.o
 .debug_abbrev  0x00000000       0xbd coreutil_math.o
 .debug_loclists
                0x00000000      0x106 coreutil_math.o
 .debug_aranges
                0x00000000       0x20 coreutil_math.o
 .debug_line    0x00000000      0x201 coreutil_math.o
 .debug_str     0x00000000      0x1d0 coreutil_math.o
 .comment       0x00000000       0x24 coreutil_math.o
 .debug_frame   0x00000000       0x40 coreutil_math.o
 .data          0x00000000        0x0 coreutil_memory.o
 .bss           0x00000000        0x0 coreutil_memory.o
 .data          0x00000000        0x0 coreutil_rand.o
 .data          0x00000000        0x0 coreutil_string.o
 .bss           0x00000000        0x0 coreutil_string.o
 .data          0x00000000        0x0 corekey_code.o
 .bss           0x00000000        0x0 corekey_code.o
 .data          0x00000000        0x0 corekey_num.o
 .bss           0x00000000        0x0 corekey_num.o
 .data          0x00000000        0x0 mx_gcm.o
 .bss           0x00000000        0x0 mx_gcm.o
 .data          0x00000000        0x0 mx_virtual.o
 .bss           0x00000000        0x0 mx_virtual.o
 .text          0x00000000       0x4c coregfx_basics.o
 .data          0x00000000        0x0 coregfx_basics.o
 .bss           0x00000000        0x0 coregfx_basics.o
 .text          0x00000000        0x0 coregfx_circle.o
 .data          0x00000000        0x0 coregfx_circle.o
 .bss           0x00000000        0x0 coregfx_circle.o
 .iwram         0x00000000      0x368 coregfx_circle.o
 .debug_info    0x00000000      0xa5b coregfx_circle.o
 .debug_abbrev  0x00000000      0x1fc coregfx_circle.o
 .debug_loclists
                0x00000000      0xd21 coregfx_circle.o
 .debug_aranges
                0x00000000       0x20 coregfx_circle.o
 .debug_rnglists
                0x00000000       0xb6 coregfx_circle.o
 .debug_line    0x00000000      0x57b coregfx_circle.o
 .debug_str     0x00000000      0x272 coregfx_circle.o
 .comment       0x00000000       0x24 coregfx_circle.o
 .debug_frame   0x00000000       0x3c coregfx_circle.o
 .data          0x00000000        0x0 coregfx_color.o
 .data          0x00000000        0x0 coregfx_colorpicker.o
 .iwram         0x00000000      0x2c8 coregfx_colorpicker.o
 .text          0x00000000        0x0 coregfx_glyphs.o
 .bss           0x00000000        0x0 coregfx_glyphs.o
 .text          0x00000000        0x0 coregfx_img.o
 .bss           0x00000000        0x0 coregfx_img.o
 .text          0x00000000        0x0 coregfx_rectangle.o
 .data          0x00000000        0x0 coregfx_rectangle.o
 .bss           0x00000000        0x0 coregfx_rectangle.o
 .iwram         0x00000000      0x12c coregfx_rectangle.o
 .debug_info    0x00000000      0x313 coregfx_rectangle.o
 .debug_abbrev  0x00000000      0x15b coregfx_rectangle.o
 .debug_loclists
                0x00000000      0x356 coregfx_rectangle.o
 .debug_aranges
                0x00000000       0x20 coregfx_rectangle.o
 .debug_rnglists
                0x00000000       0x14 coregfx_rectangle.o
 .debug_line    0x00000000      0x32f coregfx_rectangle.o
 .debug_str     0x00000000      0x255 coregfx_rectangle.o
 .comment       0x00000000       0x24 coregfx_rectangle.o
 .debug_frame   0x00000000       0x3c coregfx_rectangle.o
 .text          0x00000000       0x9c coregfx_text.o
 .data          0x00000000        0x0 coregfx_text.o
 .bss           0x00000000        0x0 coregfx_text.o
 .data          0x00000000        0x0 coresys_clock.o
 .bss           0x00000000        0x0 coresys_clock.o
 .data          0x00000000        0x0 coresys_cpu.o
 .bss           0x00000000        0x0 coresys_cpu.o
 .text          0x00000000        0x0 coresys_dma.o
 .data          0x00000000        0x0 coresys_dma.o
 .bss           0x00000000        0x0 coresys_dma.o
 .debug_info    0x00000000       0x6c coresys_dma.o
 .debug_abbrev  0x00000000       0x26 coresys_dma.o
 .debug_aranges
                0x00000000       0x18 coresys_dma.o
 .debug_line    0x00000000       0x62 coresys_dma.o
 .debug_str     0x00000000      0x157 coresys_dma.o
 .comment       0x00000000       0x24 coresys_dma.o
 .data          0x00000000        0x0 coresys_malloc.o
 .data          0x00000000        0x0 /opt/devkitpro/libgba/lib/libgba.a(CpuSet.o)
 .bss           0x00000000        0x0 /opt/devkitpro/libgba/lib/libgba.a(CpuSet.o)
 .data          0x00000000        0x0 /opt/devkitpro/libgba/lib/libgba.a(interrupt.o)
 .text          0x00000000        0x0 /opt/devkitpro/libgba/lib/libgba.a(InterruptDispatcher.o)
 .data          0x00000000        0x0 /opt/devkitpro/libgba/lib/libgba.a(InterruptDispatcher.o)
 .bss           0x00000000        0x0 /opt/devkitpro/libgba/lib/libgba.a(InterruptDispatcher.o)
 .text          0x00000000      0x198 /opt/devkitpro/devkitARM/bin/../lib/gcc/arm-none-eabi/14.2.0/thumb/libgcc.a(_arm_mulsf3.o)
 .data          0x00000000        0x0 /opt/devkitpro/devkitARM/bin/../lib/gcc/arm-none-eabi/14.2.0/thumb/libgcc.a(_arm_mulsf3.o)
 .bss           0x00000000        0x0 /opt/devkitpro/devkitARM/bin/../lib/gcc/arm-none-eabi/14.2.0/thumb/libgcc.a(_arm_mulsf3.o)
 .data          0x00000000        0x0 /opt/devkitpro/devkitARM/bin/../lib/gcc/arm-none-eabi/14.2.0/thumb/libgcc.a(_udivsi3.o)
 .bss           0x00000000        0x0 /opt/devkitpro/devkitARM/bin/../lib/gcc/arm-none-eabi/14.2.0/thumb/libgcc.a(_udivsi3.o)
 .data          0x00000000        0x0 /opt/devkitpro/devkitARM/bin/../lib/gcc/arm-none-eabi/14.2.0/thumb/libgcc.a(_divsi3.o)
 .bss           0x00000000        0x0 /opt/devkitpro/devkitARM/bin/../lib/gcc/arm-none-eabi/14.2.0/thumb/libgcc.a(_divsi3.o)
 .data          0x00000000        0x0 /opt/devkitpro/devkitARM/bin/../lib/gcc/arm-none-eabi/14.2.0/thumb/libgcc.a(_dvmd_tls.o)
 .bss           0x00000000        0x0 /opt/devkitpro/devkitARM/bin/../lib/gcc/arm-none-eabi/14.2.0/thumb/libgcc.a(_dvmd_tls.o)
 .data          0x00000000        0x0 /opt/devkitpro/devkitARM/bin/../lib/gcc/arm-none-eabi/14.2.0/thumb/libgcc.a(_arm_addsubsf3.o)
 .bss           0x00000000        0x0 /opt/devkitpro/devkitARM/bin/../lib/gcc/arm-none-eabi/14.2.0/thumb/libgcc.a(_arm_addsubsf3.o)
 .data          0x00000000        0x0 /opt/devkitpro/devkitARM/bin/../lib/gcc/arm-none-eabi/14.2.0/thumb/libgcc.a(_arm_muldivsf3.o)
 .bss           0x00000000        0x0 /opt/devkitpro/devkitARM/bin/../lib/gcc/arm-none-eabi/14.2.0/thumb/libgcc.a(_arm_muldivsf3.o)
 .data          0x00000000        0x0 /opt/devkitpro/devkitARM/bin/../lib/gcc/arm-none-eabi/14.2.0/thumb/libgcc.a(_arm_cmpsf2.o)
 .bss           0x00000000        0x0 /opt/devkitpro/devkitARM/bin/../lib/gcc/arm-none-eabi/14.2.0/thumb/libgcc.a(_arm_cmpsf2.o)
 .data          0x00000000        0x0 /opt/devkitpro/devkitARM/bin/../lib/gcc/arm-none-eabi/14.2.0/thumb/libgcc.a(_arm_fixsfsi.o)
 .bss           0x00000000        0x0 /opt/devkitpro/devkitARM/bin/../lib/gcc/arm-none-eabi/14.2.0/thumb/libgcc.a(_arm_fixsfsi.o)
 .data          0x00000000        0x0 /opt/devkitpro/devkitARM/bin/../lib/gcc/arm-none-eabi/14.2.0/thumb/libgcc.a(_arm_fixunssfsi.o)
 .bss           0x00000000        0x0 /opt/devkitpro/devkitARM/bin/../lib/gcc/arm-none-eabi/14.2.0/thumb/libgcc.a(_arm_fixunssfsi.o)
 .text          0x00000000        0x4 /opt/devkitpro/devkitARM/bin/../lib/gcc/arm-none-eabi/14.2.0/thumb/libgcc.a(_sync_none.o)
 .data          0x00000000        0x0 /opt/devkitpro/devkitARM/bin/../lib/gcc/arm-none-eabi/14.2.0/thumb/libgcc.a(_sync_none.o)
 .bss           0x00000000        0x0 /opt/devkitpro/devkitARM/bin/../lib/gcc/arm-none-eabi/14.2.0/thumb/libgcc.a(_sync_none.o)
 .text          0x00000000        0x0 /opt/devkitpro/devkitARM/bin/../lib/gcc/arm-none-eabi/14.2.0/../../../../arm-none-eabi/lib/thumb/libg.a(libc_a-strlen-stub.o)
 .data          0x00000000        0x0 /opt/devkitpro/devkitARM/bin/../lib/gcc/arm-none-eabi/14.2.0/../../../../arm-none-eabi/lib/thumb/libg.a(libc_a-strlen-stub.o)
 .bss           0x00000000        0x0 /opt/devkitpro/devkitARM/bin/../lib/gcc/arm-none-eabi/14.2.0/../../../../arm-none-eabi/lib/thumb/libg.a(libc_a-strlen-stub.o)
 .text          0x00000000        0x0 /opt/devkitpro/devkitARM/bin/../lib/gcc/arm-none-eabi/14.2.0/../../../../arm-none-eabi/lib/thumb/libg.a(libc_a-memset.o)
 .data          0x00000000        0x0 /opt/devkitpro/devkitARM/bin/../lib/gcc/arm-none-eabi/14.2.0/../../../../arm-none-eabi/lib/thumb/libg.a(libc_a-memset.o)
 .bss           0x00000000        0x0 /opt/devkitpro/devkitARM/bin/../lib/gcc/arm-none-eabi/14.2.0/../../../../arm-none-eabi/lib/thumb/libg.a(libc_a-memset.o)
 .text          0x00000000        0x0 /opt/devkitpro/devkitARM/bin/../lib/gcc/arm-none-eabi/14.2.0/../../../../arm-none-eabi/lib/thumb/libg.a(libc_a-init.o)
 .data          0x00000000        0x0 /opt/devkitpro/devkitARM/bin/../lib/gcc/arm-none-eabi/14.2.0/../../../../arm-none-eabi/lib/thumb/libg.a(libc_a-init.o)
 .bss           0x00000000        0x0 /opt/devkitpro/devkitARM/bin/../lib/gcc/arm-none-eabi/14.2.0/../../../../arm-none-eabi/lib/thumb/libg.a(libc_a-init.o)
 .text          0x00000000        0x0 /opt/devkitpro/devkitARM/bin/../lib/gcc/arm-none-eabi/14.2.0/../../../../arm-none-eabi/lib/thumb/libsysbase.a(libsysbase_libsysbase_a-malloc_vars.o)
 .data          0x00000000        0x0 /opt/devkitpro/devkitARM/bin/../lib/gcc/arm-none-eabi/14.2.0/../../../../arm-none-eabi/lib/thumb/libsysbase.a(libsysbase_libsysbase_a-malloc_vars.o)
 .bss           0x00000000        0x0 /opt/devkitpro/devkitARM/bin/../lib/gcc/arm-none-eabi/14.2.0/../../../../arm-none-eabi/lib/thumb/libsysbase.a(libsysbase_libsysbase_a-malloc_vars.o)
 .bss.fake_heap_start
                0x00000000        0x4 /opt/devkitpro/devkitARM/bin/../lib/gcc/arm-none-eabi/14.2.0/../../../../arm-none-eabi/lib/thumb/libsysbase.a(libsysbase_libsysbase_a-malloc_vars.o)
 .text          0x00000000        0x0 /opt/devkitpro/devkitARM/bin/../lib/gcc/arm-none-eabi/14.2.0/thumb/crtend.o
 .data          0x00000000        0x0 /opt/devkitpro/devkitARM/bin/../lib/gcc/arm-none-eabi/14.2.0/thumb/crtend.o
 .bss           0x00000000        0x0 /opt/devkitpro/devkitARM/bin/../lib/gcc/arm-none-eabi/14.2.0/thumb/crtend.o
 .rodata.all_implied_fbits
                0x00000000       0x24 /opt/devkitpro/devkitARM/bin/../lib/gcc/arm-none-eabi/14.2.0/thumb/crtend.o
 .text          0x00000000        0x0 /opt/devkitpro/devkitARM/bin/../lib/gcc/arm-none-eabi/14.2.0/thumb/crtn.o
 .data          0x00000000        0x0 /opt/devkitpro/devkitARM/bin/../lib/gcc/arm-none-eabi/14.2.0/thumb/crtn.o
 .bss           0x00000000        0x0 /opt/devkitpro/devkitARM/bin/../lib/gcc/arm-none-eabi/14.2.0/thumb/crtn.o

Memory Configuration

Name             Origin             Length             Attributes
rom              0x08000000         0x02000000
iwram            0x03000000         0x00008000
ewram            0x02000000         0x00040000
*default*        0x00000000         0xffffffff

Linker script and memory map

                0x00000000                        __sync_synchronize = __sync_synchronize_none
                0x08000000                        __text_start = ORIGIN (rom)
                0x02040000                        __eheap_end = (ORIGIN (ewram) + LENGTH (ewram))
                0x03000000                        __iwram_start = ORIGIN (iwram)
                0x03008000                        __iwram_top = (ORIGIN (iwram) + LENGTH (iwram))
                0x03007fa0                        __sp_irq = (__iwram_top - 0x60)
                0x03007f00                        __sp_usr = (__sp_irq - 0xa0)
                0x03007ff8                        __irq_flags = 0x3007ff8
                0x08000000                        . = __text_start

.crt0           0x08000000      0x210
 *(.crt0)
 .crt0          0x08000000      0x210 /opt/devkitpro/devkitARM/bin/../lib/gcc/arm-none-eabi/14.2.0/../../../../arm-none-eabi/lib/thumb/gba_crt0.o
                0x08000000                _start
                0x080000c4                __boot_method
                0x080000c5                __slave_number
                0x080000e0                start_vector
                0x08000210                        . = ALIGN (0x4)

.init           0x08000210        0xc
 *(SORT_NONE(.init))
 .init          0x08000210        0x4 /opt/devkitpro/devkitARM/bin/../lib/gcc/arm-none-eabi/14.2.0/thumb/crti.o
                0x08000210                _init
 .init          0x08000214        0x8 /opt/devkitpro/devkitARM/bin/../lib/gcc/arm-none-eabi/14.2.0/thumb/crtn.o

.plt            0x0800021c        0x0
 *(.plt)
                0x0800021c                        . = ALIGN (0x4)

.text           0x08000220     0x2c70
 *(EXCLUDE_FILE(*.iwram*) .text*)
 .text.__do_global_dtors_aux
                0x08000220       0x2c /opt/devkitpro/devkitARM/bin/../lib/gcc/arm-none-eabi/14.2.0/thumb/crtbegin.o
 .text.frame_dummy
                0x0800024c       0x24 /opt/devkitpro/devkitARM/bin/../lib/gcc/arm-none-eabi/14.2.0/thumb/crtbegin.o
 .text          0x08000270      0x368 main.o
                0x08000270                update_clear_color
                0x08000280                callback
                0x080003f0                init_keycode
                0x08000478                color_loop
                0x080004ec                execute_rendering
                0x08000550                execute_task
 .text.startup  0x080005d8       0x60 main.o
                0x080005d8                main
 .text          0x08000638        0x8 mxgba.o
                0x08000638                gmx
 .text          0x08000640       0x88 coreutil_memory.o
                0x08000640                xmemcpy
                0x08000660                xmemset
                0x08000670                xalloc
                0x080006ac                xfree
 .text          0x080006c8       0x88 coreutil_rand.o
                0x080006c8                xsrand
                0x080006f0                xrand
                0x08000714                xrandint
 .text          0x08000750      0x4fc coreutil_string.o
                0x08000750                fnv1a_hash
                0x08000780                xstrcmp
                0x080007b0                xstrlen
                0x080007cc                xstrcpy
                0x08000800                xstrcat
                0x08000850                xstrrchr
                0x0800087c                xstrchr
                0x080008a0                xstrncpy
                0x080008e0                xstrstr
                0x08000930                xstrdup
                0x0800097c                xstrtrim
                0x08000a04                xitoa
                0x08000ac0                _split
                0x08000b74                xsplit
                0x08000bf8                xatoi
 .text          0x08000c4c       0xac corekey_code.o
                0x08000c4c                set_keycode_status
                0x08000c84                keycode_pressed
                0x08000ca4                add_keycode
                0x08000cd0                init_keyboard
 .text          0x08000cf8       0xc0 corekey_num.o
                0x08000cf8                get_key_num
                0x08000d28                keynum_replace
                0x08000d48                keynum_execute
                0x08000d88                key_pressed
                0x08000d98                get_key
 .text          0x08000db8      0x194 mx_gcm.o
                0x08000db8                get_gcm
                0x08000dc8                gcm_setflip
                0x08000e0c                gcm_get_active_id
                0x08000e1c                gcm_get_buffer_size
                0x08000e2c                gcm_get_active_buffer
                0x08000e3c                gcm_get_draw_buffer
                0x08000e54                gcm_get_front_buffer
                0x08000e64                gcm_get_back_buffer
                0x08000e74                gcm_init_body
                0x08000eb4                gcm_prepare_flip
                0x08000f04                gcm_clear_active_buffer
                0x08000f1c                gcm_clear_draw_buffer
                0x08000f3c                gcm_set_clear_color
 .text          0x08000f4c      0x130 mx_virtual.o
                0x08000f4c                get_virtual
                0x08000f58                set_virtual_mode
                0x08000fe8                set_virtual_timer
                0x0800100c                boot_virtual_loader
 .text          0x0800107c      0x530 coregfx_color.o
                0x0800107c                rgb_to_15bit
                0x0800108c                rgb15_to_rgb
                0x080010b8                get_stab_color
                0x080010c0                get_color_index
                0x080010f8                replace_color
                0x0800113c                register_color
                0x080011ac                get_color_at
                0x080011d0                build_all_colors
                0x08001574                fast_find_color
 .text          0x080015ac      0x1bc coregfx_colorpicker.o
                0x08001624                get_color_picker_status
                0x08001630                color_picker_set_control
                0x08001694                color_picker_unset_control
                0x080016d8                dump_screen_section
 .text          0x08001768      0x274 coresys_clock.o
                0x08001768                clock_init
                0x08001790                clock
                0x080017c8                clock_waittime
                0x08001830                get_fps
                0x0800188c                sleep
                0x08001944                usleep
 .text          0x080019dc      0x1e8 coresys_cpu.o
                0x080019dc                CpuFill32
                0x080019f8                CpuFill16
                0x08001a18                CpuFastFill
                0x08001a34                CpuFill
                0x08001b0c                CpuCopy32
                0x08001b24                CpuCopy16
                0x08001b34                CpuFastCopy
                0x08001b44                CpuCopy
 .text          0x08001bc4      0x364 coresys_malloc.o
                0x08001cd0                mx_malloc
                0x08001e18                mx_free
                0x08001e28                mx_realloc
                0x08001ea8                mx_calloc
                0x08001ed4                mmap_get_total_mem
                0x08001edc                mmap_get_used_mem
                0x08001eec                mmap_get_free_mem
                0x08001ef8                mmap_get_total_sector
                0x08001f00                mmap_get_used_sector
                0x08001f0c                mmap_get_free_sector
                0x08001f20                mmap_get_reserved_size
 .text          0x08001f28        0x8 /opt/devkitpro/libgba/lib/libgba.a(CpuSet.o)
                0x08001f28                CpuSet
                0x08001f2c                CpuFastSet
 .text          0x08001f30      0x3c4 /opt/devkitpro/libgba/lib/libgba.a(interrupt.o)
                0x08001f30                dummy
                0x08001f34                InitInterrupt
                0x08001f90                irqInit
                0x08001fec                SetInterrupt
                0x080020d4                irqSet
                0x080021bc                EnableInterrupt
                0x08002208                irqEnable
                0x0800225c                DisableInterrupt
                0x080022a8                irqDisable
 .text          0x080022f4      0x11c /opt/devkitpro/devkitARM/bin/../lib/gcc/arm-none-eabi/14.2.0/thumb/libgcc.a(_udivsi3.o)
                0x080022f4                __udivsi3
                0x080022f4                __aeabi_uidiv
                0x080023f0                __aeabi_uidivmod
 .text          0x08002410      0x150 /opt/devkitpro/devkitARM/bin/../lib/gcc/arm-none-eabi/14.2.0/thumb/libgcc.a(_divsi3.o)
                0x08002410                __aeabi_idiv
                0x08002410                __divsi3
                0x08002540                __aeabi_idivmod
 .text          0x08002560        0x4 /opt/devkitpro/devkitARM/bin/../lib/gcc/arm-none-eabi/14.2.0/thumb/libgcc.a(_dvmd_tls.o)
                0x08002560                __aeabi_ldiv0
                0x08002560                __aeabi_idiv0
 .text          0x08002564      0x2ac /opt/devkitpro/devkitARM/bin/../lib/gcc/arm-none-eabi/14.2.0/thumb/libgcc.a(_arm_addsubsf3.o)
                0x08002564                __aeabi_frsub
                0x0800256c                __subsf3
                0x0800256c                __aeabi_fsub
                0x08002570                __aeabi_fadd
                0x08002570                __addsf3
                0x0800272c                __aeabi_ui2f
                0x0800272c                __floatunsisf
                0x08002734                __aeabi_i2f
                0x08002734                __floatsisf
                0x08002754                __floatundisf
                0x08002754                __aeabi_ul2f
                0x08002764                __floatdisf
                0x08002764                __aeabi_l2f
 .text          0x08002810      0x2f8 /opt/devkitpro/devkitARM/bin/../lib/gcc/arm-none-eabi/14.2.0/thumb/libgcc.a(_arm_muldivsf3.o)
                0x08002810                __mulsf3
                0x08002810                __aeabi_fmul
                0x080029a8                __divsf3
                0x080029a8                __aeabi_fdiv
 .text          0x08002b08      0x114 /opt/devkitpro/devkitARM/bin/../lib/gcc/arm-none-eabi/14.2.0/thumb/libgcc.a(_arm_cmpsf2.o)
                0x08002b08                __gtsf2
                0x08002b08                __gesf2
                0x08002b10                __lesf2
                0x08002b10                __ltsf2
                0x08002b18                __nesf2
                0x08002b18                __eqsf2
                0x08002b18                __cmpsf2
                0x08002b7c                __aeabi_cfrcmple
                0x08002b8c                __aeabi_cfcmple
                0x08002b8c                __aeabi_cfcmpeq
                0x08002ba4                __aeabi_fcmpeq
                0x08002bbc                __aeabi_fcmplt
                0x08002bd4                __aeabi_fcmple
                0x08002bec                __aeabi_fcmpge
                0x08002c04                __aeabi_fcmpgt
 .text          0x08002c1c       0x5c /opt/devkitpro/devkitARM/bin/../lib/gcc/arm-none-eabi/14.2.0/thumb/libgcc.a(_arm_fixsfsi.o)
                0x08002c1c                __fixsfsi
                0x08002c1c                __aeabi_f2iz
 .text          0x08002c78       0x54 /opt/devkitpro/devkitARM/bin/../lib/gcc/arm-none-eabi/14.2.0/thumb/libgcc.a(_arm_fixunssfsi.o)
                0x08002c78                __aeabi_f2uiz
                0x08002c78                __fixunssfsi
 .text.strlen   0x08002ccc       0x60 /opt/devkitpro/devkitARM/bin/../lib/gcc/arm-none-eabi/14.2.0/../../../../arm-none-eabi/lib/thumb/libg.a(libc_a-strlen-stub.o)
                0x08002ccc                strlen
 .text.memset   0x08002d2c       0x98 /opt/devkitpro/devkitARM/bin/../lib/gcc/arm-none-eabi/14.2.0/../../../../arm-none-eabi/lib/thumb/libg.a(libc_a-memset.o)
                0x08002d2c                memset
 .text.__libc_init_array
                0x08002dc4       0x54 /opt/devkitpro/devkitARM/bin/../lib/gcc/arm-none-eabi/14.2.0/../../../../arm-none-eabi/lib/thumb/libg.a(libc_a-init.o)
                0x08002dc4                __libc_init_array
 .text.__libc_init_array.__stub
                0x08002e18       0x74 linker stubs
 *(.gnu.linkonce.t.*)
 *(.text.*personality*)
 *(.gnu.warning)
 *(.glue_7t)
 .glue_7t       0x08002e90        0x0 linker stubs
 *(.glue_7)
 .glue_7        0x08002e90        0x0 linker stubs
 *(.vfp11_veneer)
 .vfp11_veneer  0x08002e90        0x0 linker stubs
                0x08002e90                        . = ALIGN (0x4)
                0x08002e90                        __text_end = .

.v4_bx          0x08002e90        0x0
 .v4_bx         0x08002e90        0x0 linker stubs

.iplt           0x08002e90        0x0
 .iplt          0x08002e90        0x0 /opt/devkitpro/devkitARM/bin/../lib/gcc/arm-none-eabi/14.2.0/../../../../arm-none-eabi/lib/thumb/gba_crt0.o

.fini           0x08002e90        0xc
 *(.fini)
 .fini          0x08002e90        0x4 /opt/devkitpro/devkitARM/bin/../lib/gcc/arm-none-eabi/14.2.0/thumb/crti.o
                0x08002e90                _fini
 .fini          0x08002e94        0x8 /opt/devkitpro/devkitARM/bin/../lib/gcc/arm-none-eabi/14.2.0/thumb/crtn.o
                0x08002e9c                        . = ALIGN (0x4)

.rodata         0x08002e9c       0x40
 *(.rodata)
 .rodata        0x08002e9c       0x34 coregfx_text.o
 *all.rodata*(*)
 *(.roda)
 *(.rodata.*)
 .rodata.str1.4
                0x08002ed0        0xc coreutil_string.o
 *(.gnu.linkonce.r*)
                0x08002edc                        . = ALIGN (0x4)

.ARM.extab
 *(.ARM.extab* .gnu.linkonce.armextab.*)
                0x08002edc                        __exidx_start = .

.ARM.exidx
 *(.ARM.exidx* .gnu.linkonce.armexidx.*)
                0x08002edc                        __exidx_end = .

.ctors          0x08002edc        0x0
 *crtbegin.o(.ctors)
 *(EXCLUDE_FILE(*crtend.o) .ctors)
 *(SORT_BY_NAME(.ctors.*))
 *(.ctors)
                0x08002edc                        . = ALIGN (0x4)

.dtors          0x08002edc        0x0
 *crtbegin.o(.dtors)
 *(EXCLUDE_FILE(*crtend.o) .dtors)
 *(SORT_BY_NAME(.dtors.*))
 *(.dtors)
                0x08002edc                        . = ALIGN (0x4)

.eh_frame       0x08002edc        0x4
 *(.eh_frame)
 .eh_frame      0x08002edc        0x0 /opt/devkitpro/devkitARM/bin/../lib/gcc/arm-none-eabi/14.2.0/thumb/crtbegin.o
 .eh_frame      0x08002edc        0x4 /opt/devkitpro/devkitARM/bin/../lib/gcc/arm-none-eabi/14.2.0/thumb/crtend.o
                0x08002ee0                        . = ALIGN (0x4)

.gcc_except_table
                0x08002ee0        0x0
 *(.gcc_except_table)
                0x08002ee0                        . = ALIGN (0x4)
                0x08002ee0                        __iwram_lma = .

.iwram          0x03000000      0x4d8 load address 0x08002ee0
                0x03000000                        __iwram_start__ = ABSOLUTE (.)
 *(.iwram .iwram*)
 .iwram         0x03000000      0x208 coregfx_basics.o
                0x03000000                draw_image
                0x030000f4                print_img
 .iwram         0x03000208      0x1e8 coregfx_text.o
                0x03000208                draw_text
 .iwram         0x030003f0       0xb8 /opt/devkitpro/libgba/lib/libgba.a(InterruptDispatcher.o)
                0x030003f0                IntrMain
 .iwram.__stub  0x030004a8       0x30 linker stubs
 *iwram.*(.text* .data*)
                0x030004d8                        . = ALIGN (0x4)
                0x030004d8                        __iwram_end__ = ABSOLUTE (.)
                0x080033b8                        __data_lma = (__iwram_lma + SIZEOF (.iwram))

.bss            0x030004d8      0x168
                0x030004d8                        __bss_start = ABSOLUTE (.)
                0x030004d8                        __bss_start__ = ABSOLUTE (.)
 *(.dynbss)
 *(.gnu.linkonce.b*)
 *(.bss*)
 .bss.completed.1
                0x030004d8        0x1 /opt/devkitpro/devkitARM/bin/../lib/gcc/arm-none-eabi/14.2.0/thumb/crtbegin.o
 *fill*         0x030004d9        0x3 
 .bss.object.0  0x030004dc       0x18 /opt/devkitpro/devkitARM/bin/../lib/gcc/arm-none-eabi/14.2.0/thumb/crtbegin.o
 .bss           0x030004f4        0xc main.o
 .bss           0x03000500       0xa4 mxgba.o
 .bss           0x030005a4        0x4 coreutil_rand.o
 .bss           0x030005a8        0x2 coregfx_color.o
 *fill*         0x030005aa        0x2 
 .bss           0x030005ac       0x14 coregfx_colorpicker.o
 .bss           0x030005c0        0x3 coresys_malloc.o
 *fill*         0x030005c3        0x1 
 .bss           0x030005c4       0x78 /opt/devkitpro/libgba/lib/libgba.a(interrupt.o)
                0x030005c4                IntrTable
 .bss.fake_heap_end
                0x0300063c        0x4 /opt/devkitpro/devkitARM/bin/../lib/gcc/arm-none-eabi/14.2.0/../../../../arm-none-eabi/lib/thumb/libsysbase.a(libsysbase_libsysbase_a-malloc_vars.o)
                0x0300063c                fake_heap_end
 *(COMMON)
                0x03000640                        . = ALIGN (0x4)
                0x03000640                        __bss_end__ = ABSOLUTE (.)

.data           0x03000640     0x122c load address 0x080033b8
                0x03000640                        __data_start__ = ABSOLUTE (.)
 *(.data*)
 .data          0x03000640      0x364 coregfx_glyphs.o
                0x03000640                font_button_width
                0x0300064c                font_basic_width
                0x030006ac                font_basic
 .data          0x030009a4      0xec8 coregfx_img.o
                0x030009a4                img_color_picker_bkg
                0x03000eec                img_button_select
                0x0300106c                img_button_start
                0x030011ec                img_button_R
                0x030012ec                img_button_L
                0x030013ec                img_dpad_none
                0x0300146c                img_dpad_up_down
                0x030014ec                img_dpad_left_right
                0x0300156c                img_dpad_left
                0x030015ec                img_dpad_right
                0x0300166c                img_dpad_down
                0x030016ec                img_dpad_up
                0x0300176c                img_button_b
                0x030017ec                img_button_a
 *(.gnu.linkonce.d*)
                0x0300186c                        . = ALIGN (0x4)
                0x080045e4                        __preinit_lma = (__data_lma + SIZEOF (.data))

.igot.plt       0x0300186c        0x0 load address 0x080045e4
 .igot.plt      0x0300186c        0x0 /opt/devkitpro/devkitARM/bin/../lib/gcc/arm-none-eabi/14.2.0/../../../../arm-none-eabi/lib/thumb/gba_crt0.o

.preinit_array  0x0300186c        0x0 load address 0x080045e4
                0x0300186c                        __preinit_array_start = ABSOLUTE (.)
 *(.preinit_array)
                0x0300186c                        __preinit_array_end = ABSOLUTE (.)
                0x080045e4                        __init_lma = (__preinit_lma + SIZEOF (.preinit_array))

.init_array     0x0300186c        0x4 load address 0x080045e4
                0x0300186c                        __init_array_start = ABSOLUTE (.)
 *(SORT_BY_NAME(.init_array.*))
 *(.init_array)
 .init_array    0x0300186c        0x4 /opt/devkitpro/devkitARM/bin/../lib/gcc/arm-none-eabi/14.2.0/thumb/crtbegin.o
                0x03001870                        __init_array_end = ABSOLUTE (.)
                0x080045e8                        __fini_lma = (__init_lma + SIZEOF (.init_array))

.fini_array     0x03001870        0x4 load address 0x080045e8
                0x03001870                        __fini_array_start = ABSOLUTE (.)
 *(SORT_BY_NAME(.fini_array.*))
 *(.fini_array)
 .fini_array    0x03001870        0x4 /opt/devkitpro/devkitARM/bin/../lib/gcc/arm-none-eabi/14.2.0/thumb/crtbegin.o
                0x03001874                        __fini_array_end = ABSOLUTE (.)
                0x080045ec                        __jcr_lma = (__fini_lma + SIZEOF (.fini_array))

.jcr
 *(.jcr)
                0x03001874                        __data_end__ = ABSOLUTE (.)
                0x080045ec                        __iwram_overlay_lma = (__jcr_lma + SIZEOF (.jcr))
                0x03001874                        __iwram_overlay_start = .

.iwram0         0x03001874        0x0 load address 0x080045ec
 *(.iwram0)
                0x03001874                        . = ALIGN (0x4)
                0x080045ec                        PROVIDE (__load_start_iwram0 = LOADADDR (.iwram0))
                0x080045ec                        PROVIDE (__load_stop_iwram0 = (LOADADDR (.iwram0) + SIZEOF (.iwram0)))

.iwram1         0x03001874        0x0
 *(.iwram1)
                0x03001874                        . = ALIGN (0x4)
                [!provide]                        PROVIDE (__load_start_iwram1 = LOADADDR (.iwram1))
                [!provide]                        PROVIDE (__load_stop_iwram1 = (LOADADDR (.iwram1) + SIZEOF (.iwram1)))

.iwram2         0x03001874        0x0
 *(.iwram2)
                0x03001874                        . = ALIGN (0x4)
                [!provide]                        PROVIDE (__load_start_iwram2 = LOADADDR (.iwram2))
                [!provide]                        PROVIDE (__load_stop_iwram2 = (LOADADDR (.iwram2) + SIZEOF (.iwram2)))

.iwram3         0x03001874        0x0
 *(.iwram3)
                0x03001874                        . = ALIGN (0x4)
                [!provide]                        PROVIDE (__load_start_iwram3 = LOADADDR (.iwram3))
                [!provide]                        PROVIDE (__load_stop_iwram3 = (LOADADDR (.iwram3) + SIZEOF (.iwram3)))

.iwram4         0x03001874        0x0
 *(.iwram4)
                0x03001874                        . = ALIGN (0x4)
                [!provide]                        PROVIDE (__load_start_iwram4 = LOADADDR (.iwram4))
                [!provide]                        PROVIDE (__load_stop_iwram4 = (LOADADDR (.iwram4) + SIZEOF (.iwram4)))

.iwram5         0x03001874        0x0
 *(.iwram5)
                0x03001874                        . = ALIGN (0x4)
                [!provide]                        PROVIDE (__load_start_iwram5 = LOADADDR (.iwram5))
                [!provide]                        PROVIDE (__load_stop_iwram5 = (LOADADDR (.iwram5) + SIZEOF (.iwram5)))

.iwram6         0x03001874        0x0
 *(.iwram6)
                0x03001874                        . = ALIGN (0x4)
                [!provide]                        PROVIDE (__load_start_iwram6 = LOADADDR (.iwram6))
                [!provide]                        PROVIDE (__load_stop_iwram6 = (LOADADDR (.iwram6) + SIZEOF (.iwram6)))

.iwram7         0x03001874        0x0
 *(.iwram7)
                0x03001874                        . = ALIGN (0x4)
                [!provide]                        PROVIDE (__load_start_iwram7 = LOADADDR (.iwram7))
                [!provide]                        PROVIDE (__load_stop_iwram7 = (LOADADDR (.iwram7) + SIZEOF (.iwram7)))

.iwram8         0x03001874        0x0
 *(.iwram8)
                0x03001874                        . = ALIGN (0x4)
                [!provide]                        PROVIDE (__load_start_iwram8 = LOADADDR (.iwram8))
                [!provide]                        PROVIDE (__load_stop_iwram8 = (LOADADDR (.iwram8) + SIZEOF (.iwram8)))

.iwram9         0x03001874        0x0
 *(.iwram9)
                0x03001874                        . = ALIGN (0x4)
                [!provide]                        PROVIDE (__load_start_iwram9 = LOADADDR (.iwram9))
                [!provide]                        PROVIDE (__load_stop_iwram9 = (LOADADDR (.iwram9) + SIZEOF (.iwram9)))
                0x03001874                        __iwram_overlay_end = .
                0x080045ec                        __ewram_lma = (__iwram_overlay_lma + (__iwram_overlay_end - __iwram_overlay_start))
                0x03001874                        __iheap_start = .
                0x02000000                        __ewram_start = ORIGIN (ewram)

.ewram          0x02000000    0x10810 load address 0x080045ec
 *(.ewram*)
 .ewram         0x02000000    0x10810 coresys_malloc.o
                0x02000000                _mmap
                0x02000010                _sectors
                0x02000810                _mem_heap
                0x02010810                        . = ALIGN (0x4)
                0x02010810                        __ewram_end = ABSOLUTE (.)
                0x08014dfc                        __pad_lma = (__ewram_lma + SIZEOF (.ewram))

.sbss           0x02010810        0x0
                0x02010810                        __sbss_start__ = ABSOLUTE (.)
 *(.sbss*)
                0x02010810                        . = ALIGN (0x4)
                0x02010810                        __sbss_end__ = ABSOLUTE (.)
                0x02010810                        __end__ = ABSOLUTE (.)
                0x02010810                        __eheap_start = ABSOLUTE (.)

.pad            0x02010810        0x8 load address 0x08014dfc
                0x02010810        0x4 LONG 0x52416b64
                0x02010814        0x4 LONG 0x4d
                0x02010818                        . = ALIGN (0x4)
                0x08014e04                        __rom_end__ = (__pad_lma + SIZEOF (.pad))

.rel.dyn        0x02010818        0x0 load address 0x08014e04
 .rel.iplt      0x02010818        0x0 /opt/devkitpro/devkitARM/bin/../lib/gcc/arm-none-eabi/14.2.0/../../../../arm-none-eabi/lib/thumb/gba_crt0.o

.stab
 *(.stab)

.stabstr
 *(.stabstr)

.stab.excl
 *(.stab.excl)

.stab.exclstr
 *(.stab.exclstr)

.stab.index
 *(.stab.index)

.stab.indexstr
 *(.stab.indexstr)

.comment        0x00000000       0x46
 *(.comment)
 .comment       0x00000000       0x46 /opt/devkitpro/devkitARM/bin/../lib/gcc/arm-none-eabi/14.2.0/thumb/crtbegin.o
                                 0x24 (size before relaxing)
 .comment       0x00000046       0x24 main.o
 .comment       0x00000046       0x24 mxgba.o
 .comment       0x00000046       0x24 coreutil_memory.o
 .comment       0x00000046       0x24 coreutil_rand.o
 .comment       0x00000046       0x24 coreutil_string.o
 .comment       0x00000046       0x24 corekey_code.o
 .comment       0x00000046       0x24 corekey_num.o
 .comment       0x00000046       0x24 mx_gcm.o
 .comment       0x00000046       0x24 mx_virtual.o
 .comment       0x00000046       0x24 coregfx_basics.o
 .comment       0x00000046       0x24 coregfx_color.o
 .comment       0x00000046       0x24 coregfx_colorpicker.o
 .comment       0x00000046       0x24 coregfx_glyphs.o
 .comment       0x00000046       0x24 coregfx_img.o
 .comment       0x00000046       0x24 coregfx_text.o
 .comment       0x00000046       0x24 coresys_clock.o
 .comment       0x00000046       0x24 coresys_cpu.o
 .comment       0x00000046       0x24 coresys_malloc.o
 .comment       0x00000046       0x24 /opt/devkitpro/libgba/lib/libgba.a(CpuSet.o)
 .comment       0x00000046       0x24 /opt/devkitpro/libgba/lib/libgba.a(interrupt.o)
 .comment       0x00000046       0x24 /opt/devkitpro/devkitARM/bin/../lib/gcc/arm-none-eabi/14.2.0/../../../../arm-none-eabi/lib/thumb/libg.a(libc_a-strlen-stub.o)
 .comment       0x00000046       0x24 /opt/devkitpro/devkitARM/bin/../lib/gcc/arm-none-eabi/14.2.0/../../../../arm-none-eabi/lib/thumb/libg.a(libc_a-memset.o)
 .comment       0x00000046       0x24 /opt/devkitpro/devkitARM/bin/../lib/gcc/arm-none-eabi/14.2.0/../../../../arm-none-eabi/lib/thumb/libg.a(libc_a-init.o)
 .comment       0x00000046       0x24 /opt/devkitpro/devkitARM/bin/../lib/gcc/arm-none-eabi/14.2.0/../../../../arm-none-eabi/lib/thumb/libsysbase.a(libsysbase_libsysbase_a-malloc_vars.o)
 .comment       0x00000046       0x24 /opt/devkitpro/devkitARM/bin/../lib/gcc/arm-none-eabi/14.2.0/thumb/crtend.o

.debug
 *(.debug)

.line
 *(.line)

.debug_srcinfo
 *(.debug_srcinfo)

.debug_sfnames
 *(.debug_sfnames)

.debug_aranges  0x00000000      0x2b8
 *(.debug_aranges)
 .debug_aranges
                0x00000000       0x28 main.o
 .debug_aranges
                0x00000028       0x20 mxgba.o
 .debug_aranges
                0x00000048       0x20 coreutil_memory.o
 .debug_aranges
                0x00000068       0x20 coreutil_rand.o
 .debug_aranges
                0x00000088       0x20 coreutil_string.o
 .debug_aranges
                0x000000a8       0x20 corekey_code.o
 .debug_aranges
                0x000000c8       0x20 corekey_num.o
 .debug_aranges
                0x000000e8       0x20 mx_gcm.o
 .debug_aranges
                0x00000108       0x20 mx_virtual.o
 .debug_aranges
                0x00000128       0x30 coregfx_basics.o
 .debug_aranges
                0x00000158       0x20 coregfx_color.o
 .debug_aranges
                0x00000178       0x28 coregfx_colorpicker.o
 .debug_aranges
                0x000001a0       0x18 coregfx_glyphs.o
 .debug_aranges
                0x000001b8       0x18 coregfx_img.o
 .debug_aranges
                0x000001d0       0x28 coregfx_text.o
 .debug_aranges
                0x000001f8       0x20 coresys_clock.o
 .debug_aranges
                0x00000218       0x20 coresys_cpu.o
 .debug_aranges
                0x00000238       0x20 coresys_malloc.o
 .debug_aranges
                0x00000258       0x20 /opt/devkitpro/libgba/lib/libgba.a(CpuSet.o)
 .debug_aranges
                0x00000278       0x20 /opt/devkitpro/libgba/lib/libgba.a(interrupt.o)
 .debug_aranges
                0x00000298       0x20 /opt/devkitpro/libgba/lib/libgba.a(InterruptDispatcher.o)

.debug_pubnames
 *(.debug_pubnames)

.debug_info     0x00000000     0x767b
 *(.debug_info)
 .debug_info    0x00000000      0xf8d main.o
 .debug_info    0x00000f8d      0x2f9 mxgba.o
 .debug_info    0x00001286      0x346 coreutil_memory.o
 .debug_info    0x000015cc      0x1ef coreutil_rand.o
 .debug_info    0x000017bb      0xc05 coreutil_string.o
 .debug_info    0x000023c0      0x55f corekey_code.o
 .debug_info    0x0000291f      0x4ea corekey_num.o
 .debug_info    0x00002e09      0x6ce mx_gcm.o
 .debug_info    0x000034d7      0x60a mx_virtual.o
 .debug_info    0x00003ae1      0x501 coregfx_basics.o
 .debug_info    0x00003fe2      0x833 coregfx_color.o
 .debug_info    0x00004815      0xa04 coregfx_colorpicker.o
 .debug_info    0x00005219       0xb2 coregfx_glyphs.o
 .debug_info    0x000052cb      0x1a0 coregfx_img.o
 .debug_info    0x0000546b      0x603 coregfx_text.o
 .debug_info    0x00005a6e      0x5e4 coresys_clock.o
 .debug_info    0x00006052      0x8ce coresys_cpu.o
 .debug_info    0x00006920      0x7e8 coresys_malloc.o
 .debug_info    0x00007108      0x136 /opt/devkitpro/libgba/lib/libgba.a(CpuSet.o)
 .debug_info    0x0000723e      0x418 /opt/devkitpro/libgba/lib/libgba.a(interrupt.o)
 .debug_info    0x00007656       0x25 /opt/devkitpro/libgba/lib/libgba.a(InterruptDispatcher.o)

.debug_abbrev   0x00000000     0x2549
 *(.debug_abbrev)
 .debug_abbrev  0x00000000      0x31e main.o
 .debug_abbrev  0x0000031e       0xe2 mxgba.o
 .debug_abbrev  0x00000400      0x183 coreutil_memory.o
 .debug_abbrev  0x00000583      0x17d coreutil_rand.o
 .debug_abbrev  0x00000700      0x384 coreutil_string.o
 .debug_abbrev  0x00000a84      0x1b4 corekey_code.o
 .debug_abbrev  0x00000c38      0x1db corekey_num.o
 .debug_abbrev  0x00000e13      0x23c mx_gcm.o
 .debug_abbrev  0x0000104f      0x234 mx_virtual.o
 .debug_abbrev  0x00001283      0x186 coregfx_basics.o
 .debug_abbrev  0x00001409      0x24d coregfx_color.o
 .debug_abbrev  0x00001656      0x274 coregfx_colorpicker.o
 .debug_abbrev  0x000018ca       0x51 coregfx_glyphs.o
 .debug_abbrev  0x0000191b       0x5d coregfx_img.o
 .debug_abbrev  0x00001978      0x232 coregfx_text.o
 .debug_abbrev  0x00001baa      0x1c2 coresys_clock.o
 .debug_abbrev  0x00001d6c      0x1bd coresys_cpu.o
 .debug_abbrev  0x00001f29      0x347 coresys_malloc.o
 .debug_abbrev  0x00002270       0xa6 /opt/devkitpro/libgba/lib/libgba.a(CpuSet.o)
 .debug_abbrev  0x00002316      0x21f /opt/devkitpro/libgba/lib/libgba.a(interrupt.o)
 .debug_abbrev  0x00002535       0x14 /opt/devkitpro/libgba/lib/libgba.a(InterruptDispatcher.o)

.debug_line     0x00000000     0x5ff2
 *(.debug_line)
 .debug_line    0x00000000      0x704 main.o
 .debug_line    0x00000704      0x1e3 mxgba.o
 .debug_line    0x000008e7      0x2ab coreutil_memory.o
 .debug_line    0x00000b92      0x259 coreutil_rand.o
 .debug_line    0x00000deb      0xa87 coreutil_string.o
 .debug_line    0x00001872      0x30b corekey_code.o
 .debug_line    0x00001b7d      0x307 corekey_num.o
 .debug_line    0x00001e84      0x566 mx_gcm.o
 .debug_line    0x000023ea      0x488 mx_virtual.o
 .debug_line    0x00002872      0x4bb coregfx_basics.o
 .debug_line    0x00002d2d      0x8a7 coregfx_color.o
 .debug_line    0x000035d4      0x74c coregfx_colorpicker.o
 .debug_line    0x00003d20       0xc9 coregfx_glyphs.o
 .debug_line    0x00003de9       0xc3 coregfx_img.o
 .debug_line    0x00003eac      0x589 coregfx_text.o
 .debug_line    0x00004435      0x56d coresys_clock.o
 .debug_line    0x000049a2      0x3eb coresys_cpu.o
 .debug_line    0x00004d8d      0x71f coresys_malloc.o
 .debug_line    0x000054ac      0x17e /opt/devkitpro/libgba/lib/libgba.a(CpuSet.o)
 .debug_line    0x0000562a      0x950 /opt/devkitpro/libgba/lib/libgba.a(interrupt.o)
 .debug_line    0x00005f7a       0x78 /opt/devkitpro/libgba/lib/libgba.a(InterruptDispatcher.o)

.debug_frame    0x00000000      0xcd4
 *(.debug_frame)
 .debug_frame   0x00000000       0xd4 main.o
 .debug_frame   0x000000d4       0x20 mxgba.o
 .debug_frame   0x000000f4       0x74 coreutil_memory.o
 .debug_frame   0x00000168       0x54 coreutil_rand.o
 .debug_frame   0x000001bc      0x1b0 coreutil_string.o
 .debug_frame   0x0000036c       0x78 corekey_code.o
 .debug_frame   0x000003e4       0x88 corekey_num.o
 .debug_frame   0x0000046c      0x148 mx_gcm.o
 .debug_frame   0x000005b4       0x7c mx_virtual.o
 .debug_frame   0x00000630       0xa0 coregfx_basics.o
 .debug_frame   0x000006d0       0xf8 coregfx_color.o
 .debug_frame   0x000007c8       0xfc coregfx_colorpicker.o
 .debug_frame   0x000008c4       0x78 coregfx_text.o
 .debug_frame   0x0000093c       0xb8 coresys_clock.o
 .debug_frame   0x000009f4       0xd8 coresys_cpu.o
 .debug_frame   0x00000acc      0x128 coresys_malloc.o
 .debug_frame   0x00000bf4       0x30 /opt/devkitpro/libgba/lib/libgba.a(CpuSet.o)
 .debug_frame   0x00000c24       0xb0 /opt/devkitpro/libgba/lib/libgba.a(interrupt.o)

.debug_str      0x00000000     0x15a9
 *(.debug_str)
 .debug_str     0x00000000     0x15a9 main.o
                                0x70e (size before relaxing)
 .debug_str     0x000015a9      0x29c mxgba.o
 .debug_str     0x000015a9      0x1eb coreutil_memory.o
 .debug_str     0x000015a9      0x1af coreutil_rand.o
 .debug_str     0x000015a9      0x2cf coreutil_string.o
 .debug_str     0x000015a9      0x3cc corekey_code.o
 .debug_str     0x000015a9      0x399 corekey_num.o
 .debug_str     0x000015a9      0x3d9 mx_gcm.o
 .debug_str     0x000015a9      0x346 mx_virtual.o
 .debug_str     0x000015a9      0x292 coregfx_basics.o
 .debug_str     0x000015a9      0x308 coregfx_color.o
 .debug_str     0x000015a9      0x3e6 coregfx_colorpicker.o
 .debug_str     0x000015a9      0x121 coregfx_glyphs.o
 .debug_str     0x000015a9      0x1c6 coregfx_img.o
 .debug_str     0x000015a9      0x385 coregfx_text.o
 .debug_str     0x000015a9      0x23e coresys_clock.o
 .debug_str     0x000015a9      0x229 coresys_cpu.o
 .debug_str     0x000015a9      0x45a coresys_malloc.o
 .debug_str     0x000015a9      0x1a9 /opt/devkitpro/libgba/lib/libgba.a(CpuSet.o)
 .debug_str     0x000015a9      0x334 /opt/devkitpro/libgba/lib/libgba.a(interrupt.o)
 .debug_str     0x000015a9       0xba /opt/devkitpro/libgba/lib/libgba.a(InterruptDispatcher.o)

.debug_loc
 *(.debug_loc)

.debug_macinfo
 *(.debug_macinfo)

.debug_weaknames
 *(.debug_weaknames)

.debug_funcnames
 *(.debug_funcnames)

.debug_typenames
 *(.debug_typenames)

.debug_varnames
 *(.debug_varnames)

.stack          0x00080000        0x0
                0x00080000                        _stack = .
 *(.stack)

.note.gnu.arm.ident
 *(.note.gnu.arm.ident)

.ARM.attributes
                0x00000000       0x2c
 *(.ARM.attributes)
 .ARM.attributes
                0x00000000       0x20 /opt/devkitpro/devkitARM/bin/../lib/gcc/arm-none-eabi/14.2.0/../../../../arm-none-eabi/lib/thumb/gba_crt0.o
 .ARM.attributes
                0x00000020       0x1c /opt/devkitpro/devkitARM/bin/../lib/gcc/arm-none-eabi/14.2.0/thumb/crti.o
 .ARM.attributes
                0x0000003c       0x2a /opt/devkitpro/devkitARM/bin/../lib/gcc/arm-none-eabi/14.2.0/thumb/crtbegin.o
 .ARM.attributes
                0x00000066       0x2a main.o
 .ARM.attributes
                0x00000090       0x2a mxgba.o
 .ARM.attributes
                0x000000ba       0x2a coreutil_math.o
 .ARM.attributes
                0x000000e4       0x2a coreutil_memory.o
 .ARM.attributes
                0x0000010e       0x2a coreutil_rand.o
 .ARM.attributes
                0x00000138       0x2a coreutil_string.o
 .ARM.attributes
                0x00000162       0x2a corekey_code.o
 .ARM.attributes
                0x0000018c       0x2a corekey_num.o
 .ARM.attributes
                0x000001b6       0x2a mx_gcm.o
 .ARM.attributes
                0x000001e0       0x2a mx_virtual.o
 .ARM.attributes
                0x0000020a       0x2a coregfx_basics.o
 .ARM.attributes
                0x00000234       0x2a coregfx_circle.o
 .ARM.attributes
                0x0000025e       0x2a coregfx_color.o
 .ARM.attributes
                0x00000288       0x2a coregfx_colorpicker.o
 .ARM.attributes
                0x000002b2       0x2a coregfx_glyphs.o
 .ARM.attributes
                0x000002dc       0x2a coregfx_img.o
 .ARM.attributes
                0x00000306       0x2a coregfx_rectangle.o
 .ARM.attributes
                0x00000330       0x2a coregfx_text.o
 .ARM.attributes
                0x0000035a       0x2a coresys_clock.o
 .ARM.attributes
                0x00000384       0x2a coresys_cpu.o
 .ARM.attributes
                0x000003ae       0x2a coresys_dma.o
 .ARM.attributes
                0x000003d8       0x2a coresys_malloc.o
 .ARM.attributes
                0x00000402       0x2a /opt/devkitpro/libgba/lib/libgba.a(CpuSet.o)
 .ARM.attributes
                0x0000042c       0x2a /opt/devkitpro/libgba/lib/libgba.a(interrupt.o)
 .ARM.attributes
                0x00000456       0x1a /opt/devkitpro/libgba/lib/libgba.a(InterruptDispatcher.o)
 .ARM.attributes
                0x00000470       0x1c /opt/devkitpro/devkitARM/bin/../lib/gcc/arm-none-eabi/14.2.0/thumb/libgcc.a(_arm_mulsf3.o)
 .ARM.attributes
                0x0000048c       0x1c /opt/devkitpro/devkitARM/bin/../lib/gcc/arm-none-eabi/14.2.0/thumb/libgcc.a(_udivsi3.o)
 .ARM.attributes
                0x000004a8       0x1c /opt/devkitpro/devkitARM/bin/../lib/gcc/arm-none-eabi/14.2.0/thumb/libgcc.a(_divsi3.o)
 .ARM.attributes
                0x000004c4       0x1c /opt/devkitpro/devkitARM/bin/../lib/gcc/arm-none-eabi/14.2.0/thumb/libgcc.a(_dvmd_tls.o)
 .ARM.attributes
                0x000004e0       0x1c /opt/devkitpro/devkitARM/bin/../lib/gcc/arm-none-eabi/14.2.0/thumb/libgcc.a(_arm_addsubsf3.o)
 .ARM.attributes
                0x000004fc       0x1c /opt/devkitpro/devkitARM/bin/../lib/gcc/arm-none-eabi/14.2.0/thumb/libgcc.a(_arm_muldivsf3.o)
 .ARM.attributes
                0x00000518       0x1c /opt/devkitpro/devkitARM/bin/../lib/gcc/arm-none-eabi/14.2.0/thumb/libgcc.a(_arm_cmpsf2.o)
 .ARM.attributes
                0x00000534       0x1c /opt/devkitpro/devkitARM/bin/../lib/gcc/arm-none-eabi/14.2.0/thumb/libgcc.a(_arm_fixsfsi.o)
 .ARM.attributes
                0x00000550       0x1c /opt/devkitpro/devkitARM/bin/../lib/gcc/arm-none-eabi/14.2.0/thumb/libgcc.a(_arm_fixunssfsi.o)
 .ARM.attributes
                0x0000056c       0x1c /opt/devkitpro/devkitARM/bin/../lib/gcc/arm-none-eabi/14.2.0/thumb/libgcc.a(_sync_none.o)
 .ARM.attributes
                0x00000588       0x2a /opt/devkitpro/devkitARM/bin/../lib/gcc/arm-none-eabi/14.2.0/../../../../arm-none-eabi/lib/thumb/libg.a(libc_a-strlen-stub.o)
 .ARM.attributes
                0x000005b2       0x2a /opt/devkitpro/devkitARM/bin/../lib/gcc/arm-none-eabi/14.2.0/../../../../arm-none-eabi/lib/thumb/libg.a(libc_a-memset.o)
 .ARM.attributes
                0x000005dc       0x2a /opt/devkitpro/devkitARM/bin/../lib/gcc/arm-none-eabi/14.2.0/../../../../arm-none-eabi/lib/thumb/libg.a(libc_a-init.o)
 .ARM.attributes
                0x00000606       0x2a /opt/devkitpro/devkitARM/bin/../lib/gcc/arm-none-eabi/14.2.0/../../../../arm-none-eabi/lib/thumb/libsysbase.a(libsysbase_libsysbase_a-malloc_vars.o)
 .ARM.attributes
                0x00000630       0x2a /opt/devkitpro/devkitARM/bin/../lib/gcc/arm-none-eabi/14.2.0/thumb/crtend.o
 .ARM.attributes
                0x0000065a       0x1c /opt/devkitpro/devkitARM/bin/../lib/gcc/arm-none-eabi/14.2.0/thumb/crtn.o

/DISCARD/
 *(.note.GNU-stack)
LOAD /opt/devkitpro/devkitARM/bin/../lib/gcc/arm-none-eabi/14.2.0/../../../../arm-none-eabi/lib/thumb/gba_crt0.o
LOAD /opt/devkitpro/devkitARM/bin/../lib/gcc/arm-none-eabi/14.2.0/thumb/crti.o
LOAD /opt/devkitpro/devkitARM/bin/../lib/gcc/arm-none-eabi/14.2.0/thumb/crtbegin.o
LOAD main.o
LOAD mxgba.o
LOAD coreutil_math.o
LOAD coreutil_memory.o
LOAD coreutil_rand.o
LOAD coreutil_string.o
LOAD corekey_code.o
LOAD corekey_num.o
LOAD mx_gcm.o
LOAD mx_virtual.o
LOAD coregfx_basics.o
LOAD coregfx_circle.o
LOAD coregfx_color.o
LOAD coregfx_colorpicker.o
LOAD coregfx_glyphs.o
LOAD coregfx_img.o
LOAD coregfx_rectangle.o
LOAD coregfx_text.o
LOAD coresys_clock.o
LOAD coresys_cpu.o
LOAD coresys_dma.o
LOAD coresys_malloc.o
LOAD /opt/devkitpro/libgba/lib/libmm.a
LOAD /opt/devkitpro/libgba/lib/libgba.a
START GROUP
LOAD /opt/devkitpro/devkitARM/bin/../lib/gcc/arm-none-eabi/14.2.0/thumb/libgcc.a
LOAD /opt/devkitpro/devkitARM/bin/../lib/gcc/arm-none-eabi/14.2.0/../../../../arm-none-eabi/lib/thumb/libg.a
LOAD /opt/devkitpro/devkitARM/bin/../lib/gcc/arm-none-eabi/14.2.0/../../../../arm-none-eabi/lib/thumb/libc.a
LOAD /opt/devkitpro/devkitARM/bin/../lib/gcc/arm-none-eabi/14.2.0/../../../../arm-none-eabi/lib/thumb/libsysbase.a
END GROUP
LOAD /opt/devkitpro/devkitARM/bin/../lib/gcc/arm-none-eabi/14.2.0/thumb/crtend.o
LOAD /opt/devkitpro/devkitARM/bin/../lib/gcc/arm-none-eabi/14.2.0/thumb/crtn.o
OUTPUT(/home/lchiva/Bureau/CoreGBA/Mode-5-alpha/Mode-5-alpha.elf elf32-littlearm)
LOAD linker stubs

.debug_loclists
                0x00000000     0x3ebe
 .debug_loclists
                0x00000000      0x216 main.o
 .debug_loclists
                0x00000216      0x163 coreutil_memory.o
 .debug_loclists
                0x00000379      0x103 coreutil_rand.o
 .debug_loclists
                0x0000047c      0x98f coreutil_string.o
 .debug_loclists
                0x00000e0b      0x11d corekey_code.o
 .debug_loclists
                0x00000f28      0x188 corekey_num.o
 .debug_loclists
                0x000010b0       0xf7 mx_gcm.o
 .debug_loclists
                0x000011a7      0x185 mx_virtual.o
 .debug_loclists
                0x0000132c      0xa15 coregfx_basics.o
 .debug_loclists
                0x00001d41      0x95c coregfx_color.o
 .debug_loclists
                0x0000269d      0x3f7 coregfx_colorpicker.o
 .debug_loclists
                0x00002a94      0x39a coregfx_text.o
 .debug_loclists
                0x00002e2e      0x1ff coresys_clock.o
 .debug_loclists
                0x0000302d      0x700 coresys_cpu.o
 .debug_loclists
                0x0000372d      0x3e3 coresys_malloc.o
 .debug_loclists
                0x00003b10       0xba /opt/devkitpro/libgba/lib/libgba.a(CpuSet.o)
 .debug_loclists
                0x00003bca      0x2f4 /opt/devkitpro/libgba/lib/libgba.a(interrupt.o)

.debug_rnglists
                0x00000000      0x3e9
 .debug_rnglists
                0x00000000       0x28 main.o
 .debug_rnglists
                0x00000028       0x13 coreutil_rand.o
 .debug_rnglists
                0x0000003b       0xc3 coreutil_string.o
 .debug_rnglists
                0x000000fe       0x2f corekey_num.o
 .debug_rnglists
                0x0000012d       0x8a mx_gcm.o
 .debug_rnglists
                0x000001b7       0x2e mx_virtual.o
 .debug_rnglists
                0x000001e5       0x21 coregfx_basics.o
 .debug_rnglists
                0x00000206       0x41 coregfx_color.o
 .debug_rnglists
                0x00000247       0x27 coregfx_colorpicker.o
 .debug_rnglists
                0x0000026e       0x69 coregfx_text.o
 .debug_rnglists
                0x000002d7       0x9a coresys_clock.o
 .debug_rnglists
                0x00000371       0x22 coresys_cpu.o
 .debug_rnglists
                0x00000393       0x13 /opt/devkitpro/libgba/lib/libgba.a(CpuSet.o)
 .debug_rnglists
                0x000003a6       0x43 /opt/devkitpro/libgba/lib/libgba.a(interrupt.o)

.debug_line_str
                0x00000000       0xae
 .debug_line_str
                0x00000000       0xae /opt/devkitpro/libgba/lib/libgba.a(InterruptDispatcher.o)
