Archive member included to satisfy reference by file (symbol)

/opt/devkitpro/libgba/lib/libgba.a(CpuSet.o)
                              coresys_cpu.o (CpuSet)
/opt/devkitpro/libgba/lib/libgba.a(interrupt.o)
                              coretask_irq.o (irqInit)
/opt/devkitpro/libgba/lib/libgba.a(InterruptDispatcher.o)
                              /opt/devkitpro/libgba/lib/libgba.a(interrupt.o) (IntrMain)
/opt/devkitpro/devkitARM/bin/../lib/gcc/arm-none-eabi/14.2.0/thumb/libgcc.a(_arm_mulsf3.o)
                              coreutil_math.o (__aeabi_fmul)
/opt/devkitpro/devkitARM/bin/../lib/gcc/arm-none-eabi/14.2.0/thumb/libgcc.a(_udivsi3.o)
                              coreutil_memory.o (__aeabi_uidiv)
/opt/devkitpro/devkitARM/bin/../lib/gcc/arm-none-eabi/14.2.0/thumb/libgcc.a(_divsi3.o)
                              coretask_rendering.o (__aeabi_idiv)
/opt/devkitpro/devkitARM/bin/../lib/gcc/arm-none-eabi/14.2.0/thumb/libgcc.a(_dvmd_tls.o)
                              /opt/devkitpro/devkitARM/bin/../lib/gcc/arm-none-eabi/14.2.0/thumb/libgcc.a(_udivsi3.o) (__aeabi_idiv0)
/opt/devkitpro/devkitARM/bin/../lib/gcc/arm-none-eabi/14.2.0/thumb/libgcc.a(_arm_addsubdf3.o)
                              coretask_run.o (__aeabi_f2d)
/opt/devkitpro/devkitARM/bin/../lib/gcc/arm-none-eabi/14.2.0/thumb/libgcc.a(_arm_cmpdf2.o)
                              coretask_run.o (__aeabi_dcmplt)
/opt/devkitpro/devkitARM/bin/../lib/gcc/arm-none-eabi/14.2.0/thumb/libgcc.a(_arm_addsubsf3.o)
                              coreutil_math.o (__aeabi_fsub)
/opt/devkitpro/devkitARM/bin/../lib/gcc/arm-none-eabi/14.2.0/thumb/libgcc.a(_arm_muldivsf3.o)
                              coreutil_math.o (__aeabi_fdiv)
/opt/devkitpro/devkitARM/bin/../lib/gcc/arm-none-eabi/14.2.0/thumb/libgcc.a(_arm_cmpsf2.o)
                              coreutil_math.o (__aeabi_fcmplt)
/opt/devkitpro/devkitARM/bin/../lib/gcc/arm-none-eabi/14.2.0/thumb/libgcc.a(_arm_fixsfsi.o)
                              coregfx_color.o (__aeabi_f2iz)
/opt/devkitpro/devkitARM/bin/../lib/gcc/arm-none-eabi/14.2.0/thumb/libgcc.a(_arm_fixunssfsi.o)
                              coregfx_color.o (__aeabi_f2uiz)
/opt/devkitpro/devkitARM/bin/../lib/gcc/arm-none-eabi/14.2.0/thumb/libgcc.a(_sync_none.o)
                              (__sync_synchronize_none)
/opt/devkitpro/devkitARM/bin/../lib/gcc/arm-none-eabi/14.2.0/../../../../arm-none-eabi/lib/thumb/libg.a(libc_a-init.o)
                              /opt/devkitpro/devkitARM/bin/../lib/gcc/arm-none-eabi/14.2.0/../../../../arm-none-eabi/lib/thumb/gba_crt0.o (__libc_init_array)
/opt/devkitpro/devkitARM/bin/../lib/gcc/arm-none-eabi/14.2.0/../../../../arm-none-eabi/lib/thumb/libsysbase.a(libsysbase_libsysbase_a-malloc_vars.o)
                              /opt/devkitpro/devkitARM/bin/../lib/gcc/arm-none-eabi/14.2.0/../../../../arm-none-eabi/lib/thumb/gba_crt0.o (fake_heap_end)

Discarded input sections

 .text          0x00000000        0x0 /opt/devkitpro/devkitARM/bin/../lib/gcc/arm-none-eabi/14.2.0/../../../../arm-none-eabi/lib/thumb/gba_crt0.o
 .data          0x00000000        0x0 /opt/devkitpro/devkitARM/bin/../lib/gcc/arm-none-eabi/14.2.0/../../../../arm-none-eabi/lib/thumb/gba_crt0.o
 .bss           0x00000000        0x0 /opt/devkitpro/devkitARM/bin/../lib/gcc/arm-none-eabi/14.2.0/../../../../arm-none-eabi/lib/thumb/gba_crt0.o
 .text          0x00000000        0x0 /opt/devkitpro/devkitARM/bin/../lib/gcc/arm-none-eabi/14.2.0/thumb/crti.o
 .data          0x00000000        0x0 /opt/devkitpro/devkitARM/bin/../lib/gcc/arm-none-eabi/14.2.0/thumb/crti.o
 .bss           0x00000000        0x0 /opt/devkitpro/devkitARM/bin/../lib/gcc/arm-none-eabi/14.2.0/thumb/crti.o
 .text          0x00000000        0x0 /opt/devkitpro/devkitARM/bin/../lib/gcc/arm-none-eabi/14.2.0/thumb/crtbegin.o
 .data          0x00000000        0x0 /opt/devkitpro/devkitARM/bin/../lib/gcc/arm-none-eabi/14.2.0/thumb/crtbegin.o
 .bss           0x00000000        0x0 /opt/devkitpro/devkitARM/bin/../lib/gcc/arm-none-eabi/14.2.0/thumb/crtbegin.o
 .rodata.all_implied_fbits
                0x00000000       0x24 /opt/devkitpro/devkitARM/bin/../lib/gcc/arm-none-eabi/14.2.0/thumb/crtbegin.o
 .data.__dso_handle
                0x00000000        0x4 /opt/devkitpro/devkitARM/bin/../lib/gcc/arm-none-eabi/14.2.0/thumb/crtbegin.o
 .data          0x00000000        0x0 coregba.o
 .text          0x00000000      0x23c coreutil_math.o
 .data          0x00000000        0x0 coreutil_math.o
 .bss           0x00000000        0x0 coreutil_math.o
 .comment       0x00000000       0x24 coreutil_math.o
 .data          0x00000000        0x0 coreutil_memory.o
 .bss           0x00000000        0x0 coreutil_memory.o
 .data          0x00000000        0x0 coreutil_rand.o
 .data          0x00000000        0x0 coreutil_string.o
 .bss           0x00000000        0x0 coreutil_string.o
 .data          0x00000000        0x0 corekey_code.o
 .bss           0x00000000        0x0 corekey_code.o
 .data          0x00000000        0x0 corekey_num.o
 .bss           0x00000000        0x0 corekey_num.o
 .data          0x00000000        0x0 corectx_gcm.o
 .bss           0x00000000        0x0 corectx_gcm.o
 .data          0x00000000        0x0 corectx_virtual.o
 .bss           0x00000000        0x0 corectx_virtual.o
 .text          0x00000000      0x120 coregfx_basics.o
 .data          0x00000000        0x0 coregfx_basics.o
 .bss           0x00000000        0x0 coregfx_basics.o
 .text          0x00000000      0x114 coregfx_circle.o
 .data          0x00000000        0x0 coregfx_circle.o
 .bss           0x00000000        0x0 coregfx_circle.o
 .iwram         0x00000000      0x50c coregfx_circle.o
 .comment       0x00000000       0x24 coregfx_circle.o
 .data          0x00000000        0x0 coregfx_color.o
 .text          0x00000000      0x578 coregfx_colorpicker.o
 .data          0x00000000        0x0 coregfx_colorpicker.o
 .bss           0x00000000       0x14 coregfx_colorpicker.o
 .iwram         0x00000000      0x3d0 coregfx_colorpicker.o
 .comment       0x00000000       0x24 coregfx_colorpicker.o
 .text          0x00000000        0x0 coregfx_glyphs.o
 .bss           0x00000000        0x0 coregfx_glyphs.o
 .text          0x00000000        0x0 coregfx_img.o
 .bss           0x00000000        0x0 coregfx_img.o
 .text          0x00000000        0x0 coregfx_rectangle.o
 .data          0x00000000        0x0 coregfx_rectangle.o
 .bss           0x00000000        0x0 coregfx_rectangle.o
 .iwram         0x00000000      0x318 coregfx_rectangle.o
 .comment       0x00000000       0x24 coregfx_rectangle.o
 .data          0x00000000        0x0 coregfx_text.o
 .bss           0x00000000        0x0 coregfx_text.o
 .data          0x00000000        0x0 coretask_irq.o
 .data          0x00000000        0x0 coretask_rendering.o
 .data          0x00000000        0x0 coretask_run.o
 .bss           0x00000000        0x0 coretask_run.o
 .data          0x00000000        0x0 coresys_clock.o
 .bss           0x00000000        0x0 coresys_clock.o
 .data          0x00000000        0x0 coresys_cpu.o
 .bss           0x00000000        0x0 coresys_cpu.o
 .text          0x00000000        0x0 coresys_dma.o
 .data          0x00000000        0x0 coresys_dma.o
 .bss           0x00000000        0x0 coresys_dma.o
 .comment       0x00000000       0x24 coresys_dma.o
 .data          0x00000000        0x0 coresys_malloc.o
 .data          0x00000000        0x8 main-test.o
 .bss           0x00000000        0x0 main-test.o
 .data          0x00000000        0x0 /opt/devkitpro/libgba/lib/libgba.a(CpuSet.o)
 .bss           0x00000000        0x0 /opt/devkitpro/libgba/lib/libgba.a(CpuSet.o)
 .data          0x00000000        0x0 /opt/devkitpro/libgba/lib/libgba.a(interrupt.o)
 .text          0x00000000        0x0 /opt/devkitpro/libgba/lib/libgba.a(InterruptDispatcher.o)
 .data          0x00000000        0x0 /opt/devkitpro/libgba/lib/libgba.a(InterruptDispatcher.o)
 .bss           0x00000000        0x0 /opt/devkitpro/libgba/lib/libgba.a(InterruptDispatcher.o)
 .text          0x00000000      0x198 /opt/devkitpro/devkitARM/bin/../lib/gcc/arm-none-eabi/14.2.0/thumb/libgcc.a(_arm_mulsf3.o)
 .data          0x00000000        0x0 /opt/devkitpro/devkitARM/bin/../lib/gcc/arm-none-eabi/14.2.0/thumb/libgcc.a(_arm_mulsf3.o)
 .bss           0x00000000        0x0 /opt/devkitpro/devkitARM/bin/../lib/gcc/arm-none-eabi/14.2.0/thumb/libgcc.a(_arm_mulsf3.o)
 .data          0x00000000        0x0 /opt/devkitpro/devkitARM/bin/../lib/gcc/arm-none-eabi/14.2.0/thumb/libgcc.a(_udivsi3.o)
 .bss           0x00000000        0x0 /opt/devkitpro/devkitARM/bin/../lib/gcc/arm-none-eabi/14.2.0/thumb/libgcc.a(_udivsi3.o)
 .data          0x00000000        0x0 /opt/devkitpro/devkitARM/bin/../lib/gcc/arm-none-eabi/14.2.0/thumb/libgcc.a(_divsi3.o)
 .bss           0x00000000        0x0 /opt/devkitpro/devkitARM/bin/../lib/gcc/arm-none-eabi/14.2.0/thumb/libgcc.a(_divsi3.o)
 .data          0x00000000        0x0 /opt/devkitpro/devkitARM/bin/../lib/gcc/arm-none-eabi/14.2.0/thumb/libgcc.a(_dvmd_tls.o)
 .bss           0x00000000        0x0 /opt/devkitpro/devkitARM/bin/../lib/gcc/arm-none-eabi/14.2.0/thumb/libgcc.a(_dvmd_tls.o)
 .data          0x00000000        0x0 /opt/devkitpro/devkitARM/bin/../lib/gcc/arm-none-eabi/14.2.0/thumb/libgcc.a(_arm_addsubdf3.o)
 .bss           0x00000000        0x0 /opt/devkitpro/devkitARM/bin/../lib/gcc/arm-none-eabi/14.2.0/thumb/libgcc.a(_arm_addsubdf3.o)
 .data          0x00000000        0x0 /opt/devkitpro/devkitARM/bin/../lib/gcc/arm-none-eabi/14.2.0/thumb/libgcc.a(_arm_cmpdf2.o)
 .bss           0x00000000        0x0 /opt/devkitpro/devkitARM/bin/../lib/gcc/arm-none-eabi/14.2.0/thumb/libgcc.a(_arm_cmpdf2.o)
 .data          0x00000000        0x0 /opt/devkitpro/devkitARM/bin/../lib/gcc/arm-none-eabi/14.2.0/thumb/libgcc.a(_arm_addsubsf3.o)
 .bss           0x00000000        0x0 /opt/devkitpro/devkitARM/bin/../lib/gcc/arm-none-eabi/14.2.0/thumb/libgcc.a(_arm_addsubsf3.o)
 .data          0x00000000        0x0 /opt/devkitpro/devkitARM/bin/../lib/gcc/arm-none-eabi/14.2.0/thumb/libgcc.a(_arm_muldivsf3.o)
 .bss           0x00000000        0x0 /opt/devkitpro/devkitARM/bin/../lib/gcc/arm-none-eabi/14.2.0/thumb/libgcc.a(_arm_muldivsf3.o)
 .data          0x00000000        0x0 /opt/devkitpro/devkitARM/bin/../lib/gcc/arm-none-eabi/14.2.0/thumb/libgcc.a(_arm_cmpsf2.o)
 .bss           0x00000000        0x0 /opt/devkitpro/devkitARM/bin/../lib/gcc/arm-none-eabi/14.2.0/thumb/libgcc.a(_arm_cmpsf2.o)
 .data          0x00000000        0x0 /opt/devkitpro/devkitARM/bin/../lib/gcc/arm-none-eabi/14.2.0/thumb/libgcc.a(_arm_fixsfsi.o)
 .bss           0x00000000        0x0 /opt/devkitpro/devkitARM/bin/../lib/gcc/arm-none-eabi/14.2.0/thumb/libgcc.a(_arm_fixsfsi.o)
 .data          0x00000000        0x0 /opt/devkitpro/devkitARM/bin/../lib/gcc/arm-none-eabi/14.2.0/thumb/libgcc.a(_arm_fixunssfsi.o)
 .bss           0x00000000        0x0 /opt/devkitpro/devkitARM/bin/../lib/gcc/arm-none-eabi/14.2.0/thumb/libgcc.a(_arm_fixunssfsi.o)
 .text          0x00000000        0x4 /opt/devkitpro/devkitARM/bin/../lib/gcc/arm-none-eabi/14.2.0/thumb/libgcc.a(_sync_none.o)
 .data          0x00000000        0x0 /opt/devkitpro/devkitARM/bin/../lib/gcc/arm-none-eabi/14.2.0/thumb/libgcc.a(_sync_none.o)
 .bss           0x00000000        0x0 /opt/devkitpro/devkitARM/bin/../lib/gcc/arm-none-eabi/14.2.0/thumb/libgcc.a(_sync_none.o)
 .text          0x00000000        0x0 /opt/devkitpro/devkitARM/bin/../lib/gcc/arm-none-eabi/14.2.0/../../../../arm-none-eabi/lib/thumb/libg.a(libc_a-init.o)
 .data          0x00000000        0x0 /opt/devkitpro/devkitARM/bin/../lib/gcc/arm-none-eabi/14.2.0/../../../../arm-none-eabi/lib/thumb/libg.a(libc_a-init.o)
 .bss           0x00000000        0x0 /opt/devkitpro/devkitARM/bin/../lib/gcc/arm-none-eabi/14.2.0/../../../../arm-none-eabi/lib/thumb/libg.a(libc_a-init.o)
 .text          0x00000000        0x0 /opt/devkitpro/devkitARM/bin/../lib/gcc/arm-none-eabi/14.2.0/../../../../arm-none-eabi/lib/thumb/libsysbase.a(libsysbase_libsysbase_a-malloc_vars.o)
 .data          0x00000000        0x0 /opt/devkitpro/devkitARM/bin/../lib/gcc/arm-none-eabi/14.2.0/../../../../arm-none-eabi/lib/thumb/libsysbase.a(libsysbase_libsysbase_a-malloc_vars.o)
 .bss           0x00000000        0x0 /opt/devkitpro/devkitARM/bin/../lib/gcc/arm-none-eabi/14.2.0/../../../../arm-none-eabi/lib/thumb/libsysbase.a(libsysbase_libsysbase_a-malloc_vars.o)
 .bss.fake_heap_start
                0x00000000        0x4 /opt/devkitpro/devkitARM/bin/../lib/gcc/arm-none-eabi/14.2.0/../../../../arm-none-eabi/lib/thumb/libsysbase.a(libsysbase_libsysbase_a-malloc_vars.o)
 .text          0x00000000        0x0 /opt/devkitpro/devkitARM/bin/../lib/gcc/arm-none-eabi/14.2.0/thumb/crtend.o
 .data          0x00000000        0x0 /opt/devkitpro/devkitARM/bin/../lib/gcc/arm-none-eabi/14.2.0/thumb/crtend.o
 .bss           0x00000000        0x0 /opt/devkitpro/devkitARM/bin/../lib/gcc/arm-none-eabi/14.2.0/thumb/crtend.o
 .rodata.all_implied_fbits
                0x00000000       0x24 /opt/devkitpro/devkitARM/bin/../lib/gcc/arm-none-eabi/14.2.0/thumb/crtend.o
 .text          0x00000000        0x0 /opt/devkitpro/devkitARM/bin/../lib/gcc/arm-none-eabi/14.2.0/thumb/crtn.o
 .data          0x00000000        0x0 /opt/devkitpro/devkitARM/bin/../lib/gcc/arm-none-eabi/14.2.0/thumb/crtn.o
 .bss           0x00000000        0x0 /opt/devkitpro/devkitARM/bin/../lib/gcc/arm-none-eabi/14.2.0/thumb/crtn.o

Memory Configuration

Name             Origin             Length             Attributes
rom              0x08000000         0x02000000
iwram            0x03000000         0x00008000
ewram            0x02000000         0x00040000
*default*        0x00000000         0xffffffff

Linker script and memory map

                0x00000000                        __sync_synchronize = __sync_synchronize_none
                0x08000000                        __text_start = ORIGIN (rom)
                0x02040000                        __eheap_end = (ORIGIN (ewram) + LENGTH (ewram))
                0x03000000                        __iwram_start = ORIGIN (iwram)
                0x03008000                        __iwram_top = (ORIGIN (iwram) + LENGTH (iwram))
                0x03007fa0                        __sp_irq = (__iwram_top - 0x60)
                0x03007f00                        __sp_usr = (__sp_irq - 0xa0)
                0x03007ff8                        __irq_flags = 0x3007ff8
                0x08000000                        . = __text_start

.crt0           0x08000000      0x210
 *(.crt0)
 .crt0          0x08000000      0x210 /opt/devkitpro/devkitARM/bin/../lib/gcc/arm-none-eabi/14.2.0/../../../../arm-none-eabi/lib/thumb/gba_crt0.o
                0x08000000                _start
                0x080000c4                __boot_method
                0x080000c5                __slave_number
                0x080000e0                start_vector
                0x08000210                        . = ALIGN (0x4)

.init           0x08000210        0xc
 *(SORT_NONE(.init))
 .init          0x08000210        0x4 /opt/devkitpro/devkitARM/bin/../lib/gcc/arm-none-eabi/14.2.0/thumb/crti.o
                0x08000210                _init
 .init          0x08000214        0x8 /opt/devkitpro/devkitARM/bin/../lib/gcc/arm-none-eabi/14.2.0/thumb/crtn.o

.plt            0x0800021c        0x0
 *(.plt)
                0x0800021c                        . = ALIGN (0x4)

.text           0x08000220     0x5b48
 *(EXCLUDE_FILE(*.iwram*) .text*)
 .text.__do_global_dtors_aux
                0x08000220       0x2c /opt/devkitpro/devkitARM/bin/../lib/gcc/arm-none-eabi/14.2.0/thumb/crtbegin.o
 .text.frame_dummy
                0x0800024c       0x24 /opt/devkitpro/devkitARM/bin/../lib/gcc/arm-none-eabi/14.2.0/thumb/crtbegin.o
 .text          0x08000270       0x68 coregba.o
                0x08000270                get_core
                0x08000290                get_callback
                0x080002b4                get_engine
 .text          0x080002d8      0x1d0 coreutil_memory.o
                0x080002d8                xmemcpy
                0x08000334                xmemset
                0x08000378                xalloc
                0x08000450                xfree
 .text          0x080004a8      0x170 coreutil_rand.o
                0x080004c8                xsrand
                0x08000534                xrand
                0x080005b0                xrandint
 .text          0x08000618      0xe6c coreutil_string.o
                0x08000618                fnv1a_hash
                0x080006b4                xstrcmp
                0x0800073c                xstrlen
                0x08000790                xstrcpy
                0x080007f0                xstrcat
                0x08000844                xstrrchr
                0x080008e8                xstrchr
                0x0800096c                xstrncpy
                0x08000a3c                xstrstr
                0x08000b7c                xstrdup
                0x08000c24                xstrtrim
                0x08000f40                xitoa
                0x08001154                _split
                0x080012b0                xsplit
                0x0800139c                xatoi
 .text          0x08001484      0x224 corekey_code.o
                0x08001484                set_keycode_status
                0x08001534                keycode_pressed
                0x08001598                add_keycode
                0x08001628                init_keyboard
 .text          0x080016a8      0x220 corekey_num.o
                0x080016a8                get_key_num
                0x08001734                keynum_replace
                0x08001784                keynum_execute
                0x08001810                key_pressed
                0x08001868                get_key
 .text          0x080018c8      0x3fc corectx_gcm.o
                0x080018c8                get_gcm
                0x080018ec                gcm_setflip
                0x080019f4                gcm_get_active_id
                0x08001a18                gcm_get_buffer_size
                0x08001a3c                gcm_get_active_buffer
                0x08001a60                gcm_get_draw_buffer
                0x08001aac                gcm_get_front_buffer
                0x08001ad0                gcm_get_back_buffer
                0x08001af4                gcm_init_body
                0x08001b98                gcm_prepare_flip
                0x08001bd4                gcm_clear_active_buffer
                0x08001c20                gcm_clear_draw_buffer
                0x08001c90                gcm_set_clear_color
 .text          0x08001cc4      0x1a8 corectx_virtual.o
                0x08001cc4                get_virtual
                0x08001e38                boot_virtual
 .text          0x08001e6c      0xd40 coregfx_color.o
                0x08001e6c                rgb_to_15bit
                0x08001f14                rgb15_to_rgb
                0x08002074                get_stab_color
                0x08002144                get_color_index
                0x080021dc                replace_color
                0x08002278                register_color
                0x08002344                get_color_at
                0x080023b4                build_all_colors
                0x08002aa0                fast_find_color
 .text          0x08002bac      0x28c coregfx_text.o
                0x08002bac                r_glyph_width
                0x08002c34                r_glyph_height
                0x08002c50                r_textwidth
 .text          0x08002e38      0x490 coretask_irq.o
                0x080031bc                irq_callback
                0x08003294                run_task_irq
 .text          0x080032c8      0x12c coretask_rendering.o
                0x080032c8                run_task_rendering
 *fill*         0x080033f4        0x4 ff
 .text          0x080033f8      0x1d8 coretask_run.o
                0x0800349c                run_tasks
 .text          0x080035d0      0x264 coresys_clock.o
                0x080035d0                clock_init
                0x08003628                clock
                0x0800368c                clock_waittime
                0x08003708                get_fps
                0x08003784                sleep
 .text          0x08003834      0x4a8 coresys_cpu.o
                0x08003834                CpuFill32
                0x08003880                CpuFill16
                0x080038d0                CpuFastFill
                0x0800391c                CpuFill
                0x08003aa0                CpuCopy32
                0x08003aec                CpuCopy16
                0x08003b34                CpuFastCopy
                0x08003b7c                CpuCopy
 .text          0x08003cdc      0x9e4 coresys_malloc.o
                0x08003f10                mx_malloc
                0x08004184                mx_free
                0x080043d4                mx_realloc
                0x080044c8                mx_calloc
                0x080045c8                mmap_get_total_mem
                0x080045e4                mmap_get_used_mem
                0x0800460c                mmap_get_free_mem
                0x08004630                mmap_get_total_sector
                0x0800464c                mmap_get_used_sector
                0x08004670                mmap_get_free_sector
                0x080046a0                mmap_get_reserved_size
 .text          0x080046c0      0x2d4 main-test.o
                0x080046c0                up_timescale
                0x08004740                down_timescale
                0x080047c0                task_key_init
                0x08004880                task_scripts
                0x08004898                task_rendering
                0x080048f8                task_irq
                0x08004910                main
 .text          0x08004994        0x8 /opt/devkitpro/libgba/lib/libgba.a(CpuSet.o)
                0x08004994                CpuSet
                0x08004998                CpuFastSet
 .text          0x0800499c      0x3c4 /opt/devkitpro/libgba/lib/libgba.a(interrupt.o)
                0x0800499c                dummy
                0x080049a0                InitInterrupt
                0x080049fc                irqInit
                0x08004a58                SetInterrupt
                0x08004b40                irqSet
                0x08004c28                EnableInterrupt
                0x08004c74                irqEnable
                0x08004cc8                DisableInterrupt
                0x08004d14                irqDisable
 .text          0x08004d60      0x11c /opt/devkitpro/devkitARM/bin/../lib/gcc/arm-none-eabi/14.2.0/thumb/libgcc.a(_udivsi3.o)
                0x08004d60                __udivsi3
                0x08004d60                __aeabi_uidiv
                0x08004e5c                __aeabi_uidivmod
 .text          0x08004e7c      0x150 /opt/devkitpro/devkitARM/bin/../lib/gcc/arm-none-eabi/14.2.0/thumb/libgcc.a(_divsi3.o)
                0x08004e7c                __aeabi_idiv
                0x08004e7c                __divsi3
                0x08004fac                __aeabi_idivmod
 .text          0x08004fcc        0x4 /opt/devkitpro/devkitARM/bin/../lib/gcc/arm-none-eabi/14.2.0/thumb/libgcc.a(_dvmd_tls.o)
                0x08004fcc                __aeabi_ldiv0
                0x08004fcc                __aeabi_idiv0
 .text          0x08004fd0      0x424 /opt/devkitpro/devkitARM/bin/../lib/gcc/arm-none-eabi/14.2.0/thumb/libgcc.a(_arm_addsubdf3.o)
                0x08004fd0                __aeabi_drsub
                0x08004fd8                __aeabi_dsub
                0x08004fd8                __subdf3
                0x08004fdc                __adddf3
                0x08004fdc                __aeabi_dadd
                0x080052ec                __aeabi_ui2d
                0x080052ec                __floatunsidf
                0x08005310                __floatsidf
                0x08005310                __aeabi_i2d
                0x08005338                __extendsfdf2
                0x08005338                __aeabi_f2d
                0x08005380                __aeabi_ul2d
                0x08005380                __floatundidf
                0x08005394                __floatdidf
                0x08005394                __aeabi_l2d
 .text          0x080053f4      0x144 /opt/devkitpro/devkitARM/bin/../lib/gcc/arm-none-eabi/14.2.0/thumb/libgcc.a(_arm_cmpdf2.o)
                0x080053f4                __gtdf2
                0x080053f4                __gedf2
                0x080053fc                __ltdf2
                0x080053fc                __ledf2
                0x08005404                __cmpdf2
                0x08005404                __eqdf2
                0x08005404                __nedf2
                0x0800548c                __aeabi_cdrcmple
                0x080054a8                __aeabi_cdcmple
                0x080054a8                __aeabi_cdcmpeq
                0x080054c0                __aeabi_dcmpeq
                0x080054d8                __aeabi_dcmplt
                0x080054f0                __aeabi_dcmple
                0x08005508                __aeabi_dcmpge
                0x08005520                __aeabi_dcmpgt
 .text          0x08005538      0x2ac /opt/devkitpro/devkitARM/bin/../lib/gcc/arm-none-eabi/14.2.0/thumb/libgcc.a(_arm_addsubsf3.o)
                0x08005538                __aeabi_frsub
                0x08005540                __subsf3
                0x08005540                __aeabi_fsub
                0x08005544                __aeabi_fadd
                0x08005544                __addsf3
                0x08005700                __aeabi_ui2f
                0x08005700                __floatunsisf
                0x08005708                __aeabi_i2f
                0x08005708                __floatsisf
                0x08005728                __floatundisf
                0x08005728                __aeabi_ul2f
                0x08005738                __floatdisf
                0x08005738                __aeabi_l2f
 .text          0x080057e4      0x2f8 /opt/devkitpro/devkitARM/bin/../lib/gcc/arm-none-eabi/14.2.0/thumb/libgcc.a(_arm_muldivsf3.o)
                0x080057e4                __mulsf3
                0x080057e4                __aeabi_fmul
                0x0800597c                __divsf3
                0x0800597c                __aeabi_fdiv
 .text          0x08005adc      0x114 /opt/devkitpro/devkitARM/bin/../lib/gcc/arm-none-eabi/14.2.0/thumb/libgcc.a(_arm_cmpsf2.o)
                0x08005adc                __gtsf2
                0x08005adc                __gesf2
                0x08005ae4                __lesf2
                0x08005ae4                __ltsf2
                0x08005aec                __nesf2
                0x08005aec                __eqsf2
                0x08005aec                __cmpsf2
                0x08005b50                __aeabi_cfrcmple
                0x08005b60                __aeabi_cfcmple
                0x08005b60                __aeabi_cfcmpeq
                0x08005b78                __aeabi_fcmpeq
                0x08005b90                __aeabi_fcmplt
                0x08005ba8                __aeabi_fcmple
                0x08005bc0                __aeabi_fcmpge
                0x08005bd8                __aeabi_fcmpgt
 .text          0x08005bf0       0x5c /opt/devkitpro/devkitARM/bin/../lib/gcc/arm-none-eabi/14.2.0/thumb/libgcc.a(_arm_fixsfsi.o)
                0x08005bf0                __fixsfsi
                0x08005bf0                __aeabi_f2iz
 .text          0x08005c4c       0x54 /opt/devkitpro/devkitARM/bin/../lib/gcc/arm-none-eabi/14.2.0/thumb/libgcc.a(_arm_fixunssfsi.o)
                0x08005c4c                __aeabi_f2uiz
                0x08005c4c                __fixunssfsi
 .text.__libc_init_array
                0x08005ca0       0x54 /opt/devkitpro/devkitARM/bin/../lib/gcc/arm-none-eabi/14.2.0/../../../../arm-none-eabi/lib/thumb/libg.a(libc_a-init.o)
                0x08005ca0                __libc_init_array
 *fill*         0x08005cf4        0x4 ff
 .text.__libc_init_array.__stub
                0x08005cf8       0x58 linker stubs
 *(.gnu.linkonce.t.*)
 *(.text.*personality*)
 *(.gnu.warning)
 *(.glue_7t)
 .glue_7t       0x08005d68        0x0 linker stubs
 *(.glue_7)
 .glue_7        0x08005d68        0x0 linker stubs
 *(.vfp11_veneer)
 .vfp11_veneer  0x08005d68        0x0 linker stubs
                0x08005d68                        . = ALIGN (0x4)
                0x08005d68                        __text_end = .

.v4_bx          0x08005d68        0x0
 .v4_bx         0x08005d68        0x0 linker stubs

.iplt           0x08005d68        0x0
 .iplt          0x08005d68        0x0 /opt/devkitpro/devkitARM/bin/../lib/gcc/arm-none-eabi/14.2.0/../../../../arm-none-eabi/lib/thumb/gba_crt0.o

.fini           0x08005d68        0xc
 *(.fini)
 .fini          0x08005d68        0x4 /opt/devkitpro/devkitARM/bin/../lib/gcc/arm-none-eabi/14.2.0/thumb/crti.o
                0x08005d68                _fini
 .fini          0x08005d6c        0x8 /opt/devkitpro/devkitARM/bin/../lib/gcc/arm-none-eabi/14.2.0/thumb/crtn.o
                0x08005d74                        . = ALIGN (0x4)

.rodata         0x08005d74       0x40
 *(.rodata)
 .rodata        0x08005d74        0xc coreutil_string.o
 .rodata        0x08005d80       0x34 coregfx_text.o
 *all.rodata*(*)
 *(.roda)
 *(.rodata.*)
 *(.gnu.linkonce.r*)
                0x08005db4                        . = ALIGN (0x4)

.ARM.extab
 *(.ARM.extab* .gnu.linkonce.armextab.*)
                0x08005db4                        __exidx_start = .

.ARM.exidx
 *(.ARM.exidx* .gnu.linkonce.armexidx.*)
                0x08005db4                        __exidx_end = .

.ctors          0x08005db4        0x0
 *crtbegin.o(.ctors)
 *(EXCLUDE_FILE(*crtend.o) .ctors)
 *(SORT_BY_NAME(.ctors.*))
 *(.ctors)
                0x08005db4                        . = ALIGN (0x4)

.dtors          0x08005db4        0x0
 *crtbegin.o(.dtors)
 *(EXCLUDE_FILE(*crtend.o) .dtors)
 *(SORT_BY_NAME(.dtors.*))
 *(.dtors)
                0x08005db4                        . = ALIGN (0x4)

.eh_frame       0x08005db4        0x4
 *(.eh_frame)
 .eh_frame      0x08005db4        0x0 /opt/devkitpro/devkitARM/bin/../lib/gcc/arm-none-eabi/14.2.0/thumb/crtbegin.o
 .eh_frame      0x08005db4        0x4 /opt/devkitpro/devkitARM/bin/../lib/gcc/arm-none-eabi/14.2.0/thumb/crtend.o
                0x08005db8                        . = ALIGN (0x4)

.gcc_except_table
                0x08005db8        0x0
 *(.gcc_except_table)
                0x08005db8                        . = ALIGN (0x4)
                0x08005db8                        __iwram_lma = .

.iwram          0x03000000      0x960 load address 0x08005db8
                0x03000000                        __iwram_start__ = ABSOLUTE (.)
 *(.iwram .iwram*)
 .iwram         0x03000000      0x568 coregfx_basics.o
                0x03000000                draw_image
                0x030002c8                print_img
 .iwram         0x03000568      0x314 coregfx_text.o
                0x03000568                draw_text
 .iwram         0x0300087c       0xb8 /opt/devkitpro/libgba/lib/libgba.a(InterruptDispatcher.o)
                0x0300087c                IntrMain
 *fill*         0x03000934        0x4 ff
 .iwram.__stub  0x03000938       0x28 linker stubs
 *iwram.*(.text* .data*)
                0x03000960                        . = ALIGN (0x4)
                0x03000960                        __iwram_end__ = ABSOLUTE (.)
                0x08006718                        __data_lma = (__iwram_lma + SIZEOF (.iwram))

.bss            0x03000960      0x168
                0x03000960                        __bss_start = ABSOLUTE (.)
                0x03000960                        __bss_start__ = ABSOLUTE (.)
 *(.dynbss)
 *(.gnu.linkonce.b*)
 *(.bss*)
 .bss.completed.1
                0x03000960        0x1 /opt/devkitpro/devkitARM/bin/../lib/gcc/arm-none-eabi/14.2.0/thumb/crtbegin.o
 *fill*         0x03000961        0x3 
 .bss.object.0  0x03000964       0x18 /opt/devkitpro/devkitARM/bin/../lib/gcc/arm-none-eabi/14.2.0/thumb/crtbegin.o
 .bss           0x0300097c       0xb8 coregba.o
 .bss           0x03000a34        0x4 coreutil_rand.o
 .bss           0x03000a38        0x2 coregfx_color.o
 *fill*         0x03000a3a        0x2 
 .bss           0x03000a3c        0x8 coretask_irq.o
 .bss           0x03000a44        0x4 coretask_rendering.o
 .bss           0x03000a48        0x4 coresys_malloc.o
 .bss           0x03000a4c       0x78 /opt/devkitpro/libgba/lib/libgba.a(interrupt.o)
                0x03000a4c                IntrTable
 .bss.fake_heap_end
                0x03000ac4        0x4 /opt/devkitpro/devkitARM/bin/../lib/gcc/arm-none-eabi/14.2.0/../../../../arm-none-eabi/lib/thumb/libsysbase.a(libsysbase_libsysbase_a-malloc_vars.o)
                0x03000ac4                fake_heap_end
 *(COMMON)
                0x03000ac8                        . = ALIGN (0x4)
                0x03000ac8                        __bss_end__ = ABSOLUTE (.)

.data           0x03000ac8     0x122c load address 0x08006718
                0x03000ac8                        __data_start__ = ABSOLUTE (.)
 *(.data*)
 .data          0x03000ac8      0x364 coregfx_glyphs.o
                0x03000ac8                font_basic
                0x03000dc0                font_basic_width
                0x03000e20                font_button_width
 .data          0x03000e2c      0xec8 coregfx_img.o
                0x03000e2c                img_button_a
                0x03000eac                img_button_b
                0x03000f2c                img_dpad_up
                0x03000fac                img_dpad_down
                0x0300102c                img_dpad_right
                0x030010ac                img_dpad_left
                0x0300112c                img_dpad_left_right
                0x030011ac                img_dpad_up_down
                0x0300122c                img_dpad_none
                0x030012ac                img_button_L
                0x030013ac                img_button_R
                0x030014ac                img_button_start
                0x0300162c                img_button_select
                0x030017ac                img_color_picker_bkg
 *(.gnu.linkonce.d*)
                0x03001cf4                        . = ALIGN (0x4)
                0x08007944                        __preinit_lma = (__data_lma + SIZEOF (.data))

.igot.plt       0x03001cf4        0x0 load address 0x08007944
 .igot.plt      0x03001cf4        0x0 /opt/devkitpro/devkitARM/bin/../lib/gcc/arm-none-eabi/14.2.0/../../../../arm-none-eabi/lib/thumb/gba_crt0.o

.preinit_array  0x03001cf4        0x0 load address 0x08007944
                0x03001cf4                        __preinit_array_start = ABSOLUTE (.)
 *(.preinit_array)
                0x03001cf4                        __preinit_array_end = ABSOLUTE (.)
                0x08007944                        __init_lma = (__preinit_lma + SIZEOF (.preinit_array))

.init_array     0x03001cf4        0x4 load address 0x08007944
                0x03001cf4                        __init_array_start = ABSOLUTE (.)
 *(SORT_BY_NAME(.init_array.*))
 *(.init_array)
 .init_array    0x03001cf4        0x4 /opt/devkitpro/devkitARM/bin/../lib/gcc/arm-none-eabi/14.2.0/thumb/crtbegin.o
                0x03001cf8                        __init_array_end = ABSOLUTE (.)
                0x08007948                        __fini_lma = (__init_lma + SIZEOF (.init_array))

.fini_array     0x03001cf8        0x4 load address 0x08007948
                0x03001cf8                        __fini_array_start = ABSOLUTE (.)
 *(SORT_BY_NAME(.fini_array.*))
 *(.fini_array)
 .fini_array    0x03001cf8        0x4 /opt/devkitpro/devkitARM/bin/../lib/gcc/arm-none-eabi/14.2.0/thumb/crtbegin.o
                0x03001cfc                        __fini_array_end = ABSOLUTE (.)
                0x0800794c                        __jcr_lma = (__fini_lma + SIZEOF (.fini_array))

.jcr
 *(.jcr)
                0x03001cfc                        __data_end__ = ABSOLUTE (.)
                0x0800794c                        __iwram_overlay_lma = (__jcr_lma + SIZEOF (.jcr))
                0x03001cfc                        __iwram_overlay_start = .

.iwram0         0x03001cfc        0x0 load address 0x0800794c
 *(.iwram0)
                0x03001cfc                        . = ALIGN (0x4)
                0x0800794c                        PROVIDE (__load_start_iwram0 = LOADADDR (.iwram0))
                0x0800794c                        PROVIDE (__load_stop_iwram0 = (LOADADDR (.iwram0) + SIZEOF (.iwram0)))

.iwram1         0x03001cfc        0x0
 *(.iwram1)
                0x03001cfc                        . = ALIGN (0x4)
                [!provide]                        PROVIDE (__load_start_iwram1 = LOADADDR (.iwram1))
                [!provide]                        PROVIDE (__load_stop_iwram1 = (LOADADDR (.iwram1) + SIZEOF (.iwram1)))

.iwram2         0x03001cfc        0x0
 *(.iwram2)
                0x03001cfc                        . = ALIGN (0x4)
                [!provide]                        PROVIDE (__load_start_iwram2 = LOADADDR (.iwram2))
                [!provide]                        PROVIDE (__load_stop_iwram2 = (LOADADDR (.iwram2) + SIZEOF (.iwram2)))

.iwram3         0x03001cfc        0x0
 *(.iwram3)
                0x03001cfc                        . = ALIGN (0x4)
                [!provide]                        PROVIDE (__load_start_iwram3 = LOADADDR (.iwram3))
                [!provide]                        PROVIDE (__load_stop_iwram3 = (LOADADDR (.iwram3) + SIZEOF (.iwram3)))

.iwram4         0x03001cfc        0x0
 *(.iwram4)
                0x03001cfc                        . = ALIGN (0x4)
                [!provide]                        PROVIDE (__load_start_iwram4 = LOADADDR (.iwram4))
                [!provide]                        PROVIDE (__load_stop_iwram4 = (LOADADDR (.iwram4) + SIZEOF (.iwram4)))

.iwram5         0x03001cfc        0x0
 *(.iwram5)
                0x03001cfc                        . = ALIGN (0x4)
                [!provide]                        PROVIDE (__load_start_iwram5 = LOADADDR (.iwram5))
                [!provide]                        PROVIDE (__load_stop_iwram5 = (LOADADDR (.iwram5) + SIZEOF (.iwram5)))

.iwram6         0x03001cfc        0x0
 *(.iwram6)
                0x03001cfc                        . = ALIGN (0x4)
                [!provide]                        PROVIDE (__load_start_iwram6 = LOADADDR (.iwram6))
                [!provide]                        PROVIDE (__load_stop_iwram6 = (LOADADDR (.iwram6) + SIZEOF (.iwram6)))

.iwram7         0x03001cfc        0x0
 *(.iwram7)
                0x03001cfc                        . = ALIGN (0x4)
                [!provide]                        PROVIDE (__load_start_iwram7 = LOADADDR (.iwram7))
                [!provide]                        PROVIDE (__load_stop_iwram7 = (LOADADDR (.iwram7) + SIZEOF (.iwram7)))

.iwram8         0x03001cfc        0x0
 *(.iwram8)
                0x03001cfc                        . = ALIGN (0x4)
                [!provide]                        PROVIDE (__load_start_iwram8 = LOADADDR (.iwram8))
                [!provide]                        PROVIDE (__load_stop_iwram8 = (LOADADDR (.iwram8) + SIZEOF (.iwram8)))

.iwram9         0x03001cfc        0x0
 *(.iwram9)
                0x03001cfc                        . = ALIGN (0x4)
                [!provide]                        PROVIDE (__load_start_iwram9 = LOADADDR (.iwram9))
                [!provide]                        PROVIDE (__load_stop_iwram9 = (LOADADDR (.iwram9) + SIZEOF (.iwram9)))
                0x03001cfc                        __iwram_overlay_end = .
                0x0800794c                        __ewram_lma = (__iwram_overlay_lma + (__iwram_overlay_end - __iwram_overlay_start))
                0x03001cfc                        __iheap_start = .
                0x02000000                        __ewram_start = ORIGIN (ewram)

.ewram          0x02000000    0x10810 load address 0x0800794c
 *(.ewram*)
 .ewram         0x02000000    0x10810 coresys_malloc.o
                0x02000000                _mem_heap
                0x02010000                _sectors
                0x02010800                _mmap
                0x02010810                        . = ALIGN (0x4)
                0x02010810                        __ewram_end = ABSOLUTE (.)
                0x0801815c                        __pad_lma = (__ewram_lma + SIZEOF (.ewram))

.sbss           0x02010810        0x0
                0x02010810                        __sbss_start__ = ABSOLUTE (.)
 *(.sbss*)
                0x02010810                        . = ALIGN (0x4)
                0x02010810                        __sbss_end__ = ABSOLUTE (.)
                0x02010810                        __end__ = ABSOLUTE (.)
                0x02010810                        __eheap_start = ABSOLUTE (.)

.pad            0x02010810        0x8 load address 0x0801815c
                0x02010810        0x4 LONG 0x52416b64
                0x02010814        0x4 LONG 0x4d
                0x02010818                        . = ALIGN (0x4)
                0x08018164                        __rom_end__ = (__pad_lma + SIZEOF (.pad))

.rel.dyn        0x02010818        0x0 load address 0x08018164
 .rel.iplt      0x02010818        0x0 /opt/devkitpro/devkitARM/bin/../lib/gcc/arm-none-eabi/14.2.0/../../../../arm-none-eabi/lib/thumb/gba_crt0.o

.stab
 *(.stab)

.stabstr
 *(.stabstr)

.stab.excl
 *(.stab.excl)

.stab.exclstr
 *(.stab.exclstr)

.stab.index
 *(.stab.index)

.stab.indexstr
 *(.stab.indexstr)

.comment        0x00000000       0x46
 *(.comment)
 .comment       0x00000000       0x46 /opt/devkitpro/devkitARM/bin/../lib/gcc/arm-none-eabi/14.2.0/thumb/crtbegin.o
                                 0x24 (size before relaxing)
 .comment       0x00000046       0x24 coregba.o
 .comment       0x00000046       0x24 coreutil_memory.o
 .comment       0x00000046       0x24 coreutil_rand.o
 .comment       0x00000046       0x24 coreutil_string.o
 .comment       0x00000046       0x24 corekey_code.o
 .comment       0x00000046       0x24 corekey_num.o
 .comment       0x00000046       0x24 corectx_gcm.o
 .comment       0x00000046       0x24 corectx_virtual.o
 .comment       0x00000046       0x24 coregfx_basics.o
 .comment       0x00000046       0x24 coregfx_color.o
 .comment       0x00000046       0x24 coregfx_glyphs.o
 .comment       0x00000046       0x24 coregfx_img.o
 .comment       0x00000046       0x24 coregfx_text.o
 .comment       0x00000046       0x24 coretask_irq.o
 .comment       0x00000046       0x24 coretask_rendering.o
 .comment       0x00000046       0x24 coretask_run.o
 .comment       0x00000046       0x24 coresys_clock.o
 .comment       0x00000046       0x24 coresys_cpu.o
 .comment       0x00000046       0x24 coresys_malloc.o
 .comment       0x00000046       0x24 main-test.o
 .comment       0x00000046       0x24 /opt/devkitpro/libgba/lib/libgba.a(CpuSet.o)
 .comment       0x00000046       0x24 /opt/devkitpro/libgba/lib/libgba.a(interrupt.o)
 .comment       0x00000046       0x24 /opt/devkitpro/devkitARM/bin/../lib/gcc/arm-none-eabi/14.2.0/../../../../arm-none-eabi/lib/thumb/libg.a(libc_a-init.o)
 .comment       0x00000046       0x24 /opt/devkitpro/devkitARM/bin/../lib/gcc/arm-none-eabi/14.2.0/../../../../arm-none-eabi/lib/thumb/libsysbase.a(libsysbase_libsysbase_a-malloc_vars.o)
 .comment       0x00000046       0x24 /opt/devkitpro/devkitARM/bin/../lib/gcc/arm-none-eabi/14.2.0/thumb/crtend.o

.debug
 *(.debug)

.line
 *(.line)

.debug_srcinfo
 *(.debug_srcinfo)

.debug_sfnames
 *(.debug_sfnames)

.debug_aranges  0x00000000       0x60
 *(.debug_aranges)
 .debug_aranges
                0x00000000       0x20 /opt/devkitpro/libgba/lib/libgba.a(CpuSet.o)
 .debug_aranges
                0x00000020       0x20 /opt/devkitpro/libgba/lib/libgba.a(interrupt.o)
 .debug_aranges
                0x00000040       0x20 /opt/devkitpro/libgba/lib/libgba.a(InterruptDispatcher.o)

.debug_pubnames
 *(.debug_pubnames)

.debug_info     0x00000000      0x573
 *(.debug_info)
 .debug_info    0x00000000      0x136 /opt/devkitpro/libgba/lib/libgba.a(CpuSet.o)
 .debug_info    0x00000136      0x418 /opt/devkitpro/libgba/lib/libgba.a(interrupt.o)
 .debug_info    0x0000054e       0x25 /opt/devkitpro/libgba/lib/libgba.a(InterruptDispatcher.o)

.debug_abbrev   0x00000000      0x2d9
 *(.debug_abbrev)
 .debug_abbrev  0x00000000       0xa6 /opt/devkitpro/libgba/lib/libgba.a(CpuSet.o)
 .debug_abbrev  0x000000a6      0x21f /opt/devkitpro/libgba/lib/libgba.a(interrupt.o)
 .debug_abbrev  0x000002c5       0x14 /opt/devkitpro/libgba/lib/libgba.a(InterruptDispatcher.o)

.debug_line     0x00000000      0xb46
 *(.debug_line)
 .debug_line    0x00000000      0x17e /opt/devkitpro/libgba/lib/libgba.a(CpuSet.o)
 .debug_line    0x0000017e      0x950 /opt/devkitpro/libgba/lib/libgba.a(interrupt.o)
 .debug_line    0x00000ace       0x78 /opt/devkitpro/libgba/lib/libgba.a(InterruptDispatcher.o)

.debug_frame    0x00000000       0xe0
 *(.debug_frame)
 .debug_frame   0x00000000       0x30 /opt/devkitpro/libgba/lib/libgba.a(CpuSet.o)
 .debug_frame   0x00000030       0xb0 /opt/devkitpro/libgba/lib/libgba.a(interrupt.o)

.debug_str      0x00000000      0x3d2
 *(.debug_str)
 .debug_str     0x00000000      0x3d2 /opt/devkitpro/libgba/lib/libgba.a(CpuSet.o)
                                0x1a9 (size before relaxing)
 .debug_str     0x000003d2      0x334 /opt/devkitpro/libgba/lib/libgba.a(interrupt.o)
 .debug_str     0x000003d2       0xba /opt/devkitpro/libgba/lib/libgba.a(InterruptDispatcher.o)

.debug_loc
 *(.debug_loc)

.debug_macinfo
 *(.debug_macinfo)

.debug_weaknames
 *(.debug_weaknames)

.debug_funcnames
 *(.debug_funcnames)

.debug_typenames
 *(.debug_typenames)

.debug_varnames
 *(.debug_varnames)

.stack          0x00080000        0x0
                0x00080000                        _stack = .
 *(.stack)

.note.gnu.arm.ident
 *(.note.gnu.arm.ident)

.ARM.attributes
                0x00000000       0x2c
 *(.ARM.attributes)
 .ARM.attributes
                0x00000000       0x20 /opt/devkitpro/devkitARM/bin/../lib/gcc/arm-none-eabi/14.2.0/../../../../arm-none-eabi/lib/thumb/gba_crt0.o
 .ARM.attributes
                0x00000020       0x1c /opt/devkitpro/devkitARM/bin/../lib/gcc/arm-none-eabi/14.2.0/thumb/crti.o
 .ARM.attributes
                0x0000003c       0x2a /opt/devkitpro/devkitARM/bin/../lib/gcc/arm-none-eabi/14.2.0/thumb/crtbegin.o
 .ARM.attributes
                0x00000066       0x2a coregba.o
 .ARM.attributes
                0x00000090       0x2a coreutil_math.o
 .ARM.attributes
                0x000000ba       0x2a coreutil_memory.o
 .ARM.attributes
                0x000000e4       0x2a coreutil_rand.o
 .ARM.attributes
                0x0000010e       0x2a coreutil_string.o
 .ARM.attributes
                0x00000138       0x2a corekey_code.o
 .ARM.attributes
                0x00000162       0x2a corekey_num.o
 .ARM.attributes
                0x0000018c       0x2a corectx_gcm.o
 .ARM.attributes
                0x000001b6       0x2a corectx_virtual.o
 .ARM.attributes
                0x000001e0       0x2a coregfx_basics.o
 .ARM.attributes
                0x0000020a       0x2a coregfx_circle.o
 .ARM.attributes
                0x00000234       0x2a coregfx_color.o
 .ARM.attributes
                0x0000025e       0x2a coregfx_colorpicker.o
 .ARM.attributes
                0x00000288       0x2a coregfx_glyphs.o
 .ARM.attributes
                0x000002b2       0x2a coregfx_img.o
 .ARM.attributes
                0x000002dc       0x2a coregfx_rectangle.o
 .ARM.attributes
                0x00000306       0x2a coregfx_text.o
 .ARM.attributes
                0x00000330       0x2a coretask_irq.o
 .ARM.attributes
                0x0000035a       0x2a coretask_rendering.o
 .ARM.attributes
                0x00000384       0x2a coretask_run.o
 .ARM.attributes
                0x000003ae       0x2a coresys_clock.o
 .ARM.attributes
                0x000003d8       0x2a coresys_cpu.o
 .ARM.attributes
                0x00000402       0x2a coresys_dma.o
 .ARM.attributes
                0x0000042c       0x2a coresys_malloc.o
 .ARM.attributes
                0x00000456       0x2a main-test.o
 .ARM.attributes
                0x00000480       0x2a /opt/devkitpro/libgba/lib/libgba.a(CpuSet.o)
 .ARM.attributes
                0x000004aa       0x2a /opt/devkitpro/libgba/lib/libgba.a(interrupt.o)
 .ARM.attributes
                0x000004d4       0x1a /opt/devkitpro/libgba/lib/libgba.a(InterruptDispatcher.o)
 .ARM.attributes
                0x000004ee       0x1c /opt/devkitpro/devkitARM/bin/../lib/gcc/arm-none-eabi/14.2.0/thumb/libgcc.a(_arm_mulsf3.o)
 .ARM.attributes
                0x0000050a       0x1c /opt/devkitpro/devkitARM/bin/../lib/gcc/arm-none-eabi/14.2.0/thumb/libgcc.a(_udivsi3.o)
 .ARM.attributes
                0x00000526       0x1c /opt/devkitpro/devkitARM/bin/../lib/gcc/arm-none-eabi/14.2.0/thumb/libgcc.a(_divsi3.o)
 .ARM.attributes
                0x00000542       0x1c /opt/devkitpro/devkitARM/bin/../lib/gcc/arm-none-eabi/14.2.0/thumb/libgcc.a(_dvmd_tls.o)
 .ARM.attributes
                0x0000055e       0x1c /opt/devkitpro/devkitARM/bin/../lib/gcc/arm-none-eabi/14.2.0/thumb/libgcc.a(_arm_addsubdf3.o)
 .ARM.attributes
                0x0000057a       0x1c /opt/devkitpro/devkitARM/bin/../lib/gcc/arm-none-eabi/14.2.0/thumb/libgcc.a(_arm_cmpdf2.o)
 .ARM.attributes
                0x00000596       0x1c /opt/devkitpro/devkitARM/bin/../lib/gcc/arm-none-eabi/14.2.0/thumb/libgcc.a(_arm_addsubsf3.o)
 .ARM.attributes
                0x000005b2       0x1c /opt/devkitpro/devkitARM/bin/../lib/gcc/arm-none-eabi/14.2.0/thumb/libgcc.a(_arm_muldivsf3.o)
 .ARM.attributes
                0x000005ce       0x1c /opt/devkitpro/devkitARM/bin/../lib/gcc/arm-none-eabi/14.2.0/thumb/libgcc.a(_arm_cmpsf2.o)
 .ARM.attributes
                0x000005ea       0x1c /opt/devkitpro/devkitARM/bin/../lib/gcc/arm-none-eabi/14.2.0/thumb/libgcc.a(_arm_fixsfsi.o)
 .ARM.attributes
                0x00000606       0x1c /opt/devkitpro/devkitARM/bin/../lib/gcc/arm-none-eabi/14.2.0/thumb/libgcc.a(_arm_fixunssfsi.o)
 .ARM.attributes
                0x00000622       0x1c /opt/devkitpro/devkitARM/bin/../lib/gcc/arm-none-eabi/14.2.0/thumb/libgcc.a(_sync_none.o)
 .ARM.attributes
                0x0000063e       0x2a /opt/devkitpro/devkitARM/bin/../lib/gcc/arm-none-eabi/14.2.0/../../../../arm-none-eabi/lib/thumb/libg.a(libc_a-init.o)
 .ARM.attributes
                0x00000668       0x2a /opt/devkitpro/devkitARM/bin/../lib/gcc/arm-none-eabi/14.2.0/../../../../arm-none-eabi/lib/thumb/libsysbase.a(libsysbase_libsysbase_a-malloc_vars.o)
 .ARM.attributes
                0x00000692       0x2a /opt/devkitpro/devkitARM/bin/../lib/gcc/arm-none-eabi/14.2.0/thumb/crtend.o
 .ARM.attributes
                0x000006bc       0x1c /opt/devkitpro/devkitARM/bin/../lib/gcc/arm-none-eabi/14.2.0/thumb/crtn.o

/DISCARD/
 *(.note.GNU-stack)
LOAD /opt/devkitpro/devkitARM/bin/../lib/gcc/arm-none-eabi/14.2.0/../../../../arm-none-eabi/lib/thumb/gba_crt0.o
LOAD /opt/devkitpro/devkitARM/bin/../lib/gcc/arm-none-eabi/14.2.0/thumb/crti.o
LOAD /opt/devkitpro/devkitARM/bin/../lib/gcc/arm-none-eabi/14.2.0/thumb/crtbegin.o
LOAD coregba.o
LOAD coreutil_math.o
LOAD coreutil_memory.o
LOAD coreutil_rand.o
LOAD coreutil_string.o
LOAD corekey_code.o
LOAD corekey_num.o
LOAD corectx_gcm.o
LOAD corectx_virtual.o
LOAD coregfx_basics.o
LOAD coregfx_circle.o
LOAD coregfx_color.o
LOAD coregfx_colorpicker.o
LOAD coregfx_glyphs.o
LOAD coregfx_img.o
LOAD coregfx_rectangle.o
LOAD coregfx_text.o
LOAD coretask_irq.o
LOAD coretask_rendering.o
LOAD coretask_run.o
LOAD coresys_clock.o
LOAD coresys_cpu.o
LOAD coresys_dma.o
LOAD coresys_malloc.o
LOAD main-test.o
LOAD /opt/devkitpro/libgba/lib/libmm.a
LOAD /opt/devkitpro/libgba/lib/libgba.a
START GROUP
LOAD /opt/devkitpro/devkitARM/bin/../lib/gcc/arm-none-eabi/14.2.0/thumb/libgcc.a
LOAD /opt/devkitpro/devkitARM/bin/../lib/gcc/arm-none-eabi/14.2.0/../../../../arm-none-eabi/lib/thumb/libg.a
LOAD /opt/devkitpro/devkitARM/bin/../lib/gcc/arm-none-eabi/14.2.0/../../../../arm-none-eabi/lib/thumb/libc.a
LOAD /opt/devkitpro/devkitARM/bin/../lib/gcc/arm-none-eabi/14.2.0/../../../../arm-none-eabi/lib/thumb/libsysbase.a
END GROUP
LOAD /opt/devkitpro/devkitARM/bin/../lib/gcc/arm-none-eabi/14.2.0/thumb/crtend.o
LOAD /opt/devkitpro/devkitARM/bin/../lib/gcc/arm-none-eabi/14.2.0/thumb/crtn.o
OUTPUT(/home/lchiva/Bureau/CoreGBA/Mode-5-alpha/base_game/Game_Engine.elf elf32-littlearm)
LOAD linker stubs

.debug_loclists
                0x00000000      0x3ae
 .debug_loclists
                0x00000000       0xba /opt/devkitpro/libgba/lib/libgba.a(CpuSet.o)
 .debug_loclists
                0x000000ba      0x2f4 /opt/devkitpro/libgba/lib/libgba.a(interrupt.o)

.debug_rnglists
                0x00000000       0x56
 .debug_rnglists
                0x00000000       0x13 /opt/devkitpro/libgba/lib/libgba.a(CpuSet.o)
 .debug_rnglists
                0x00000013       0x43 /opt/devkitpro/libgba/lib/libgba.a(interrupt.o)

.debug_line_str
                0x00000000       0xae
 .debug_line_str
                0x00000000       0xae /opt/devkitpro/libgba/lib/libgba.a(InterruptDispatcher.o)
